../Core/Src/main.c:108:5:main	8	static
../Core/Src/main.c:174:6:SystemClock_Config	160	static
../Core/Src/main.c:224:13:MX_ADC1_Init	48	static
../Core/Src/main.c:290:13:MX_DAC1_Init	24	static
../Core/Src/main.c:330:13:MX_TIM2_Init	40	static
../Core/Src/main.c:375:13:MX_USART2_Init	8	static
../Core/Src/main.c:407:13:MX_DMA_Init	16	static
../Core/Src/main.c:425:13:MX_GPIO_Init	16	static
../Core/Src/main.c:435:6:HAL_ADC_ConvCpltCallback	24	static
../Core/Src/main.c:455:6:Error_Handler	4	static,ignoring_inline_asm
