../Core/Src/main.c:143:6:task1ms	4	static
../Core/Src/main.c:146:6:task5ms	4	static
../Core/Src/main.c:149:6:task10ms	80	static
../Core/Src/main.c:255:6:task50ms	4	static
../Core/Src/main.c:258:6:task100ms	16	static
../Core/Src/main.c:271:6:task500ms	8	static
../Core/Src/main.c:279:6:task1000ms	4	static
../Core/Src/main.c:283:6:task2000ms	4	static
../Core/Src/main.c:295:6:task5000ms	4	static
../Core/Src/main.c:298:6:calibration_away_task	8	static
../Core/Src/main.c:324:6:calibration_close_task	8	static
../Core/Src/main.c:357:5:main	16	static
../Core/Src/main.c:480:6:SystemClock_Config	160	static
../Core/Src/main.c:527:13:MX_TIM2_Init	40	static
../Core/Src/main.c:575:13:MX_USART2_UART_Init	8	static
../Core/Src/main.c:610:13:MX_GPIO_Init	40	static
../Core/Src/main.c:637:7:ffnPostAvg_0d05	24	static
../Core/Src/main.c:649:7:ffnPostAvg_0d25	24	static
../Core/Src/main.c:661:7:present_freq	24	static
../Core/Src/main.c:673:10:avg_freq	24	static
../Core/Src/main.c:691:6:Error_Handler	4	static,ignoring_inline_asm
