Archive member included to satisfy reference by file (symbol)

c:/st/stm32cubeide_1.9.0/stm32cubeide/plugins/com.st.stm32cube.ide.mcu.externaltools.gnu-tools-for-stm32.10.3-2021.10.win32_1.0.0.202111181127/tools/bin/../lib/gcc/arm-none-eabi/10.3.1/../../../../arm-none-eabi/lib/thumb/v7e-m+fp/hard\libc_nano.a(lib_a-errno.o)
                              ./Core/Src/syscalls.o (__errno)
c:/st/stm32cubeide_1.9.0/stm32cubeide/plugins/com.st.stm32cube.ide.mcu.externaltools.gnu-tools-for-stm32.10.3-2021.10.win32_1.0.0.202111181127/tools/bin/../lib/gcc/arm-none-eabi/10.3.1/../../../../arm-none-eabi/lib/thumb/v7e-m+fp/hard\libc_nano.a(lib_a-exit.o)
                              c:/st/stm32cubeide_1.9.0/stm32cubeide/plugins/com.st.stm32cube.ide.mcu.externaltools.gnu-tools-for-stm32.10.3-2021.10.win32_1.0.0.202111181127/tools/bin/../lib/gcc/arm-none-eabi/10.3.1/../../../../arm-none-eabi/lib/thumb/v7e-m+fp/hard/crt0.o (exit)
c:/st/stm32cubeide_1.9.0/stm32cubeide/plugins/com.st.stm32cube.ide.mcu.externaltools.gnu-tools-for-stm32.10.3-2021.10.win32_1.0.0.202111181127/tools/bin/../lib/gcc/arm-none-eabi/10.3.1/../../../../arm-none-eabi/lib/thumb/v7e-m+fp/hard\libc_nano.a(lib_a-impure.o)
                              c:/st/stm32cubeide_1.9.0/stm32cubeide/plugins/com.st.stm32cube.ide.mcu.externaltools.gnu-tools-for-stm32.10.3-2021.10.win32_1.0.0.202111181127/tools/bin/../lib/gcc/arm-none-eabi/10.3.1/../../../../arm-none-eabi/lib/thumb/v7e-m+fp/hard\libc_nano.a(lib_a-exit.o) (_global_impure_ptr)
c:/st/stm32cubeide_1.9.0/stm32cubeide/plugins/com.st.stm32cube.ide.mcu.externaltools.gnu-tools-for-stm32.10.3-2021.10.win32_1.0.0.202111181127/tools/bin/../lib/gcc/arm-none-eabi/10.3.1/../../../../arm-none-eabi/lib/thumb/v7e-m+fp/hard\libc_nano.a(lib_a-init.o)
                              c:/st/stm32cubeide_1.9.0/stm32cubeide/plugins/com.st.stm32cube.ide.mcu.externaltools.gnu-tools-for-stm32.10.3-2021.10.win32_1.0.0.202111181127/tools/bin/../lib/gcc/arm-none-eabi/10.3.1/../../../../arm-none-eabi/lib/thumb/v7e-m+fp/hard/crt0.o (__libc_init_array)
c:/st/stm32cubeide_1.9.0/stm32cubeide/plugins/com.st.stm32cube.ide.mcu.externaltools.gnu-tools-for-stm32.10.3-2021.10.win32_1.0.0.202111181127/tools/bin/../lib/gcc/arm-none-eabi/10.3.1/../../../../arm-none-eabi/lib/thumb/v7e-m+fp/hard\libc_nano.a(lib_a-memset.o)
                              c:/st/stm32cubeide_1.9.0/stm32cubeide/plugins/com.st.stm32cube.ide.mcu.externaltools.gnu-tools-for-stm32.10.3-2021.10.win32_1.0.0.202111181127/tools/bin/../lib/gcc/arm-none-eabi/10.3.1/../../../../arm-none-eabi/lib/thumb/v7e-m+fp/hard/crt0.o (memset)

Discarded input sections

 .text          0x0000000000000000        0x0 c:/st/stm32cubeide_1.9.0/stm32cubeide/plugins/com.st.stm32cube.ide.mcu.externaltools.gnu-tools-for-stm32.10.3-2021.10.win32_1.0.0.202111181127/tools/bin/../lib/gcc/arm-none-eabi/10.3.1/thumb/v7e-m+fp/hard/crti.o
 .data          0x0000000000000000        0x0 c:/st/stm32cubeide_1.9.0/stm32cubeide/plugins/com.st.stm32cube.ide.mcu.externaltools.gnu-tools-for-stm32.10.3-2021.10.win32_1.0.0.202111181127/tools/bin/../lib/gcc/arm-none-eabi/10.3.1/thumb/v7e-m+fp/hard/crti.o
 .bss           0x0000000000000000        0x0 c:/st/stm32cubeide_1.9.0/stm32cubeide/plugins/com.st.stm32cube.ide.mcu.externaltools.gnu-tools-for-stm32.10.3-2021.10.win32_1.0.0.202111181127/tools/bin/../lib/gcc/arm-none-eabi/10.3.1/thumb/v7e-m+fp/hard/crti.o
 .data          0x0000000000000000        0x4 c:/st/stm32cubeide_1.9.0/stm32cubeide/plugins/com.st.stm32cube.ide.mcu.externaltools.gnu-tools-for-stm32.10.3-2021.10.win32_1.0.0.202111181127/tools/bin/../lib/gcc/arm-none-eabi/10.3.1/thumb/v7e-m+fp/hard/crtbegin.o
 .rodata        0x0000000000000000       0x24 c:/st/stm32cubeide_1.9.0/stm32cubeide/plugins/com.st.stm32cube.ide.mcu.externaltools.gnu-tools-for-stm32.10.3-2021.10.win32_1.0.0.202111181127/tools/bin/../lib/gcc/arm-none-eabi/10.3.1/thumb/v7e-m+fp/hard/crtbegin.o
 .text          0x0000000000000000       0x7c c:/st/stm32cubeide_1.9.0/stm32cubeide/plugins/com.st.stm32cube.ide.mcu.externaltools.gnu-tools-for-stm32.10.3-2021.10.win32_1.0.0.202111181127/tools/bin/../lib/gcc/arm-none-eabi/10.3.1/../../../../arm-none-eabi/lib/thumb/v7e-m+fp/hard/crt0.o
 .data          0x0000000000000000        0x0 c:/st/stm32cubeide_1.9.0/stm32cubeide/plugins/com.st.stm32cube.ide.mcu.externaltools.gnu-tools-for-stm32.10.3-2021.10.win32_1.0.0.202111181127/tools/bin/../lib/gcc/arm-none-eabi/10.3.1/../../../../arm-none-eabi/lib/thumb/v7e-m+fp/hard/crt0.o
 .bss           0x0000000000000000        0x0 c:/st/stm32cubeide_1.9.0/stm32cubeide/plugins/com.st.stm32cube.ide.mcu.externaltools.gnu-tools-for-stm32.10.3-2021.10.win32_1.0.0.202111181127/tools/bin/../lib/gcc/arm-none-eabi/10.3.1/../../../../arm-none-eabi/lib/thumb/v7e-m+fp/hard/crt0.o
[...]
Memory Configuration

Name             Origin             Length             Attributes
CCMRAM           0x0000000010000000 0x0000000000004000 xrw
RAM              0x0000000020000000 0x0000000000010000 xrw
FLASH            0x0000000008000000 0x0000000000080000 xr
*default*        0x0000000000000000 0xffffffffffffffff

Linker script and memory map

LOAD c:/st/stm32cubeide_1.9.0/stm32cubeide/plugins/com.st.stm32cube.ide.mcu.externaltools.gnu-tools-for-stm32.10.3-2021.10.win32_1.0.0.202111181127/tools/bin/../lib/gcc/arm-none-eabi/10.3.1/thumb/v7e-m+fp/hard/crti.o
LOAD c:/st/stm32cubeide_1.9.0/stm32cubeide/plugins/com.st.stm32cube.ide.mcu.externaltools.gnu-tools-for-stm32.10.3-2021.10.win32_1.0.0.202111181127/tools/bin/../lib/gcc/arm-none-eabi/10.3.1/thumb/v7e-m+fp/hard/crtbegin.o
LOAD c:/st/stm32cubeide_1.9.0/stm32cubeide/plugins/com.st.stm32cube.ide.mcu.externaltools.gnu-tools-for-stm32.10.3-2021.10.win32_1.0.0.202111181127/tools/bin/../lib/gcc/arm-none-eabi/10.3.1/../../../../arm-none-eabi/lib/thumb/v7e-m+fp/hard/crt0.o
LOAD ./Core/Src/main.o
LOAD ./Core/Src/stm32f3xx_hal_msp.o
LOAD ./Core/Src/stm32f3xx_it.o
LOAD ./Core/Src/syscalls.o
LOAD ./Core/Src/sysmem.o
LOAD ./Core/Src/system_stm32f3xx.o
LOAD ./Core/Startup/startup_stm32f303retx.o
LOAD ./Drivers/STM32F3xx_HAL_Driver/Src/stm32f3xx_hal.o
LOAD ./Drivers/STM32F3xx_HAL_Driver/Src/stm32f3xx_hal_adc.o
LOAD ./Drivers/STM32F3xx_HAL_Driver/Src/stm32f3xx_hal_adc_ex.o
LOAD ./Drivers/STM32F3xx_HAL_Driver/Src/stm32f3xx_hal_cortex.o
LOAD ./Drivers/STM32F3xx_HAL_Driver/Src/stm32f3xx_hal_dac.o
LOAD ./Drivers/STM32F3xx_HAL_Driver/Src/stm32f3xx_hal_dac_ex.o
LOAD ./Drivers/STM32F3xx_HAL_Driver/Src/stm32f3xx_hal_dma.o
LOAD ./Drivers/STM32F3xx_HAL_Driver/Src/stm32f3xx_hal_exti.o
LOAD ./Drivers/STM32F3xx_HAL_Driver/Src/stm32f3xx_hal_flash.o
LOAD ./Drivers/STM32F3xx_HAL_Driver/Src/stm32f3xx_hal_flash_ex.o
LOAD ./Drivers/STM32F3xx_HAL_Driver/Src/stm32f3xx_hal_gpio.o
LOAD ./Drivers/STM32F3xx_HAL_Driver/Src/stm32f3xx_hal_i2c.o
LOAD ./Drivers/STM32F3xx_HAL_Driver/Src/stm32f3xx_hal_i2c_ex.o
LOAD ./Drivers/STM32F3xx_HAL_Driver/Src/stm32f3xx_hal_pwr.o
LOAD ./Drivers/STM32F3xx_HAL_Driver/Src/stm32f3xx_hal_pwr_ex.o
LOAD ./Drivers/STM32F3xx_HAL_Driver/Src/stm32f3xx_hal_rcc.o
LOAD ./Drivers/STM32F3xx_HAL_Driver/Src/stm32f3xx_hal_rcc_ex.o
LOAD ./Drivers/STM32F3xx_HAL_Driver/Src/stm32f3xx_hal_tim.o
LOAD ./Drivers/STM32F3xx_HAL_Driver/Src/stm32f3xx_hal_tim_ex.o
LOAD ./Drivers/STM32F3xx_HAL_Driver/Src/stm32f3xx_hal_usart.o
LOAD C:\Users\bruce.lee\STM32CubeIDE\workspace_1.9.0\FIR\libs\libarm_cortexM4lf_math.a
START GROUP
LOAD c:/st/stm32cubeide_1.9.0/stm32cubeide/plugins/com.st.stm32cube.ide.mcu.externaltools.gnu-tools-for-stm32.10.3-2021.10.win32_1.0.0.202111181127/tools/bin/../lib/gcc/arm-none-eabi/10.3.1/../../../../arm-none-eabi/lib/thumb/v7e-m+fp/hard\libc_nano.a
LOAD c:/st/stm32cubeide_1.9.0/stm32cubeide/plugins/com.st.stm32cube.ide.mcu.externaltools.gnu-tools-for-stm32.10.3-2021.10.win32_1.0.0.202111181127/tools/bin/../lib/gcc/arm-none-eabi/10.3.1/../../../../arm-none-eabi/lib/thumb/v7e-m+fp/hard\libm.a
END GROUP
START GROUP
LOAD c:/st/stm32cubeide_1.9.0/stm32cubeide/plugins/com.st.stm32cube.ide.mcu.externaltools.gnu-tools-for-stm32.10.3-2021.10.win32_1.0.0.202111181127/tools/bin/../lib/gcc/arm-none-eabi/10.3.1/thumb/v7e-m+fp/hard\libgcc.a
LOAD c:/st/stm32cubeide_1.9.0/stm32cubeide/plugins/com.st.stm32cube.ide.mcu.externaltools.gnu-tools-for-stm32.10.3-2021.10.win32_1.0.0.202111181127/tools/bin/../lib/gcc/arm-none-eabi/10.3.1/../../../../arm-none-eabi/lib/thumb/v7e-m+fp/hard\libc_nano.a
END GROUP
START GROUP
LOAD c:/st/stm32cubeide_1.9.0/stm32cubeide/plugins/com.st.stm32cube.ide.mcu.externaltools.gnu-tools-for-stm32.10.3-2021.10.win32_1.0.0.202111181127/tools/bin/../lib/gcc/arm-none-eabi/10.3.1/thumb/v7e-m+fp/hard\libgcc.a
LOAD c:/st/stm32cubeide_1.9.0/stm32cubeide/plugins/com.st.stm32cube.ide.mcu.externaltools.gnu-tools-for-stm32.10.3-2021.10.win32_1.0.0.202111181127/tools/bin/../lib/gcc/arm-none-eabi/10.3.1/../../../../arm-none-eabi/lib/thumb/v7e-m+fp/hard\libc_nano.a
LOAD c:/st/stm32cubeide_1.9.0/stm32cubeide/plugins/com.st.stm32cube.ide.mcu.externaltools.gnu-tools-for-stm32.10.3-2021.10.win32_1.0.0.202111181127/tools/bin/../lib/gcc/arm-none-eabi/10.3.1/../../../../arm-none-eabi/lib/thumb/v7e-m+fp/hard\libnosys.a
END GROUP
START GROUP
LOAD c:/st/stm32cubeide_1.9.0/stm32cubeide/plugins/com.st.stm32cube.ide.mcu.externaltools.gnu-tools-for-stm32.10.3-2021.10.win32_1.0.0.202111181127/tools/bin/../lib/gcc/arm-none-eabi/10.3.1/thumb/v7e-m+fp/hard\libgcc.a
LOAD c:/st/stm32cubeide_1.9.0/stm32cubeide/plugins/com.st.stm32cube.ide.mcu.externaltools.gnu-tools-for-stm32.10.3-2021.10.win32_1.0.0.202111181127/tools/bin/../lib/gcc/arm-none-eabi/10.3.1/../../../../arm-none-eabi/lib/thumb/v7e-m+fp/hard\libc_nano.a
LOAD c:/st/stm32cubeide_1.9.0/stm32cubeide/plugins/com.st.stm32cube.ide.mcu.externaltools.gnu-tools-for-stm32.10.3-2021.10.win32_1.0.0.202111181127/tools/bin/../lib/gcc/arm-none-eabi/10.3.1/../../../../arm-none-eabi/lib/thumb/v7e-m+fp/hard\libnosys.a
END GROUP
LOAD c:/st/stm32cubeide_1.9.0/stm32cubeide/plugins/com.st.stm32cube.ide.mcu.externaltools.gnu-tools-for-stm32.10.3-2021.10.win32_1.0.0.202111181127/tools/bin/../lib/gcc/arm-none-eabi/10.3.1/thumb/v7e-m+fp/hard/crtend.o
LOAD c:/st/stm32cubeide_1.9.0/stm32cubeide/plugins/com.st.stm32cube.ide.mcu.externaltools.gnu-tools-for-stm32.10.3-2021.10.win32_1.0.0.202111181127/tools/bin/../lib/gcc/arm-none-eabi/10.3.1/thumb/v7e-m+fp/hard/crtn.o
                0x0000000020010000                _estack = (ORIGIN (RAM) + LENGTH (RAM))
                0x0000000000000200                _Min_Heap_Size = 0x200
                0x0000000000000400                _Min_Stack_Size = 0x400

.isr_vector     0x0000000008000000      0x194
                0x0000000008000000                . = ALIGN (0x4)
 *(.isr_vector)
 .isr_vector    0x0000000008000000      0x194 ./Core/Startup/startup_stm32f303retx.o
                0x0000000008000000                g_pfnVectors
                0x0000000008000194                . = ALIGN (0x4)

.text           0x0000000008000194     0x487c
                0x0000000008000194                . = ALIGN (0x4)
 *(.text)
 .text          0x0000000008000194       0x40 c:/st/stm32cubeide_1.9.0/stm32cubeide/plugins/com.st.stm32cube.ide.mcu.externaltools.gnu-tools-for-stm32.10.3-2021.10.win32_1.0.0.202111181127/tools/bin/../lib/gcc/arm-none-eabi/10.3.1/thumb/v7e-m+fp/hard/crtbegin.o
 *(.text*)
 .text.main     0x00000000080001d4       0xa4 ./Core/Src/main.o
                0x00000000080001d4                main
 .text.SystemClock_Config
                0x0000000008000278       0xcc ./Core/Src/main.o
                0x0000000008000278                SystemClock_Config
 .text.MX_ADC1_Init
                0x0000000008000344       0xe0 ./Core/Src/main.o
 .text.MX_DAC1_Init
                0x0000000008000424       0x54 ./Core/Src/main.o
 .text.MX_TIM2_Init
                0x0000000008000478       0x9c ./Core/Src/main.o
 .text.MX_USART2_Init
                0x0000000008000514       0x58 ./Core/Src/main.o
 .text.MX_DMA_Init
                0x000000000800056c       0x3c ./Core/Src/main.o
 .text.MX_GPIO_Init
                0x00000000080005a8       0x48 ./Core/Src/main.o
 .text.HAL_ADC_ConvCpltCallback
                0x00000000080005f0       0x94 ./Core/Src/main.o
                0x00000000080005f0                HAL_ADC_ConvCpltCallback
 .text.Error_Handler
                0x0000000008000684        0xa ./Core/Src/main.o
                0x0000000008000684                Error_Handler
 *fill*         0x000000000800068e        0x2 
 .text.HAL_MspInit
                0x0000000008000690       0x48 ./Core/Src/stm32f3xx_hal_msp.o
                0x0000000008000690                HAL_MspInit
 .text.HAL_ADC_MspInit
                0x00000000080006d8       0xd0 ./Core/Src/stm32f3xx_hal_msp.o
                0x00000000080006d8                HAL_ADC_MspInit
 .text.HAL_DAC_MspInit
                0x00000000080007a8       0x7c ./Core/Src/stm32f3xx_hal_msp.o
                0x00000000080007a8                HAL_DAC_MspInit
 .text.HAL_TIM_Base_MspInit
                0x0000000008000824       0x3c ./Core/Src/stm32f3xx_hal_msp.o
                0x0000000008000824                HAL_TIM_Base_MspInit
 .text.HAL_USART_MspInit
                0x0000000008000860       0xc0 ./Core/Src/stm32f3xx_hal_msp.o
                0x0000000008000860                HAL_USART_MspInit
 .text.NMI_Handler
                0x0000000008000920        0x6 ./Core/Src/stm32f3xx_it.o
                0x0000000008000920                NMI_Handler
 .text.HardFault_Handler
                0x0000000008000926        0x6 ./Core/Src/stm32f3xx_it.o
                0x0000000008000926                HardFault_Handler
 .text.MemManage_Handler
                0x000000000800092c        0x6 ./Core/Src/stm32f3xx_it.o
                0x000000000800092c                MemManage_Handler
 .text.BusFault_Handler
                0x0000000008000932        0x6 ./Core/Src/stm32f3xx_it.o
                0x0000000008000932                BusFault_Handler
 .text.UsageFault_Handler
                0x0000000008000938        0x6 ./Core/Src/stm32f3xx_it.o
                0x0000000008000938                UsageFault_Handler
 .text.SVC_Handler
                0x000000000800093e        0xe ./Core/Src/stm32f3xx_it.o
                0x000000000800093e                SVC_Handler
 .text.DebugMon_Handler
                0x000000000800094c        0xe ./Core/Src/stm32f3xx_it.o
                0x000000000800094c                DebugMon_Handler
 .text.PendSV_Handler
                0x000000000800095a        0xe ./Core/Src/stm32f3xx_it.o
                0x000000000800095a                PendSV_Handler
 .text.SysTick_Handler
                0x0000000008000968        0xc ./Core/Src/stm32f3xx_it.o
                0x0000000008000968                SysTick_Handler
 .text.DMA1_Channel1_IRQHandler
                0x0000000008000974       0x14 ./Core/Src/stm32f3xx_it.o
                0x0000000008000974                DMA1_Channel1_IRQHandler
 .text.SystemInit
                0x0000000008000988       0x24 ./Core/Src/system_stm32f3xx.o
                0x0000000008000988                SystemInit
 .text.Reset_Handler
                0x00000000080009ac       0x50 ./Core/Startup/startup_stm32f303retx.o
                0x00000000080009ac                Reset_Handler
 .text.Default_Handler
                0x00000000080009fc        0x2 ./Core/Startup/startup_stm32f303retx.o
                0x00000000080009fc                RTC_Alarm_IRQHandler
                0x00000000080009fc                TIM8_TRG_COM_IRQHandler
                0x00000000080009fc                TIM8_CC_IRQHandler
                0x00000000080009fc                SPI4_IRQHandler
                0x00000000080009fc                TIM1_CC_IRQHandler
                0x00000000080009fc                USB_HP_IRQHandler
                0x00000000080009fc                PVD_IRQHandler
                0x00000000080009fc                TAMP_STAMP_IRQHandler
                0x00000000080009fc                EXTI3_IRQHandler
                0x00000000080009fc                I2C3_ER_IRQHandler
                0x00000000080009fc                USB_HP_CAN_TX_IRQHandler
                0x00000000080009fc                EXTI0_IRQHandler
                0x00000000080009fc                I2C2_EV_IRQHandler
                0x00000000080009fc                FPU_IRQHandler
                0x00000000080009fc                TIM1_UP_TIM16_IRQHandler
                0x00000000080009fc                ADC1_2_IRQHandler
                0x00000000080009fc                SPI1_IRQHandler
                0x00000000080009fc                CAN_SCE_IRQHandler
                0x00000000080009fc                TIM6_DAC_IRQHandler
                0x00000000080009fc                TIM8_UP_IRQHandler
                0x00000000080009fc                DMA2_Channel2_IRQHandler
                0x00000000080009fc                DMA1_Channel4_IRQHandler
                0x00000000080009fc                TIM20_TRG_COM_IRQHandler
                0x00000000080009fc                USART3_IRQHandler
                0x00000000080009fc                DMA1_Channel7_IRQHandler
                0x00000000080009fc                UART5_IRQHandler
                0x00000000080009fc                ADC3_IRQHandler
                0x00000000080009fc                TIM4_IRQHandler
                0x00000000080009fc                CAN_RX1_IRQHandler
                0x00000000080009fc                DMA2_Channel1_IRQHandler
                0x00000000080009fc                I2C1_EV_IRQHandler
                0x00000000080009fc                DMA1_Channel6_IRQHandler
                0x00000000080009fc                UART4_IRQHandler
                0x00000000080009fc                DMA2_Channel4_IRQHandler
                0x00000000080009fc                TIM3_IRQHandler
                0x00000000080009fc                RCC_IRQHandler
                0x00000000080009fc                TIM20_UP_IRQHandler
                0x00000000080009fc                Default_Handler
                0x00000000080009fc                USBWakeUp_RMP_IRQHandler
                0x00000000080009fc                EXTI15_10_IRQHandler
                0x00000000080009fc                TIM7_IRQHandler
                0x00000000080009fc                I2C3_EV_IRQHandler
                0x00000000080009fc                EXTI9_5_IRQHandler
                0x00000000080009fc                RTC_WKUP_IRQHandler
                0x00000000080009fc                SPI2_IRQHandler
                0x00000000080009fc                USB_LP_CAN_RX0_IRQHandler
                0x00000000080009fc                DMA2_Channel5_IRQHandler
                0x00000000080009fc                DMA1_Channel5_IRQHandler
                0x00000000080009fc                USB_LP_IRQHandler
                0x00000000080009fc                EXTI4_IRQHandler
                0x00000000080009fc                TIM1_TRG_COM_TIM17_IRQHandler
                0x00000000080009fc                DMA1_Channel3_IRQHandler
                0x00000000080009fc                ADC4_IRQHandler
                0x00000000080009fc                WWDG_IRQHandler
                0x00000000080009fc                TIM2_IRQHandler
                0x00000000080009fc                COMP7_IRQHandler
                0x00000000080009fc                COMP1_2_3_IRQHandler
                0x00000000080009fc                EXTI1_IRQHandler
                0x00000000080009fc                USART2_IRQHandler
                0x00000000080009fc                COMP4_5_6_IRQHandler
                0x00000000080009fc                TIM20_BRK_IRQHandler
                0x00000000080009fc                I2C2_ER_IRQHandler
                0x00000000080009fc                DMA1_Channel2_IRQHandler
                0x00000000080009fc                TIM8_BRK_IRQHandler
                0x00000000080009fc                FLASH_IRQHandler
                0x00000000080009fc                TIM20_CC_IRQHandler
                0x00000000080009fc                USART1_IRQHandler
                0x00000000080009fc                SPI3_IRQHandler
                0x00000000080009fc                I2C1_ER_IRQHandler
                0x00000000080009fc                FMC_IRQHandler
                0x00000000080009fc                USBWakeUp_IRQHandler
                0x00000000080009fc                DMA2_Channel3_IRQHandler
                0x00000000080009fc                EXTI2_TSC_IRQHandler
                0x00000000080009fc                TIM1_BRK_TIM15_IRQHandler
 *fill*         0x00000000080009fe        0x2 
 .text.HAL_Init
                0x0000000008000a00       0x2c ./Drivers/STM32F3xx_HAL_Driver/Src/stm32f3xx_hal.o
                0x0000000008000a00                HAL_Init
 .text.HAL_InitTick
                0x0000000008000a2c       0x60 ./Drivers/STM32F3xx_HAL_Driver/Src/stm32f3xx_hal.o
                0x0000000008000a2c                HAL_InitTick
 .text.HAL_IncTick
                0x0000000008000a8c       0x28 ./Drivers/STM32F3xx_HAL_Driver/Src/stm32f3xx_hal.o
                0x0000000008000a8c                HAL_IncTick
 .text.HAL_GetTick
                0x0000000008000ab4       0x18 ./Drivers/STM32F3xx_HAL_Driver/Src/stm32f3xx_hal.o
                0x0000000008000ab4                HAL_GetTick
 .text.HAL_ADC_ConvHalfCpltCallback
                0x0000000008000acc       0x14 ./Drivers/STM32F3xx_HAL_Driver/Src/stm32f3xx_hal_adc.o
                0x0000000008000acc                HAL_ADC_ConvHalfCpltCallback
 .text.HAL_ADC_ErrorCallback
                0x0000000008000ae0       0x14 ./Drivers/STM32F3xx_HAL_Driver/Src/stm32f3xx_hal_adc.o
                0x0000000008000ae0                HAL_ADC_ErrorCallback
 .text.HAL_ADC_Init
                0x0000000008000af4      0x3f4 ./Drivers/STM32F3xx_HAL_Driver/Src/stm32f3xx_hal_adc_ex.o
                0x0000000008000af4                HAL_ADC_Init
 .text.HAL_ADC_Start_DMA
                0x0000000008000ee8      0x238 ./Drivers/STM32F3xx_HAL_Driver/Src/stm32f3xx_hal_adc_ex.o
                0x0000000008000ee8                HAL_ADC_Start_DMA
 .text.HAL_ADC_ConfigChannel
                0x0000000008001120      0x5d8 ./Drivers/STM32F3xx_HAL_Driver/Src/stm32f3xx_hal_adc_ex.o
                0x0000000008001120                HAL_ADC_ConfigChannel
 .text.HAL_ADCEx_MultiModeConfigChannel
                0x00000000080016f8      0x1e4 ./Drivers/STM32F3xx_HAL_Driver/Src/stm32f3xx_hal_adc_ex.o
                0x00000000080016f8                HAL_ADCEx_MultiModeConfigChannel
 .text.ADC_DMAConvCplt
                0x00000000080018dc       0x7a ./Drivers/STM32F3xx_HAL_Driver/Src/stm32f3xx_hal_adc_ex.o
 .text.ADC_DMAHalfConvCplt
                0x0000000008001956       0x1c ./Drivers/STM32F3xx_HAL_Driver/Src/stm32f3xx_hal_adc_ex.o
 .text.ADC_DMAError
                0x0000000008001972       0x34 ./Drivers/STM32F3xx_HAL_Driver/Src/stm32f3xx_hal_adc_ex.o
 *fill*         0x00000000080019a6        0x2 
 .text.ADC_Enable
                0x00000000080019a8       0xc8 ./Drivers/STM32F3xx_HAL_Driver/Src/stm32f3xx_hal_adc_ex.o
 .text.ADC_Disable
                0x0000000008001a70       0xcc ./Drivers/STM32F3xx_HAL_Driver/Src/stm32f3xx_hal_adc_ex.o
 .text.__NVIC_SetPriorityGrouping
                0x0000000008001b3c       0x48 ./Drivers/STM32F3xx_HAL_Driver/Src/stm32f3xx_hal_cortex.o
 .text.__NVIC_GetPriorityGrouping
                0x0000000008001b84       0x1c ./Drivers/STM32F3xx_HAL_Driver/Src/stm32f3xx_hal_cortex.o
 .text.__NVIC_EnableIRQ
                0x0000000008001ba0       0x3c ./Drivers/STM32F3xx_HAL_Driver/Src/stm32f3xx_hal_cortex.o
 .text.__NVIC_SetPriority
                0x0000000008001bdc       0x54 ./Drivers/STM32F3xx_HAL_Driver/Src/stm32f3xx_hal_cortex.o
 .text.NVIC_EncodePriority
                0x0000000008001c30       0x66 ./Drivers/STM32F3xx_HAL_Driver/Src/stm32f3xx_hal_cortex.o
 *fill*         0x0000000008001c96        0x2 
 .text.SysTick_Config
                0x0000000008001c98       0x44 ./Drivers/STM32F3xx_HAL_Driver/Src/stm32f3xx_hal_cortex.o
 .text.HAL_NVIC_SetPriorityGrouping
                0x0000000008001cdc       0x16 ./Drivers/STM32F3xx_HAL_Driver/Src/stm32f3xx_hal_cortex.o
                0x0000000008001cdc                HAL_NVIC_SetPriorityGrouping
 .text.HAL_NVIC_SetPriority
                0x0000000008001cf2       0x38 ./Drivers/STM32F3xx_HAL_Driver/Src/stm32f3xx_hal_cortex.o
                0x0000000008001cf2                HAL_NVIC_SetPriority
 .text.HAL_NVIC_EnableIRQ
                0x0000000008001d2a       0x1c ./Drivers/STM32F3xx_HAL_Driver/Src/stm32f3xx_hal_cortex.o
                0x0000000008001d2a                HAL_NVIC_EnableIRQ
 .text.HAL_SYSTICK_Config
                0x0000000008001d46       0x18 ./Drivers/STM32F3xx_HAL_Driver/Src/stm32f3xx_hal_cortex.o
                0x0000000008001d46                HAL_SYSTICK_Config
 .text.HAL_DAC_Init
                0x0000000008001d5e       0x44 ./Drivers/STM32F3xx_HAL_Driver/Src/stm32f3xx_hal_dac.o
                0x0000000008001d5e                HAL_DAC_Init
 .text.HAL_DAC_SetValue
                0x0000000008001da2       0x4a ./Drivers/STM32F3xx_HAL_Driver/Src/stm32f3xx_hal_dac_ex.o
                0x0000000008001da2                HAL_DAC_SetValue
 .text.HAL_DAC_Start
                0x0000000008001dec       0x96 ./Drivers/STM32F3xx_HAL_Driver/Src/stm32f3xx_hal_dac_ex.o
                0x0000000008001dec                HAL_DAC_Start
 .text.HAL_DAC_ConfigChannel
                0x0000000008001e82       0x9a ./Drivers/STM32F3xx_HAL_Driver/Src/stm32f3xx_hal_dac_ex.o
                0x0000000008001e82                HAL_DAC_ConfigChannel
 .text.HAL_DMA_Init
                0x0000000008001f1c       0x8e ./Drivers/STM32F3xx_HAL_Driver/Src/stm32f3xx_hal_dma.o
                0x0000000008001f1c                HAL_DMA_Init
 .text.HAL_DMA_Start_IT
                0x0000000008001faa       0xbe ./Drivers/STM32F3xx_HAL_Driver/Src/stm32f3xx_hal_dma.o
                0x0000000008001faa                HAL_DMA_Start_IT
 .text.HAL_DMA_IRQHandler
                0x0000000008002068      0x146 ./Drivers/STM32F3xx_HAL_Driver/Src/stm32f3xx_hal_dma.o
                0x0000000008002068                HAL_DMA_IRQHandler
 .text.DMA_SetConfig
                0x00000000080021ae       0x5c ./Drivers/STM32F3xx_HAL_Driver/Src/stm32f3xx_hal_dma.o
 *fill*         0x000000000800220a        0x2 
 .text.DMA_CalcBaseAndBitshift
                0x000000000800220c       0x78 ./Drivers/STM32F3xx_HAL_Driver/Src/stm32f3xx_hal_dma.o
 .text.HAL_GPIO_Init
                0x0000000008002284      0x314 ./Drivers/STM32F3xx_HAL_Driver/Src/stm32f3xx_hal_gpio.o
                0x0000000008002284                HAL_GPIO_Init
 .text.HAL_RCC_OscConfig
                0x0000000008002598     0x10a8 ./Drivers/STM32F3xx_HAL_Driver/Src/stm32f3xx_hal_rcc.o
                0x0000000008002598                HAL_RCC_OscConfig
 .text.HAL_RCC_ClockConfig
                0x0000000008003640      0x2f8 ./Drivers/STM32F3xx_HAL_Driver/Src/stm32f3xx_hal_rcc.o
                0x0000000008003640                HAL_RCC_ClockConfig
 .text.HAL_RCC_GetSysClockFreq
                0x0000000008003938       0xd4 ./Drivers/STM32F3xx_HAL_Driver/Src/stm32f3xx_hal_rcc.o
                0x0000000008003938                HAL_RCC_GetSysClockFreq
 .text.HAL_RCC_GetHCLKFreq
                0x0000000008003a0c       0x18 ./Drivers/STM32F3xx_HAL_Driver/Src/stm32f3xx_hal_rcc.o
                0x0000000008003a0c                HAL_RCC_GetHCLKFreq
 .text.HAL_RCC_GetPCLK1Freq
                0x0000000008003a24       0x44 ./Drivers/STM32F3xx_HAL_Driver/Src/stm32f3xx_hal_rcc.o
                0x0000000008003a24                HAL_RCC_GetPCLK1Freq
 .text.HAL_RCC_GetPCLK2Freq
                0x0000000008003a68       0x44 ./Drivers/STM32F3xx_HAL_Driver/Src/stm32f3xx_hal_rcc.o
                0x0000000008003a68                HAL_RCC_GetPCLK2Freq
 .text.HAL_RCCEx_PeriphCLKConfig
                0x0000000008003aac      0x43c ./Drivers/STM32F3xx_HAL_Driver/Src/stm32f3xx_hal_rcc_ex.o
                0x0000000008003aac                HAL_RCCEx_PeriphCLKConfig
 .text.HAL_TIM_Base_Init
                0x0000000008003ee8       0xae ./Drivers/STM32F3xx_HAL_Driver/Src/stm32f3xx_hal_tim.o
                0x0000000008003ee8                HAL_TIM_Base_Init
 *fill*         0x0000000008003f96        0x2 
 .text.HAL_TIM_Base_Start
                0x0000000008003f98       0xd0 ./Drivers/STM32F3xx_HAL_Driver/Src/stm32f3xx_hal_tim.o
                0x0000000008003f98                HAL_TIM_Base_Start
 .text.HAL_TIM_ConfigClockSource
                0x0000000008004068      0x192 ./Drivers/STM32F3xx_HAL_Driver/Src/stm32f3xx_hal_tim.o
                0x0000000008004068                HAL_TIM_ConfigClockSource
 *fill*         0x00000000080041fa        0x2 
 .text.TIM_Base_SetConfig
                0x00000000080041fc      0x13c ./Drivers/STM32F3xx_HAL_Driver/Src/stm32f3xx_hal_tim.o
                0x00000000080041fc                TIM_Base_SetConfig
 .text.TIM_TI1_ConfigInputStage
                0x0000000008004338       0x5e ./Drivers/STM32F3xx_HAL_Driver/Src/stm32f3xx_hal_tim.o
 .text.TIM_TI2_ConfigInputStage
                0x0000000008004396       0x60 ./Drivers/STM32F3xx_HAL_Driver/Src/stm32f3xx_hal_tim.o
 .text.TIM_ITRx_SetConfig
                0x00000000080043f6       0x36 ./Drivers/STM32F3xx_HAL_Driver/Src/stm32f3xx_hal_tim.o
 .text.TIM_ETR_SetConfig
                0x000000000800442c       0x40 ./Drivers/STM32F3xx_HAL_Driver/Src/stm32f3xx_hal_tim.o
                0x000000000800442c                TIM_ETR_SetConfig
 .text.HAL_TIMEx_MasterConfigSynchronization
                0x000000000800446c      0x118 ./Drivers/STM32F3xx_HAL_Driver/Src/stm32f3xx_hal_tim_ex.o
                0x000000000800446c                HAL_TIMEx_MasterConfigSynchronization
 .text.HAL_USART_Init
                0x0000000008004584       0x94 ./Drivers/STM32F3xx_HAL_Driver/Src/stm32f3xx_hal_usart.o
                0x0000000008004584                HAL_USART_Init
 .text.USART_WaitOnFlagUntilTimeout
                0x0000000008004618       0x6c ./Drivers/STM32F3xx_HAL_Driver/Src/stm32f3xx_hal_usart.o
 .text.USART_SetConfig
                0x0000000008004684      0x294 ./Drivers/STM32F3xx_HAL_Driver/Src/stm32f3xx_hal_usart.o
 .text.USART_CheckIdleState
                0x0000000008004918       0x86 ./Drivers/STM32F3xx_HAL_Driver/Src/stm32f3xx_hal_usart.o
 *fill*         0x000000000800499e        0x2 
 .text.__libc_init_array
                0x00000000080049a0       0x48 c:/st/stm32cubeide_1.9.0/stm32cubeide/plugins/com.st.stm32cube.ide.mcu.externaltools.gnu-tools-for-stm32.10.3-2021.10.win32_1.0.0.202111181127/tools/bin/../lib/gcc/arm-none-eabi/10.3.1/../../../../arm-none-eabi/lib/thumb/v7e-m+fp/hard\libc_nano.a(lib_a-init.o)
                0x00000000080049a0                __libc_init_array
 .text.memset   0x00000000080049e8       0x10 c:/st/stm32cubeide_1.9.0/stm32cubeide/plugins/com.st.stm32cube.ide.mcu.externaltools.gnu-tools-for-stm32.10.3-2021.10.win32_1.0.0.202111181127/tools/bin/../lib/gcc/arm-none-eabi/10.3.1/../../../../arm-none-eabi/lib/thumb/v7e-m+fp/hard\libc_nano.a(lib_a-memset.o)
                0x00000000080049e8                memset
 *(.glue_7)
 .glue_7        0x00000000080049f8        0x0 linker stubs
 *(.glue_7t)
 .glue_7t       0x00000000080049f8        0x0 linker stubs
 *(.eh_frame)
 .eh_frame      0x00000000080049f8        0x0 c:/st/stm32cubeide_1.9.0/stm32cubeide/plugins/com.st.stm32cube.ide.mcu.externaltools.gnu-tools-for-stm32.10.3-2021.10.win32_1.0.0.202111181127/tools/bin/../lib/gcc/arm-none-eabi/10.3.1/thumb/v7e-m+fp/hard/crtbegin.o
 *(.init)
 .init          0x00000000080049f8        0x4 c:/st/stm32cubeide_1.9.0/stm32cubeide/plugins/com.st.stm32cube.ide.mcu.externaltools.gnu-tools-for-stm32.10.3-2021.10.win32_1.0.0.202111181127/tools/bin/../lib/gcc/arm-none-eabi/10.3.1/thumb/v7e-m+fp/hard/crti.o
                0x00000000080049f8                _init
 .init          0x00000000080049fc        0x8 c:/st/stm32cubeide_1.9.0/stm32cubeide/plugins/com.st.stm32cube.ide.mcu.externaltools.gnu-tools-for-stm32.10.3-2021.10.win32_1.0.0.202111181127/tools/bin/../lib/gcc/arm-none-eabi/10.3.1/thumb/v7e-m+fp/hard/crtn.o
 *(.fini)
 .fini          0x0000000008004a04        0x4 c:/st/stm32cubeide_1.9.0/stm32cubeide/plugins/com.st.stm32cube.ide.mcu.externaltools.gnu-tools-for-stm32.10.3-2021.10.win32_1.0.0.202111181127/tools/bin/../lib/gcc/arm-none-eabi/10.3.1/thumb/v7e-m+fp/hard/crti.o
                0x0000000008004a04                _fini
 .fini          0x0000000008004a08        0x8 c:/st/stm32cubeide_1.9.0/stm32cubeide/plugins/com.st.stm32cube.ide.mcu.externaltools.gnu-tools-for-stm32.10.3-2021.10.win32_1.0.0.202111181127/tools/bin/../lib/gcc/arm-none-eabi/10.3.1/thumb/v7e-m+fp/hard/crtn.o
                0x0000000008004a10                . = ALIGN (0x4)
                0x0000000008004a10                _etext = .

.vfp11_veneer   0x0000000008004a10        0x0
 .vfp11_veneer  0x0000000008004a10        0x0 linker stubs

.v4_bx          0x0000000008004a10        0x0
 .v4_bx         0x0000000008004a10        0x0 linker stubs

.iplt           0x0000000008004a10        0x0
 .iplt          0x0000000008004a10        0x0 c:/st/stm32cubeide_1.9.0/stm32cubeide/plugins/com.st.stm32cube.ide.mcu.externaltools.gnu-tools-for-stm32.10.3-2021.10.win32_1.0.0.202111181127/tools/bin/../lib/gcc/arm-none-eabi/10.3.1/thumb/v7e-m+fp/hard/crtbegin.o

.rodata         0x0000000008004a10       0x38
                0x0000000008004a10                . = ALIGN (0x4)
 *(.rodata)
 *(.rodata*)
 .rodata.AHBPrescTable
                0x0000000008004a10       0x10 ./Core/Src/system_stm32f3xx.o
                0x0000000008004a10                AHBPrescTable
 .rodata.APBPrescTable
                0x0000000008004a20        0x8 ./Core/Src/system_stm32f3xx.o
                0x0000000008004a20                APBPrescTable
 .rodata.aPLLMULFactorTable
                0x0000000008004a28       0x10 ./Drivers/STM32F3xx_HAL_Driver/Src/stm32f3xx_hal_rcc.o
                0x0000000008004a28                aPLLMULFactorTable
 .rodata.aPredivFactorTable
                0x0000000008004a38       0x10 ./Drivers/STM32F3xx_HAL_Driver/Src/stm32f3xx_hal_rcc.o
                0x0000000008004a38                aPredivFactorTable
                0x0000000008004a48                . = ALIGN (0x4)

.rel.dyn        0x0000000008004a48        0x0
 .rel.iplt      0x0000000008004a48        0x0 c:/st/stm32cubeide_1.9.0/stm32cubeide/plugins/com.st.stm32cube.ide.mcu.externaltools.gnu-tools-for-stm32.10.3-2021.10.win32_1.0.0.202111181127/tools/bin/../lib/gcc/arm-none-eabi/10.3.1/thumb/v7e-m+fp/hard/crtbegin.o

.ARM.extab      0x0000000008004a48        0x0
                0x0000000008004a48                . = ALIGN (0x4)
 *(.ARM.extab* .gnu.linkonce.armextab.*)
                0x0000000008004a48                . = ALIGN (0x4)

.ARM            0x0000000008004a48        0x0
                0x0000000008004a48                . = ALIGN (0x4)
                0x0000000008004a48                __exidx_start = .
 *(.ARM.exidx*)
                0x0000000008004a48                __exidx_end = .
                0x0000000008004a48                . = ALIGN (0x4)

.preinit_array  0x0000000008004a48        0x0
                0x0000000008004a48                . = ALIGN (0x4)
                0x0000000008004a48                PROVIDE (__preinit_array_start = .)
 *(.preinit_array*)
                0x0000000008004a48                PROVIDE (__preinit_array_end = .)
                0x0000000008004a48                . = ALIGN (0x4)

.init_array     0x0000000008004a48        0x4
                0x0000000008004a48                . = ALIGN (0x4)
                0x0000000008004a48                PROVIDE (__init_array_start = .)
 *(SORT_BY_NAME(.init_array.*))
 *(.init_array*)
 .init_array    0x0000000008004a48        0x4 c:/st/stm32cubeide_1.9.0/stm32cubeide/plugins/com.st.stm32cube.ide.mcu.externaltools.gnu-tools-for-stm32.10.3-2021.10.win32_1.0.0.202111181127/tools/bin/../lib/gcc/arm-none-eabi/10.3.1/thumb/v7e-m+fp/hard/crtbegin.o
                0x0000000008004a4c                PROVIDE (__init_array_end = .)
                0x0000000008004a4c                . = ALIGN (0x4)

.fini_array     0x0000000008004a4c        0x4
                0x0000000008004a4c                . = ALIGN (0x4)
                [!provide]                        PROVIDE (__fini_array_start = .)
 *(SORT_BY_NAME(.fini_array.*))
 *(.fini_array*)
 .fini_array    0x0000000008004a4c        0x4 c:/st/stm32cubeide_1.9.0/stm32cubeide/plugins/com.st.stm32cube.ide.mcu.externaltools.gnu-tools-for-stm32.10.3-2021.10.win32_1.0.0.202111181127/tools/bin/../lib/gcc/arm-none-eabi/10.3.1/thumb/v7e-m+fp/hard/crtbegin.o
                [!provide]                        PROVIDE (__fini_array_end = .)
                0x0000000008004a50                . = ALIGN (0x4)
                0x0000000008004a50                _sidata = LOADADDR (.data)

.data           0x0000000020000000       0x24 load address 0x0000000008004a50
                0x0000000020000000                . = ALIGN (0x4)
                0x0000000020000000                _sdata = .
 *(.data)
 *(.data*)
 .data.cof      0x0000000020000000       0x18 ./Core/Src/main.o
 .data.SystemCoreClock
                0x0000000020000018        0x4 ./Core/Src/system_stm32f3xx.o
                0x0000000020000018                SystemCoreClock
 .data.uwTickPrio
                0x000000002000001c        0x4 ./Drivers/STM32F3xx_HAL_Driver/Src/stm32f3xx_hal.o
                0x000000002000001c                uwTickPrio
 .data.uwTickFreq
                0x0000000020000020        0x1 ./Drivers/STM32F3xx_HAL_Driver/Src/stm32f3xx_hal.o
                0x0000000020000020                uwTickFreq
 *(.RamFunc)
 *(.RamFunc*)
                0x0000000020000024                . = ALIGN (0x4)
 *fill*         0x0000000020000021        0x3 
                0x0000000020000024                _edata = .
                0x0000000008004a74                _siccmram = LOADADDR (.ccmram)

.igot.plt       0x0000000020000024        0x0 load address 0x0000000008004a74
 .igot.plt      0x0000000020000024        0x0 c:/st/stm32cubeide_1.9.0/stm32cubeide/plugins/com.st.stm32cube.ide.mcu.externaltools.gnu-tools-for-stm32.10.3-2021.10.win32_1.0.0.202111181127/tools/bin/../lib/gcc/arm-none-eabi/10.3.1/thumb/v7e-m+fp/hard/crtbegin.o

.ccmram         0x0000000010000000        0x0 load address 0x0000000008004a74
                0x0000000010000000                . = ALIGN (0x4)
                0x0000000010000000                _sccmram = .
 *(.ccmram)
 *(.ccmram*)
                0x0000000010000000                . = ALIGN (0x4)
                0x0000000010000000                _eccmram = .
                0x0000000010000000                . = ALIGN (0x4)

.bss            0x0000000020000024      0x17c
                0x0000000020000024                _sbss = .
                0x0000000020000024                __bss_start__ = _sbss
 *(.bss)
 .bss           0x0000000020000024       0x1c c:/st/stm32cubeide_1.9.0/stm32cubeide/plugins/com.st.stm32cube.ide.mcu.externaltools.gnu-tools-for-stm32.10.3-2021.10.win32_1.0.0.202111181127/tools/bin/../lib/gcc/arm-none-eabi/10.3.1/thumb/v7e-m+fp/hard/crtbegin.o
 *(.bss*)
 .bss.hadc1     0x0000000020000040       0x50 ./Core/Src/main.o
                0x0000000020000040                hadc1
 .bss.hdma_adc1
                0x0000000020000090       0x44 ./Core/Src/main.o
                0x0000000020000090                hdma_adc1
 .bss.hdac1     0x00000000200000d4       0x14 ./Core/Src/main.o
                0x00000000200000d4                hdac1
 .bss.htim2     0x00000000200000e8       0x4c ./Core/Src/main.o
                0x00000000200000e8                htim2
 .bss.husart2   0x0000000020000134       0x50 ./Core/Src/main.o
                0x0000000020000134                husart2
 .bss.adc_result_dma
                0x0000000020000184        0x2 ./Core/Src/main.o
                0x0000000020000184                adc_result_dma
 *fill*         0x0000000020000186        0x2 
 .bss.adc_conversion_complete
                0x0000000020000188        0x4 ./Core/Src/main.o
                0x0000000020000188                adc_conversion_complete
 .bss.x         0x000000002000018c        0xc ./Core/Src/main.o
                0x000000002000018c                x
 .bss.y         0x0000000020000198        0x4 ./Core/Src/main.o
                0x0000000020000198                y
 .bss.uwTick    0x000000002000019c        0x4 ./Drivers/STM32F3xx_HAL_Driver/Src/stm32f3xx_hal.o
                0x000000002000019c                uwTick
 *(COMMON)
                0x00000000200001a0                . = ALIGN (0x4)
                0x00000000200001a0                _ebss = .
                0x00000000200001a0                __bss_end__ = _ebss

._user_heap_stack
                0x00000000200001a0      0x600
                0x00000000200001a0                . = ALIGN (0x8)
                [!provide]                        PROVIDE (end = .)
                0x00000000200001a0                PROVIDE (_end = .)
                0x00000000200003a0                . = (. + _Min_Heap_Size)
 *fill*         0x00000000200001a0      0x200 
                0x00000000200007a0                . = (. + _Min_Stack_Size)
 *fill*         0x00000000200003a0      0x400 
                0x00000000200007a0                . = ALIGN (0x8)

/DISCARD/
 libc.a(*)
 libm.a(*)
 libgcc.a(*)

.ARM.attributes
                0x0000000000000000       0x30
 *(.ARM.attributes)
 .ARM.attributes
                0x0000000000000000       0x1e c:/st/stm32cubeide_1.9.0/stm32cubeide/plugins/com.st.stm32cube.ide.mcu.externaltools.gnu-tools-for-stm32.10.3-2021.10.win32_1.0.0.202111181127/tools/bin/../lib/gcc/arm-none-eabi/10.3.1/thumb/v7e-m+fp/hard/crti.o
 .ARM.attributes
                0x000000000000001e       0x34 c:/st/stm32cubeide_1.9.0/stm32cubeide/plugins/com.st.stm32cube.ide.mcu.externaltools.gnu-tools-for-stm32.10.3-2021.10.win32_1.0.0.202111181127/tools/bin/../lib/gcc/arm-none-eabi/10.3.1/thumb/v7e-m+fp/hard/crtbegin.o
 .ARM.attributes
                0x0000000000000052       0x34 ./Core/Src/main.o
 .ARM.attributes
                0x0000000000000086       0x34 ./Core/Src/stm32f3xx_hal_msp.o
 .ARM.attributes
                0x00000000000000ba       0x34 ./Core/Src/stm32f3xx_it.o
 .ARM.attributes
                0x00000000000000ee       0x34 ./Core/Src/system_stm32f3xx.o
 .ARM.attributes
                0x0000000000000122       0x21 ./Core/Startup/startup_stm32f303retx.o
 .ARM.attributes
                0x0000000000000143       0x34 ./Drivers/STM32F3xx_HAL_Driver/Src/stm32f3xx_hal.o
 .ARM.attributes
                0x0000000000000177       0x34 ./Drivers/STM32F3xx_HAL_Driver/Src/stm32f3xx_hal_adc.o
 .ARM.attributes
                0x00000000000001ab       0x34 ./Drivers/STM32F3xx_HAL_Driver/Src/stm32f3xx_hal_adc_ex.o
 .ARM.attributes
                0x00000000000001df       0x34 ./Drivers/STM32F3xx_HAL_Driver/Src/stm32f3xx_hal_cortex.o
 .ARM.attributes
                0x0000000000000213       0x34 ./Drivers/STM32F3xx_HAL_Driver/Src/stm32f3xx_hal_dac.o
 .ARM.attributes
                0x0000000000000247       0x34 ./Drivers/STM32F3xx_HAL_Driver/Src/stm32f3xx_hal_dac_ex.o
 .ARM.attributes
                0x000000000000027b       0x34 ./Drivers/STM32F3xx_HAL_Driver/Src/stm32f3xx_hal_dma.o
 .ARM.attributes
                0x00000000000002af       0x34 ./Drivers/STM32F3xx_HAL_Driver/Src/stm32f3xx_hal_gpio.o
 .ARM.attributes
                0x00000000000002e3       0x34 ./Drivers/STM32F3xx_HAL_Driver/Src/stm32f3xx_hal_rcc.o
 .ARM.attributes
                0x0000000000000317       0x34 ./Drivers/STM32F3xx_HAL_Driver/Src/stm32f3xx_hal_rcc_ex.o
 .ARM.attributes
                0x000000000000034b       0x34 ./Drivers/STM32F3xx_HAL_Driver/Src/stm32f3xx_hal_tim.o
 .ARM.attributes
                0x000000000000037f       0x34 ./Drivers/STM32F3xx_HAL_Driver/Src/stm32f3xx_hal_tim_ex.o
 .ARM.attributes
                0x00000000000003b3       0x34 ./Drivers/STM32F3xx_HAL_Driver/Src/stm32f3xx_hal_usart.o
 .ARM.attributes
                0x00000000000003e7       0x34 c:/st/stm32cubeide_1.9.0/stm32cubeide/plugins/com.st.stm32cube.ide.mcu.externaltools.gnu-tools-for-stm32.10.3-2021.10.win32_1.0.0.202111181127/tools/bin/../lib/gcc/arm-none-eabi/10.3.1/../../../../arm-none-eabi/lib/thumb/v7e-m+fp/hard\libc_nano.a(lib_a-init.o)
 .ARM.attributes
                0x000000000000041b       0x34 c:/st/stm32cubeide_1.9.0/stm32cubeide/plugins/com.st.stm32cube.ide.mcu.externaltools.gnu-tools-for-stm32.10.3-2021.10.win32_1.0.0.202111181127/tools/bin/../lib/gcc/arm-none-eabi/10.3.1/../../../../arm-none-eabi/lib/thumb/v7e-m+fp/hard\libc_nano.a(lib_a-memset.o)
 .ARM.attributes
                0x000000000000044f       0x1e c:/st/stm32cubeide_1.9.0/stm32cubeide/plugins/com.st.stm32cube.ide.mcu.externaltools.gnu-tools-for-stm32.10.3-2021.10.win32_1.0.0.202111181127/tools/bin/../lib/gcc/arm-none-eabi/10.3.1/thumb/v7e-m+fp/hard/crtn.o
OUTPUT(FIR.elf elf32-littlearm)
LOAD linker stubs
LOAD c:/st/stm32cubeide_1.9.0/stm32cubeide/plugins/com.st.stm32cube.ide.mcu.externaltools.gnu-tools-for-stm32.10.3-2021.10.win32_1.0.0.202111181127/tools/bin/../lib/gcc/arm-none-eabi/10.3.1/../../../../arm-none-eabi/lib/thumb/v7e-m+fp/hard\libc.a
LOAD c:/st/stm32cubeide_1.9.0/stm32cubeide/plugins/com.st.stm32cube.ide.mcu.externaltools.gnu-tools-for-stm32.10.3-2021.10.win32_1.0.0.202111181127/tools/bin/../lib/gcc/arm-none-eabi/10.3.1/../../../../arm-none-eabi/lib/thumb/v7e-m+fp/hard\libm.a
LOAD c:/st/stm32cubeide_1.9.0/stm32cubeide/plugins/com.st.stm32cube.ide.mcu.externaltools.gnu-tools-for-stm32.10.3-2021.10.win32_1.0.0.202111181127/tools/bin/../lib/gcc/arm-none-eabi/10.3.1/thumb/v7e-m+fp/hard\libgcc.a

.debug_info     0x0000000000000000    0x1042f
 .debug_info    0x0000000000000000     0x1b87 ./Core/Src/main.o
 .debug_info    0x0000000000001b87     0x138a ./Core/Src/stm32f3xx_hal_msp.o
 .debug_info    0x0000000000002f11      0x3a0 ./Core/Src/stm32f3xx_it.o
 .debug_info    0x00000000000032b1      0x416 ./Core/Src/system_stm32f3xx.o
 .debug_info    0x00000000000036c7       0x22 ./Core/Startup/startup_stm32f303retx.o
 .debug_info    0x00000000000036e9      0x837 ./Drivers/STM32F3xx_HAL_Driver/Src/stm32f3xx_hal.o
 .debug_info    0x0000000000003f20      0xb9e ./Drivers/STM32F3xx_HAL_Driver/Src/stm32f3xx_hal_adc.o
 .debug_info    0x0000000000004abe     0x16b2 ./Drivers/STM32F3xx_HAL_Driver/Src/stm32f3xx_hal_adc_ex.o
 .debug_info    0x0000000000006170      0xdb5 ./Drivers/STM32F3xx_HAL_Driver/Src/stm32f3xx_hal_cortex.o
 .debug_info    0x0000000000006f25      0x8a9 ./Drivers/STM32F3xx_HAL_Driver/Src/stm32f3xx_hal_dac.o
 .debug_info    0x00000000000077ce      0xa64 ./Drivers/STM32F3xx_HAL_Driver/Src/stm32f3xx_hal_dac_ex.o
 .debug_info    0x0000000000008232      0x757 ./Drivers/STM32F3xx_HAL_Driver/Src/stm32f3xx_hal_dma.o
 .debug_info    0x0000000000008989      0x74e ./Drivers/STM32F3xx_HAL_Driver/Src/stm32f3xx_hal_gpio.o
 .debug_info    0x00000000000090d7     0x1597 ./Drivers/STM32F3xx_HAL_Driver/Src/stm32f3xx_hal_rcc.o
 .debug_info    0x000000000000a66e      0x67f ./Drivers/STM32F3xx_HAL_Driver/Src/stm32f3xx_hal_rcc_ex.o
 .debug_info    0x000000000000aced     0x2ca3 ./Drivers/STM32F3xx_HAL_Driver/Src/stm32f3xx_hal_tim.o
 .debug_info    0x000000000000d990     0x1679 ./Drivers/STM32F3xx_HAL_Driver/Src/stm32f3xx_hal_tim_ex.o
 .debug_info    0x000000000000f009     0x1426 ./Drivers/STM32F3xx_HAL_Driver/Src/stm32f3xx_hal_usart.o

.debug_abbrev   0x0000000000000000     0x24bc
 .debug_abbrev  0x0000000000000000      0x2f9 ./Core/Src/main.o
 .debug_abbrev  0x00000000000002f9      0x23e ./Core/Src/stm32f3xx_hal_msp.o
 .debug_abbrev  0x0000000000000537      0x15f ./Core/Src/stm32f3xx_it.o
 .debug_abbrev  0x0000000000000696      0x116 ./Core/Src/system_stm32f3xx.o
 .debug_abbrev  0x00000000000007ac       0x12 ./Core/Startup/startup_stm32f303retx.o
 .debug_abbrev  0x00000000000007be      0x20e ./Drivers/STM32F3xx_HAL_Driver/Src/stm32f3xx_hal.o
 .debug_abbrev  0x00000000000009cc      0x17a ./Drivers/STM32F3xx_HAL_Driver/Src/stm32f3xx_hal_adc.o
 .debug_abbrev  0x0000000000000b46      0x27a ./Drivers/STM32F3xx_HAL_Driver/Src/stm32f3xx_hal_adc_ex.o
 .debug_abbrev  0x0000000000000dc0      0x316 ./Drivers/STM32F3xx_HAL_Driver/Src/stm32f3xx_hal_cortex.o
 .debug_abbrev  0x00000000000010d6      0x19d ./Drivers/STM32F3xx_HAL_Driver/Src/stm32f3xx_hal_dac.o
 .debug_abbrev  0x0000000000001273      0x24a ./Drivers/STM32F3xx_HAL_Driver/Src/stm32f3xx_hal_dac_ex.o
 .debug_abbrev  0x00000000000014bd      0x1fe ./Drivers/STM32F3xx_HAL_Driver/Src/stm32f3xx_hal_dma.o
 .debug_abbrev  0x00000000000016bb      0x1bb ./Drivers/STM32F3xx_HAL_Driver/Src/stm32f3xx_hal_gpio.o
 .debug_abbrev  0x0000000000001876      0x30c ./Drivers/STM32F3xx_HAL_Driver/Src/stm32f3xx_hal_rcc.o
 .debug_abbrev  0x0000000000001b82      0x239 ./Drivers/STM32F3xx_HAL_Driver/Src/stm32f3xx_hal_rcc_ex.o
 .debug_abbrev  0x0000000000001dbb      0x25d ./Drivers/STM32F3xx_HAL_Driver/Src/stm32f3xx_hal_tim.o
 .debug_abbrev  0x0000000000002018      0x265 ./Drivers/STM32F3xx_HAL_Driver/Src/stm32f3xx_hal_tim_ex.o
 .debug_abbrev  0x000000000000227d      0x23f ./Drivers/STM32F3xx_HAL_Driver/Src/stm32f3xx_hal_usart.o

.debug_aranges  0x0000000000000000      0xf80
 .debug_aranges
                0x0000000000000000       0x68 ./Core/Src/main.o
 .debug_aranges
                0x0000000000000068       0x60 ./Core/Src/stm32f3xx_hal_msp.o
 .debug_aranges
                0x00000000000000c8       0x68 ./Core/Src/stm32f3xx_it.o
 .debug_aranges
                0x0000000000000130       0x28 ./Core/Src/system_stm32f3xx.o
 .debug_aranges
                0x0000000000000158       0x28 ./Core/Startup/startup_stm32f303retx.o
 .debug_aranges
                0x0000000000000180       0xe0 ./Drivers/STM32F3xx_HAL_Driver/Src/stm32f3xx_hal.o
 .debug_aranges
                0x0000000000000260       0xc8 ./Drivers/STM32F3xx_HAL_Driver/Src/stm32f3xx_hal_adc.o
 .debug_aranges
                0x0000000000000328      0x168 ./Drivers/STM32F3xx_HAL_Driver/Src/stm32f3xx_hal_adc_ex.o
 .debug_aranges
                0x0000000000000490      0x118 ./Drivers/STM32F3xx_HAL_Driver/Src/stm32f3xx_hal_cortex.o
 .debug_aranges
                0x00000000000005a8       0xa8 ./Drivers/STM32F3xx_HAL_Driver/Src/stm32f3xx_hal_dac.o
 .debug_aranges
                0x0000000000000650       0xb8 ./Drivers/STM32F3xx_HAL_Driver/Src/stm32f3xx_hal_dac_ex.o
 .debug_aranges
                0x0000000000000708       0x88 ./Drivers/STM32F3xx_HAL_Driver/Src/stm32f3xx_hal_dma.o
 .debug_aranges
                0x0000000000000790       0x58 ./Drivers/STM32F3xx_HAL_Driver/Src/stm32f3xx_hal_gpio.o
 .debug_aranges
                0x00000000000007e8       0x88 ./Drivers/STM32F3xx_HAL_Driver/Src/stm32f3xx_hal_rcc.o
 .debug_aranges
                0x0000000000000870       0x38 ./Drivers/STM32F3xx_HAL_Driver/Src/stm32f3xx_hal_rcc_ex.o
 .debug_aranges
                0x00000000000008a8      0x3e0 ./Drivers/STM32F3xx_HAL_Driver/Src/stm32f3xx_hal_tim.o
 .debug_aranges
                0x0000000000000c88      0x178 ./Drivers/STM32F3xx_HAL_Driver/Src/stm32f3xx_hal_tim_ex.o
 .debug_aranges
                0x0000000000000e00      0x180 ./Drivers/STM32F3xx_HAL_Driver/Src/stm32f3xx_hal_usart.o

.debug_ranges   0x0000000000000000      0xe68
 .debug_ranges  0x0000000000000000       0x58 ./Core/Src/main.o
 .debug_ranges  0x0000000000000058       0x50 ./Core/Src/stm32f3xx_hal_msp.o
 .debug_ranges  0x00000000000000a8       0x58 ./Core/Src/stm32f3xx_it.o
 .debug_ranges  0x0000000000000100       0x18 ./Core/Src/system_stm32f3xx.o
 .debug_ranges  0x0000000000000118       0x20 ./Core/Startup/startup_stm32f303retx.o
 .debug_ranges  0x0000000000000138       0xd0 ./Drivers/STM32F3xx_HAL_Driver/Src/stm32f3xx_hal.o
 .debug_ranges  0x0000000000000208       0xb8 ./Drivers/STM32F3xx_HAL_Driver/Src/stm32f3xx_hal_adc.o
 .debug_ranges  0x00000000000002c0      0x158 ./Drivers/STM32F3xx_HAL_Driver/Src/stm32f3xx_hal_adc_ex.o
 .debug_ranges  0x0000000000000418      0x108 ./Drivers/STM32F3xx_HAL_Driver/Src/stm32f3xx_hal_cortex.o
 .debug_ranges  0x0000000000000520       0x98 ./Drivers/STM32F3xx_HAL_Driver/Src/stm32f3xx_hal_dac.o
 .debug_ranges  0x00000000000005b8       0xa8 ./Drivers/STM32F3xx_HAL_Driver/Src/stm32f3xx_hal_dac_ex.o
 .debug_ranges  0x0000000000000660       0x78 ./Drivers/STM32F3xx_HAL_Driver/Src/stm32f3xx_hal_dma.o
 .debug_ranges  0x00000000000006d8       0x48 ./Drivers/STM32F3xx_HAL_Driver/Src/stm32f3xx_hal_gpio.o
 .debug_ranges  0x0000000000000720       0x78 ./Drivers/STM32F3xx_HAL_Driver/Src/stm32f3xx_hal_rcc.o
 .debug_ranges  0x0000000000000798       0x28 ./Drivers/STM32F3xx_HAL_Driver/Src/stm32f3xx_hal_rcc_ex.o
 .debug_ranges  0x00000000000007c0      0x3d0 ./Drivers/STM32F3xx_HAL_Driver/Src/stm32f3xx_hal_tim.o
 .debug_ranges  0x0000000000000b90      0x168 ./Drivers/STM32F3xx_HAL_Driver/Src/stm32f3xx_hal_tim_ex.o
 .debug_ranges  0x0000000000000cf8      0x170 ./Drivers/STM32F3xx_HAL_Driver/Src/stm32f3xx_hal_usart.o

.debug_macro    0x0000000000000000    0x22098
 .debug_macro   0x0000000000000000      0x3e7 ./Core/Src/main.o
 .debug_macro   0x00000000000003e7      0xa78 ./Core/Src/main.o
 .debug_macro   0x0000000000000e5f      0x163 ./Core/Src/main.o
 .debug_macro   0x0000000000000fc2       0x2e ./Core/Src/main.o
 .debug_macro   0x0000000000000ff0       0x28 ./Core/Src/main.o
 .debug_macro   0x0000000000001018       0x22 ./Core/Src/main.o
 .debug_macro   0x000000000000103a       0x8e ./Core/Src/main.o
 .debug_macro   0x00000000000010c8       0x51 ./Core/Src/main.o
 .debug_macro   0x0000000000001119      0x103 ./Core/Src/main.o
 .debug_macro   0x000000000000121c       0x6a ./Core/Src/main.o
 .debug_macro   0x0000000000001286      0x1df ./Core/Src/main.o
 .debug_macro   0x0000000000001465       0x1c ./Core/Src/main.o
 .debug_macro   0x0000000000001481       0x22 ./Core/Src/main.o
 .debug_macro   0x00000000000014a3       0xd9 ./Core/Src/main.o
 .debug_macro   0x000000000000157c     0x102d ./Core/Src/main.o
 .debug_macro   0x00000000000025a9      0x11f ./Core/Src/main.o
 .debug_macro   0x00000000000026c8    0x1535a ./Core/Src/main.o
 .debug_macro   0x0000000000017a22       0x6d ./Core/Src/main.o
 .debug_macro   0x0000000000017a8f     0x3540 ./Core/Src/main.o
 .debug_macro   0x000000000001afcf      0x174 ./Core/Src/main.o
 .debug_macro   0x000000000001b143       0x55 ./Core/Src/main.o
 .debug_macro   0x000000000001b198      0x954 ./Core/Src/main.o
 .debug_macro   0x000000000001baec      0x84a ./Core/Src/main.o
 .debug_macro   0x000000000001c336      0x1b6 ./Core/Src/main.o
 .debug_macro   0x000000000001c4ec      0x23a ./Core/Src/main.o
 .debug_macro   0x000000000001c726      0x1ea ./Core/Src/main.o
 .debug_macro   0x000000000001c910      0x1bc ./Core/Src/main.o
 .debug_macro   0x000000000001cacc       0x30 ./Core/Src/main.o
 .debug_macro   0x000000000001cafc       0x3c ./Core/Src/main.o
 .debug_macro   0x000000000001cb38      0x236 ./Core/Src/main.o
 .debug_macro   0x000000000001cd6e      0x9fe ./Core/Src/main.o
 .debug_macro   0x000000000001d76c       0x77 ./Core/Src/main.o
 .debug_macro   0x000000000001d7e3      0x176 ./Core/Src/main.o
 .debug_macro   0x000000000001d959       0x61 ./Core/Src/main.o
 .debug_macro   0x000000000001d9ba       0xc5 ./Core/Src/main.o
 .debug_macro   0x000000000001da7f      0x21d ./Core/Src/main.o
 .debug_macro   0x000000000001dc9c      0x22c ./Core/Src/main.o
 .debug_macro   0x000000000001dec8       0x5b ./Core/Src/main.o
 .debug_macro   0x000000000001df23       0xa5 ./Core/Src/main.o
 .debug_macro   0x000000000001dfc8       0x81 ./Core/Src/main.o
 .debug_macro   0x000000000001e049       0xd3 ./Core/Src/main.o
 .debug_macro   0x000000000001e11c      0xa3d ./Core/Src/main.o
 .debug_macro   0x000000000001eb59       0xbb ./Core/Src/main.o
 .debug_macro   0x000000000001ec14      0x295 ./Core/Src/main.o
 .debug_macro   0x000000000001eea9       0x30 ./Core/Src/main.o
 .debug_macro   0x000000000001eed9      0x347 ./Core/Src/main.o
 .debug_macro   0x000000000001f220       0x52 ./Core/Src/main.o
 .debug_macro   0x000000000001f272       0x1e ./Core/Src/main.o
 .debug_macro   0x000000000001f290       0x3c ./Core/Src/main.o
 .debug_macro   0x000000000001f2cc       0x34 ./Core/Src/main.o
 .debug_macro   0x000000000001f300       0x16 ./Core/Src/main.o
 .debug_macro   0x000000000001f316       0x43 ./Core/Src/main.o
 .debug_macro   0x000000000001f359       0x34 ./Core/Src/main.o
 .debug_macro   0x000000000001f38d       0x10 ./Core/Src/main.o
 .debug_macro   0x000000000001f39d       0x58 ./Core/Src/main.o
 .debug_macro   0x000000000001f3f5       0x71 ./Core/Src/main.o
 .debug_macro   0x000000000001f466       0x1c ./Core/Src/main.o
 .debug_macro   0x000000000001f482      0x12a ./Core/Src/main.o
 .debug_macro   0x000000000001f5ac      0x341 ./Core/Src/main.o
 .debug_macro   0x000000000001f8ed       0x10 ./Core/Src/main.o
 .debug_macro   0x000000000001f8fd       0x35 ./Core/Src/main.o
 .debug_macro   0x000000000001f932       0x20 ./Core/Src/main.o
 .debug_macro   0x000000000001f952       0x1c ./Core/Src/main.o
 .debug_macro   0x000000000001f96e       0x10 ./Core/Src/main.o
 .debug_macro   0x000000000001f97e       0x10 ./Core/Src/main.o
 .debug_macro   0x000000000001f98e       0x1c ./Core/Src/main.o
 .debug_macro   0x000000000001f9aa       0x52 ./Core/Src/main.o
 .debug_macro   0x000000000001f9fc       0x22 ./Core/Src/main.o
 .debug_macro   0x000000000001fa1e       0x10 ./Core/Src/main.o
 .debug_macro   0x000000000001fa2e       0x52 ./Core/Src/main.o
 .debug_macro   0x000000000001fa80       0xd5 ./Core/Src/main.o
 .debug_macro   0x000000000001fb55       0x1c ./Core/Src/main.o
 .debug_macro   0x000000000001fb71       0x3d ./Core/Src/main.o
 .debug_macro   0x000000000001fbae       0x16 ./Core/Src/main.o
 .debug_macro   0x000000000001fbc4      0x145 ./Core/Src/main.o
 .debug_macro   0x000000000001fd09      0x19b ./Core/Src/main.o
 .debug_macro   0x000000000001fea4       0x12 ./Core/Src/main.o
 .debug_macro   0x000000000001feb6       0xdd ./Core/Src/main.o
 .debug_macro   0x000000000001ff93      0x20e ./Core/Src/stm32f3xx_hal_msp.o
 .debug_macro   0x00000000000201a1      0x218 ./Core/Src/stm32f3xx_it.o
 .debug_macro   0x00000000000203b9      0x204 ./Core/Src/system_stm32f3xx.o
 .debug_macro   0x00000000000205bd      0x228 ./Drivers/STM32F3xx_HAL_Driver/Src/stm32f3xx_hal.o
 .debug_macro   0x00000000000207e5      0x205 ./Drivers/STM32F3xx_HAL_Driver/Src/stm32f3xx_hal_adc.o
 .debug_macro   0x00000000000209ea      0x22e ./Drivers/STM32F3xx_HAL_Driver/Src/stm32f3xx_hal_adc_ex.o
 .debug_macro   0x0000000000020c18      0x204 ./Drivers/STM32F3xx_HAL_Driver/Src/stm32f3xx_hal_cortex.o
 .debug_macro   0x0000000000020e1c      0x205 ./Drivers/STM32F3xx_HAL_Driver/Src/stm32f3xx_hal_dac.o
 .debug_macro   0x0000000000021021      0x204 ./Drivers/STM32F3xx_HAL_Driver/Src/stm32f3xx_hal_dac_ex.o
 .debug_macro   0x0000000000021225      0x204 ./Drivers/STM32F3xx_HAL_Driver/Src/stm32f3xx_hal_dma.o
 .debug_macro   0x0000000000021429      0x20b ./Drivers/STM32F3xx_HAL_Driver/Src/stm32f3xx_hal_gpio.o
 .debug_macro   0x0000000000021634      0x228 ./Drivers/STM32F3xx_HAL_Driver/Src/stm32f3xx_hal_rcc.o
 .debug_macro   0x000000000002185c      0x204 ./Drivers/STM32F3xx_HAL_Driver/Src/stm32f3xx_hal_rcc_ex.o
 .debug_macro   0x0000000000021a60      0x205 ./Drivers/STM32F3xx_HAL_Driver/Src/stm32f3xx_hal_tim.o
 .debug_macro   0x0000000000021c65      0x204 ./Drivers/STM32F3xx_HAL_Driver/Src/stm32f3xx_hal_tim_ex.o
 .debug_macro   0x0000000000021e69      0x22f ./Drivers/STM32F3xx_HAL_Driver/Src/stm32f3xx_hal_usart.o

.debug_line     0x0000000000000000    0x12fff
 .debug_line    0x0000000000000000      0xbe4 ./Core/Src/main.o
 .debug_line    0x0000000000000be4      0x88f ./Core/Src/stm32f3xx_hal_msp.o
 .debug_line    0x0000000000001473      0x821 ./Core/Src/stm32f3xx_it.o
 .debug_line    0x0000000000001c94      0x7c2 ./Core/Src/system_stm32f3xx.o
 .debug_line    0x0000000000002456       0x88 ./Core/Startup/startup_stm32f303retx.o
 .debug_line    0x00000000000024de      0x9f2 ./Drivers/STM32F3xx_HAL_Driver/Src/stm32f3xx_hal.o
 .debug_line    0x0000000000002ed0      0x936 ./Drivers/STM32F3xx_HAL_Driver/Src/stm32f3xx_hal_adc.o
 .debug_line    0x0000000000003806     0x27cc ./Drivers/STM32F3xx_HAL_Driver/Src/stm32f3xx_hal_adc_ex.o
 .debug_line    0x0000000000005fd2      0xcb7 ./Drivers/STM32F3xx_HAL_Driver/Src/stm32f3xx_hal_cortex.o
 .debug_line    0x0000000000006c89      0x93e ./Drivers/STM32F3xx_HAL_Driver/Src/stm32f3xx_hal_dac.o
 .debug_line    0x00000000000075c7      0xbb6 ./Drivers/STM32F3xx_HAL_Driver/Src/stm32f3xx_hal_dac_ex.o
 .debug_line    0x000000000000817d      0xd04 ./Drivers/STM32F3xx_HAL_Driver/Src/stm32f3xx_hal_dma.o
 .debug_line    0x0000000000008e81      0xb7b ./Drivers/STM32F3xx_HAL_Driver/Src/stm32f3xx_hal_gpio.o
 .debug_line    0x00000000000099fc     0x13e7 ./Drivers/STM32F3xx_HAL_Driver/Src/stm32f3xx_hal_rcc.o
 .debug_line    0x000000000000ade3      0xf0e ./Drivers/STM32F3xx_HAL_Driver/Src/stm32f3xx_hal_rcc_ex.o
 .debug_line    0x000000000000bcf1     0x3e12 ./Drivers/STM32F3xx_HAL_Driver/Src/stm32f3xx_hal_tim.o
 .debug_line    0x000000000000fb03     0x1b17 ./Drivers/STM32F3xx_HAL_Driver/Src/stm32f3xx_hal_tim_ex.o
 .debug_line    0x000000000001161a     0x19e5 ./Drivers/STM32F3xx_HAL_Driver/Src/stm32f3xx_hal_usart.o

.debug_str      0x0000000000000000    0xd343c
 .debug_str     0x0000000000000000    0xcfdbc ./Core/Src/main.o
                                      0xd074c (size before relaxing)
 .debug_str     0x00000000000cfdbc      0x17a ./Core/Src/stm32f3xx_hal_msp.o
                                      0xcb0fe (size before relaxing)
 .debug_str     0x00000000000cff36       0xf5 ./Core/Src/stm32f3xx_it.o
                                      0xca749 (size before relaxing)
 .debug_str     0x00000000000d002b       0xdf ./Core/Src/system_stm32f3xx.o
                                      0xca5b7 (size before relaxing)
 .debug_str     0x00000000000d010a       0x36 ./Core/Startup/startup_stm32f303retx.o
                                         0x70 (size before relaxing)
 .debug_str     0x00000000000d0140      0x3a1 ./Drivers/STM32F3xx_HAL_Driver/Src/stm32f3xx_hal.o
                                      0xcae60 (size before relaxing)
 .debug_str     0x00000000000d04e1      0x1dc ./Drivers/STM32F3xx_HAL_Driver/Src/stm32f3xx_hal_adc.o
                                      0xcaba4 (size before relaxing)
 .debug_str     0x00000000000d06bd      0x6b8 ./Drivers/STM32F3xx_HAL_Driver/Src/stm32f3xx_hal_adc_ex.o
                                      0xcb2ad (size before relaxing)
 .debug_str     0x00000000000d0d75      0x334 ./Drivers/STM32F3xx_HAL_Driver/Src/stm32f3xx_hal_cortex.o
                                      0xcaeb2 (size before relaxing)
 .debug_str     0x00000000000d10a9      0x13a ./Drivers/STM32F3xx_HAL_Driver/Src/stm32f3xx_hal_dac.o
                                      0xca9bb (size before relaxing)
 .debug_str     0x00000000000d11e3      0x1aa ./Drivers/STM32F3xx_HAL_Driver/Src/stm32f3xx_hal_dac_ex.o
                                      0xcaac4 (size before relaxing)
 .debug_str     0x00000000000d138d      0x1fa ./Drivers/STM32F3xx_HAL_Driver/Src/stm32f3xx_hal_dma.o
                                      0xca8ff (size before relaxing)
 .debug_str     0x00000000000d1587      0x199 ./Drivers/STM32F3xx_HAL_Driver/Src/stm32f3xx_hal_gpio.o
                                      0xca79c (size before relaxing)
 .debug_str     0x00000000000d1720      0x2dd ./Drivers/STM32F3xx_HAL_Driver/Src/stm32f3xx_hal_rcc.o
                                      0xcaa5b (size before relaxing)
 .debug_str     0x00000000000d19fd       0xbe ./Drivers/STM32F3xx_HAL_Driver/Src/stm32f3xx_hal_rcc_ex.o
                                      0xca8a5 (size before relaxing)
 .debug_str     0x00000000000d1abb      0xe0b ./Drivers/STM32F3xx_HAL_Driver/Src/stm32f3xx_hal_tim.o
                                      0xcb9de (size before relaxing)
 .debug_str     0x00000000000d28c6      0x4dc ./Drivers/STM32F3xx_HAL_Driver/Src/stm32f3xx_hal_tim_ex.o
                                      0xcb234 (size before relaxing)
 .debug_str     0x00000000000d2da2      0x69a ./Drivers/STM32F3xx_HAL_Driver/Src/stm32f3xx_hal_usart.o
                                      0xcb07e (size before relaxing)

.comment        0x0000000000000000       0x50
 .comment       0x0000000000000000       0x50 ./Core/Src/main.o
                                         0x51 (size before relaxing)
 .comment       0x0000000000000050       0x51 ./Core/Src/stm32f3xx_hal_msp.o
 .comment       0x0000000000000050       0x51 ./Core/Src/stm32f3xx_it.o
 .comment       0x0000000000000050       0x51 ./Core/Src/system_stm32f3xx.o
 .comment       0x0000000000000050       0x51 ./Drivers/STM32F3xx_HAL_Driver/Src/stm32f3xx_hal.o
 .comment       0x0000000000000050       0x51 ./Drivers/STM32F3xx_HAL_Driver/Src/stm32f3xx_hal_adc.o
 .comment       0x0000000000000050       0x51 ./Drivers/STM32F3xx_HAL_Driver/Src/stm32f3xx_hal_adc_ex.o
 .comment       0x0000000000000050       0x51 ./Drivers/STM32F3xx_HAL_Driver/Src/stm32f3xx_hal_cortex.o
 .comment       0x0000000000000050       0x51 ./Drivers/STM32F3xx_HAL_Driver/Src/stm32f3xx_hal_dac.o
 .comment       0x0000000000000050       0x51 ./Drivers/STM32F3xx_HAL_Driver/Src/stm32f3xx_hal_dac_ex.o
 .comment       0x0000000000000050       0x51 ./Drivers/STM32F3xx_HAL_Driver/Src/stm32f3xx_hal_dma.o
 .comment       0x0000000000000050       0x51 ./Drivers/STM32F3xx_HAL_Driver/Src/stm32f3xx_hal_gpio.o
 .comment       0x0000000000000050       0x51 ./Drivers/STM32F3xx_HAL_Driver/Src/stm32f3xx_hal_rcc.o
 .comment       0x0000000000000050       0x51 ./Drivers/STM32F3xx_HAL_Driver/Src/stm32f3xx_hal_rcc_ex.o
 .comment       0x0000000000000050       0x51 ./Drivers/STM32F3xx_HAL_Driver/Src/stm32f3xx_hal_tim.o
 .comment       0x0000000000000050       0x51 ./Drivers/STM32F3xx_HAL_Driver/Src/stm32f3xx_hal_tim_ex.o
 .comment       0x0000000000000050       0x51 ./Drivers/STM32F3xx_HAL_Driver/Src/stm32f3xx_hal_usart.o

.debug_frame    0x0000000000000000     0x41a0
 .debug_frame   0x0000000000000000      0x168 ./Core/Src/main.o
 .debug_frame   0x0000000000000168      0x160 ./Core/Src/stm32f3xx_hal_msp.o
 .debug_frame   0x00000000000002c8      0x120 ./Core/Src/stm32f3xx_it.o
 .debug_frame   0x00000000000003e8       0x58 ./Core/Src/system_stm32f3xx.o
 .debug_frame   0x0000000000000440      0x334 ./Drivers/STM32F3xx_HAL_Driver/Src/stm32f3xx_hal.o
 .debug_frame   0x0000000000000774      0x380 ./Drivers/STM32F3xx_HAL_Driver/Src/stm32f3xx_hal_adc.o
 .debug_frame   0x0000000000000af4      0x644 ./Drivers/STM32F3xx_HAL_Driver/Src/stm32f3xx_hal_adc_ex.o
 .debug_frame   0x0000000000001138      0x498 ./Drivers/STM32F3xx_HAL_Driver/Src/stm32f3xx_hal_cortex.o
 .debug_frame   0x00000000000015d0      0x2d4 ./Drivers/STM32F3xx_HAL_Driver/Src/stm32f3xx_hal_dac.o
 .debug_frame   0x00000000000018a4      0x310 ./Drivers/STM32F3xx_HAL_Driver/Src/stm32f3xx_hal_dac_ex.o
 .debug_frame   0x0000000000001bb4      0x224 ./Drivers/STM32F3xx_HAL_Driver/Src/stm32f3xx_hal_dma.o
 .debug_frame   0x0000000000001dd8      0x14c ./Drivers/STM32F3xx_HAL_Driver/Src/stm32f3xx_hal_gpio.o
 .debug_frame   0x0000000000001f24      0x214 ./Drivers/STM32F3xx_HAL_Driver/Src/stm32f3xx_hal_rcc.o
 .debug_frame   0x0000000000002138       0xb4 ./Drivers/STM32F3xx_HAL_Driver/Src/stm32f3xx_hal_rcc_ex.o
 .debug_frame   0x00000000000021ec     0x121c ./Drivers/STM32F3xx_HAL_Driver/Src/stm32f3xx_hal_tim.o
 .debug_frame   0x0000000000003408      0x688 ./Drivers/STM32F3xx_HAL_Driver/Src/stm32f3xx_hal_tim_ex.o
 .debug_frame   0x0000000000003a90      0x6c4 ./Drivers/STM32F3xx_HAL_Driver/Src/stm32f3xx_hal_usart.o
 .debug_frame   0x0000000000004154       0x2c c:/st/stm32cubeide_1.9.0/stm32cubeide/plugins/com.st.stm32cube.ide.mcu.externaltools.gnu-tools-for-stm32.10.3-2021.10.win32_1.0.0.202111181127/tools/bin/../lib/gcc/arm-none-eabi/10.3.1/../../../../arm-none-eabi/lib/thumb/v7e-m+fp/hard\libc_nano.a(lib_a-init.o)
 .debug_frame   0x0000000000004180       0x20 c:/st/stm32cubeide_1.9.0/stm32cubeide/plugins/com.st.stm32cube.ide.mcu.externaltools.gnu-tools-for-stm32.10.3-2021.10.win32_1.0.0.202111181127/tools/bin/../lib/gcc/arm-none-eabi/10.3.1/../../../../arm-none-eabi/lib/thumb/v7e-m+fp/hard\libc_nano.a(lib_a-memset.o)
