14:50:48 **** Incremental Build of configuration Debug for project proximity_Bruce ****
make -j4 all 
arm-none-eabi-size   proximity_Bruce.elf 
   text	   data	    bss	    dec	    hex	filename
  16992	    120	   1864	  18976	   4a20	proximity_Bruce.elf
Finished building: default.size.stdout
 

14:50:50 Build Finished. 0 errors, 0 warnings. (took 1s.928ms)

14:50:50 **** Incremental Build of configuration Release for project proximity_Bruce ****
make -j4 all 
arm-none-eabi-gcc "../Drivers/STM32F3xx_HAL_Driver/Src/stm32f3xx_hal.c" -mcpu=cortex-m4 -std=gnu11 -DUSE_HAL_DRIVER -DSTM32F303xE -c -I../Core/Inc -I../Drivers/STM32F3xx_HAL_Driver/Inc -I../Drivers/STM32F3xx_HAL_Driver/Inc/Legacy -I../Drivers/CMSIS/Device/ST/STM32F3xx/Include -I../Drivers/CMSIS/Include -Os -ffunction-sections -fdata-sections -Wall -fstack-usage -MMD -MP -MF"Drivers/STM32F3xx_HAL_Driver/Src/stm32f3xx_hal.d" -MT"Drivers/STM32F3xx_HAL_Driver/Src/stm32f3xx_hal.o" --specs=nano.specs -mfpu=fpv4-sp-d16 -mfloat-abi=hard -mthumb -o "Drivers/STM32F3xx_HAL_Driver/Src/stm32f3xx_hal.o"
arm-none-eabi-gcc "../Drivers/STM32F3xx_HAL_Driver/Src/stm32f3xx_hal_cortex.c" -mcpu=cortex-m4 -std=gnu11 -DUSE_HAL_DRIVER -DSTM32F303xE -c -I../Core/Inc -I../Drivers/STM32F3xx_HAL_Driver/Inc -I../Drivers/STM32F3xx_HAL_Driver/Inc/Legacy -I../Drivers/CMSIS/Device/ST/STM32F3xx/Include -I../Drivers/CMSIS/Include -Os -ffunction-sections -fdata-sections -Wall -fstack-usage -MMD -MP -MF"Drivers/STM32F3xx_HAL_Driver/Src/stm32f3xx_hal_cortex.d" -MT"Drivers/STM32F3xx_HAL_Driver/Src/stm32f3xx_hal_cortex.o" --specs=nano.specs -mfpu=fpv4-sp-d16 -mfloat-abi=hard -mthumb -o "Drivers/STM32F3xx_HAL_Driver/Src/stm32f3xx_hal_cortex.o"
arm-none-eabi-gcc "../Drivers/STM32F3xx_HAL_Driver/Src/stm32f3xx_hal_dma.c" -mcpu=cortex-m4 -std=gnu11 -DUSE_HAL_DRIVER -DSTM32F303xE -c -I../Core/Inc -I../Drivers/STM32F3xx_HAL_Driver/Inc -I../Drivers/STM32F3xx_HAL_Driver/Inc/Legacy -I../Drivers/CMSIS/Device/ST/STM32F3xx/Include -I../Drivers/CMSIS/Include -Os -ffunction-sections -fdata-sections -Wall -fstack-usage -MMD -MP -MF"Drivers/STM32F3xx_HAL_Driver/Src/stm32f3xx_hal_dma.d" -MT"Drivers/STM32F3xx_HAL_Driver/Src/stm32f3xx_hal_dma.o" --specs=nano.specs -mfpu=fpv4-sp-d16 -mfloat-abi=hard -mthumb -o "Drivers/STM32F3xx_HAL_Driver/Src/stm32f3xx_hal_dma.o"
arm-none-eabi-gcc "../Drivers/STM32F3xx_HAL_Driver/Src/stm32f3xx_hal_exti.c" -mcpu=cortex-m4 -std=gnu11 -DUSE_HAL_DRIVER -DSTM32F303xE -c -I../Core/Inc -I../Drivers/STM32F3xx_HAL_Driver/Inc -I../Drivers/STM32F3xx_HAL_Driver/Inc/Legacy -I../Drivers/CMSIS/Device/ST/STM32F3xx/Include -I../Drivers/CMSIS/Include -Os -ffunction-sections -fdata-sections -Wall -fstack-usage -MMD -MP -MF"Drivers/STM32F3xx_HAL_Driver/Src/stm32f3xx_hal_exti.d" -MT"Drivers/STM32F3xx_HAL_Driver/Src/stm32f3xx_hal_exti.o" --specs=nano.specs -mfpu=fpv4-sp-d16 -mfloat-abi=hard -mthumb -o "Drivers/STM32F3xx_HAL_Driver/Src/stm32f3xx_hal_exti.o"
arm-none-eabi-gcc "../Drivers/STM32F3xx_HAL_Driver/Src/stm32f3xx_hal_flash.c" -mcpu=cortex-m4 -std=gnu11 -DUSE_HAL_DRIVER -DSTM32F303xE -c -I../Core/Inc -I../Drivers/STM32F3xx_HAL_Driver/Inc -I../Drivers/STM32F3xx_HAL_Driver/Inc/Legacy -I../Drivers/CMSIS/Device/ST/STM32F3xx/Include -I../Drivers/CMSIS/Include -Os -ffunction-sections -fdata-sections -Wall -fstack-usage -MMD -MP -MF"Drivers/STM32F3xx_HAL_Driver/Src/stm32f3xx_hal_flash.d" -MT"Drivers/STM32F3xx_HAL_Driver/Src/stm32f3xx_hal_flash.o" --specs=nano.specs -mfpu=fpv4-sp-d16 -mfloat-abi=hard -mthumb -o "Drivers/STM32F3xx_HAL_Driver/Src/stm32f3xx_hal_flash.o"
arm-none-eabi-gcc "../Drivers/STM32F3xx_HAL_Driver/Src/stm32f3xx_hal_flash_ex.c" -mcpu=cortex-m4 -std=gnu11 -DUSE_HAL_DRIVER -DSTM32F303xE -c -I../Core/Inc -I../Drivers/STM32F3xx_HAL_Driver/Inc -I../Drivers/STM32F3xx_HAL_Driver/Inc/Legacy -I../Drivers/CMSIS/Device/ST/STM32F3xx/Include -I../Drivers/CMSIS/Include -Os -ffunction-sections -fdata-sections -Wall -fstack-usage -MMD -MP -MF"Drivers/STM32F3xx_HAL_Driver/Src/stm32f3xx_hal_flash_ex.d" -MT"Drivers/STM32F3xx_HAL_Driver/Src/stm32f3xx_hal_flash_ex.o" --specs=nano.specs -mfpu=fpv4-sp-d16 -mfloat-abi=hard -mthumb -o "Drivers/STM32F3xx_HAL_Driver/Src/stm32f3xx_hal_flash_ex.o"
arm-none-eabi-gcc "../Drivers/STM32F3xx_HAL_Driver/Src/stm32f3xx_hal_gpio.c" -mcpu=cortex-m4 -std=gnu11 -DUSE_HAL_DRIVER -DSTM32F303xE -c -I../Core/Inc -I../Drivers/STM32F3xx_HAL_Driver/Inc -I../Drivers/STM32F3xx_HAL_Driver/Inc/Legacy -I../Drivers/CMSIS/Device/ST/STM32F3xx/Include -I../Drivers/CMSIS/Include -Os -ffunction-sections -fdata-sections -Wall -fstack-usage -MMD -MP -MF"Drivers/STM32F3xx_HAL_Driver/Src/stm32f3xx_hal_gpio.d" -MT"Drivers/STM32F3xx_HAL_Driver/Src/stm32f3xx_hal_gpio.o" --specs=nano.specs -mfpu=fpv4-sp-d16 -mfloat-abi=hard -mthumb -o "Drivers/STM32F3xx_HAL_Driver/Src/stm32f3xx_hal_gpio.o"
arm-none-eabi-gcc "../Drivers/STM32F3xx_HAL_Driver/Src/stm32f3xx_hal_i2c.c" -mcpu=cortex-m4 -std=gnu11 -DUSE_HAL_DRIVER -DSTM32F303xE -c -I../Core/Inc -I../Drivers/STM32F3xx_HAL_Driver/Inc -I../Drivers/STM32F3xx_HAL_Driver/Inc/Legacy -I../Drivers/CMSIS/Device/ST/STM32F3xx/Include -I../Drivers/CMSIS/Include -Os -ffunction-sections -fdata-sections -Wall -fstack-usage -MMD -MP -MF"Drivers/STM32F3xx_HAL_Driver/Src/stm32f3xx_hal_i2c.d" -MT"Drivers/STM32F3xx_HAL_Driver/Src/stm32f3xx_hal_i2c.o" --specs=nano.specs -mfpu=fpv4-sp-d16 -mfloat-abi=hard -mthumb -o "Drivers/STM32F3xx_HAL_Driver/Src/stm32f3xx_hal_i2c.o"
arm-none-eabi-gcc "../Drivers/STM32F3xx_HAL_Driver/Src/stm32f3xx_hal_i2c_ex.c" -mcpu=cortex-m4 -std=gnu11 -DUSE_HAL_DRIVER -DSTM32F303xE -c -I../Core/Inc -I../Drivers/STM32F3xx_HAL_Driver/Inc -I../Drivers/STM32F3xx_HAL_Driver/Inc/Legacy -I../Drivers/CMSIS/Device/ST/STM32F3xx/Include -I../Drivers/CMSIS/Include -Os -ffunction-sections -fdata-sections -Wall -fstack-usage -MMD -MP -MF"Drivers/STM32F3xx_HAL_Driver/Src/stm32f3xx_hal_i2c_ex.d" -MT"Drivers/STM32F3xx_HAL_Driver/Src/stm32f3xx_hal_i2c_ex.o" --specs=nano.specs -mfpu=fpv4-sp-d16 -mfloat-abi=hard -mthumb -o "Drivers/STM32F3xx_HAL_Driver/Src/stm32f3xx_hal_i2c_ex.o"
arm-none-eabi-gcc "../Drivers/STM32F3xx_HAL_Driver/Src/stm32f3xx_hal_pwr.c" -mcpu=cortex-m4 -std=gnu11 -DUSE_HAL_DRIVER -DSTM32F303xE -c -I../Core/Inc -I../Drivers/STM32F3xx_HAL_Driver/Inc -I../Drivers/STM32F3xx_HAL_Driver/Inc/Legacy -I../Drivers/CMSIS/Device/ST/STM32F3xx/Include -I../Drivers/CMSIS/Include -Os -ffunction-sections -fdata-sections -Wall -fstack-usage -MMD -MP -MF"Drivers/STM32F3xx_HAL_Driver/Src/stm32f3xx_hal_pwr.d" -MT"Drivers/STM32F3xx_HAL_Driver/Src/stm32f3xx_hal_pwr.o" --specs=nano.specs -mfpu=fpv4-sp-d16 -mfloat-abi=hard -mthumb -o "Drivers/STM32F3xx_HAL_Driver/Src/stm32f3xx_hal_pwr.o"
arm-none-eabi-gcc "../Drivers/STM32F3xx_HAL_Driver/Src/stm32f3xx_hal_pwr_ex.c" -mcpu=cortex-m4 -std=gnu11 -DUSE_HAL_DRIVER -DSTM32F303xE -c -I../Core/Inc -I../Drivers/STM32F3xx_HAL_Driver/Inc -I../Drivers/STM32F3xx_HAL_Driver/Inc/Legacy -I../Drivers/CMSIS/Device/ST/STM32F3xx/Include -I../Drivers/CMSIS/Include -Os -ffunction-sections -fdata-sections -Wall -fstack-usage -MMD -MP -MF"Drivers/STM32F3xx_HAL_Driver/Src/stm32f3xx_hal_pwr_ex.d" -MT"Drivers/STM32F3xx_HAL_Driver/Src/stm32f3xx_hal_pwr_ex.o" --specs=nano.specs -mfpu=fpv4-sp-d16 -mfloat-abi=hard -mthumb -o "Drivers/STM32F3xx_HAL_Driver/Src/stm32f3xx_hal_pwr_ex.o"
arm-none-eabi-gcc "../Drivers/STM32F3xx_HAL_Driver/Src/stm32f3xx_hal_rcc.c" -mcpu=cortex-m4 -std=gnu11 -DUSE_HAL_DRIVER -DSTM32F303xE -c -I../Core/Inc -I../Drivers/STM32F3xx_HAL_Driver/Inc -I../Drivers/STM32F3xx_HAL_Driver/Inc/Legacy -I../Drivers/CMSIS/Device/ST/STM32F3xx/Include -I../Drivers/CMSIS/Include -Os -ffunction-sections -fdata-sections -Wall -fstack-usage -MMD -MP -MF"Drivers/STM32F3xx_HAL_Driver/Src/stm32f3xx_hal_rcc.d" -MT"Drivers/STM32F3xx_HAL_Driver/Src/stm32f3xx_hal_rcc.o" --specs=nano.specs -mfpu=fpv4-sp-d16 -mfloat-abi=hard -mthumb -o "Drivers/STM32F3xx_HAL_Driver/Src/stm32f3xx_hal_rcc.o"
arm-none-eabi-gcc "../Drivers/STM32F3xx_HAL_Driver/Src/stm32f3xx_hal_rcc_ex.c" -mcpu=cortex-m4 -std=gnu11 -DUSE_HAL_DRIVER -DSTM32F303xE -c -I../Core/Inc -I../Drivers/STM32F3xx_HAL_Driver/Inc -I../Drivers/STM32F3xx_HAL_Driver/Inc/Legacy -I../Drivers/CMSIS/Device/ST/STM32F3xx/Include -I../Drivers/CMSIS/Include -Os -ffunction-sections -fdata-sections -Wall -fstack-usage -MMD -MP -MF"Drivers/STM32F3xx_HAL_Driver/Src/stm32f3xx_hal_rcc_ex.d" -MT"Drivers/STM32F3xx_HAL_Driver/Src/stm32f3xx_hal_rcc_ex.o" --specs=nano.specs -mfpu=fpv4-sp-d16 -mfloat-abi=hard -mthumb -o "Drivers/STM32F3xx_HAL_Driver/Src/stm32f3xx_hal_rcc_ex.o"
arm-none-eabi-gcc "../Drivers/STM32F3xx_HAL_Driver/Src/stm32f3xx_hal_tim.c" -mcpu=cortex-m4 -std=gnu11 -DUSE_HAL_DRIVER -DSTM32F303xE -c -I../Core/Inc -I../Drivers/STM32F3xx_HAL_Driver/Inc -I../Drivers/STM32F3xx_HAL_Driver/Inc/Legacy -I../Drivers/CMSIS/Device/ST/STM32F3xx/Include -I../Drivers/CMSIS/Include -Os -ffunction-sections -fdata-sections -Wall -fstack-usage -MMD -MP -MF"Drivers/STM32F3xx_HAL_Driver/Src/stm32f3xx_hal_tim.d" -MT"Drivers/STM32F3xx_HAL_Driver/Src/stm32f3xx_hal_tim.o" --specs=nano.specs -mfpu=fpv4-sp-d16 -mfloat-abi=hard -mthumb -o "Drivers/STM32F3xx_HAL_Driver/Src/stm32f3xx_hal_tim.o"
arm-none-eabi-gcc "../Drivers/STM32F3xx_HAL_Driver/Src/stm32f3xx_hal_tim_ex.c" -mcpu=cortex-m4 -std=gnu11 -DUSE_HAL_DRIVER -DSTM32F303xE -c -I../Core/Inc -I../Drivers/STM32F3xx_HAL_Driver/Inc -I../Drivers/STM32F3xx_HAL_Driver/Inc/Legacy -I../Drivers/CMSIS/Device/ST/STM32F3xx/Include -I../Drivers/CMSIS/Include -Os -ffunction-sections -fdata-sections -Wall -fstack-usage -MMD -MP -MF"Drivers/STM32F3xx_HAL_Driver/Src/stm32f3xx_hal_tim_ex.d" -MT"Drivers/STM32F3xx_HAL_Driver/Src/stm32f3xx_hal_tim_ex.o" --specs=nano.specs -mfpu=fpv4-sp-d16 -mfloat-abi=hard -mthumb -o "Drivers/STM32F3xx_HAL_Driver/Src/stm32f3xx_hal_tim_ex.o"
arm-none-eabi-gcc "../Drivers/STM32F3xx_HAL_Driver/Src/stm32f3xx_hal_uart.c" -mcpu=cortex-m4 -std=gnu11 -DUSE_HAL_DRIVER -DSTM32F303xE -c -I../Core/Inc -I../Drivers/STM32F3xx_HAL_Driver/Inc -I../Drivers/STM32F3xx_HAL_Driver/Inc/Legacy -I../Drivers/CMSIS/Device/ST/STM32F3xx/Include -I../Drivers/CMSIS/Include -Os -ffunction-sections -fdata-sections -Wall -fstack-usage -MMD -MP -MF"Drivers/STM32F3xx_HAL_Driver/Src/stm32f3xx_hal_uart.d" -MT"Drivers/STM32F3xx_HAL_Driver/Src/stm32f3xx_hal_uart.o" --specs=nano.specs -mfpu=fpv4-sp-d16 -mfloat-abi=hard -mthumb -o "Drivers/STM32F3xx_HAL_Driver/Src/stm32f3xx_hal_uart.o"
arm-none-eabi-gcc "../Drivers/STM32F3xx_HAL_Driver/Src/stm32f3xx_hal_uart_ex.c" -mcpu=cortex-m4 -std=gnu11 -DUSE_HAL_DRIVER -DSTM32F303xE -c -I../Core/Inc -I../Drivers/STM32F3xx_HAL_Driver/Inc -I../Drivers/STM32F3xx_HAL_Driver/Inc/Legacy -I../Drivers/CMSIS/Device/ST/STM32F3xx/Include -I../Drivers/CMSIS/Include -Os -ffunction-sections -fdata-sections -Wall -fstack-usage -MMD -MP -MF"Drivers/STM32F3xx_HAL_Driver/Src/stm32f3xx_hal_uart_ex.d" -MT"Drivers/STM32F3xx_HAL_Driver/Src/stm32f3xx_hal_uart_ex.o" --specs=nano.specs -mfpu=fpv4-sp-d16 -mfloat-abi=hard -mthumb -o "Drivers/STM32F3xx_HAL_Driver/Src/stm32f3xx_hal_uart_ex.o"
arm-none-eabi-gcc -mcpu=cortex-m4 -c -x assembler-with-cpp -MMD -MP -MF"Core/Startup/startup_stm32f303retx.d" -MT"Core/Startup/startup_stm32f303retx.o" --specs=nano.specs -mfpu=fpv4-sp-d16 -mfloat-abi=hard -mthumb -o "Core/Startup/startup_stm32f303retx.o" "../Core/Startup/startup_stm32f303retx.s"
arm-none-eabi-gcc "../Core/Src/main.c" -mcpu=cortex-m4 -std=gnu11 -DUSE_HAL_DRIVER -DSTM32F303xE -c -I../Core/Inc -I../Drivers/STM32F3xx_HAL_Driver/Inc -I../Drivers/STM32F3xx_HAL_Driver/Inc/Legacy -I../Drivers/CMSIS/Device/ST/STM32F3xx/Include -I../Drivers/CMSIS/Include -Os -ffunction-sections -fdata-sections -Wall -fstack-usage -MMD -MP -MF"Core/Src/main.d" -MT"Core/Src/main.o" --specs=nano.specs -mfpu=fpv4-sp-d16 -mfloat-abi=hard -mthumb -o "Core/Src/main.o"
arm-none-eabi-gcc "../Core/Src/stm32f3xx_hal_msp.c" -mcpu=cortex-m4 -std=gnu11 -DUSE_HAL_DRIVER -DSTM32F303xE -c -I../Core/Inc -I../Drivers/STM32F3xx_HAL_Driver/Inc -I../Drivers/STM32F3xx_HAL_Driver/Inc/Legacy -I../Drivers/CMSIS/Device/ST/STM32F3xx/Include -I../Drivers/CMSIS/Include -Os -ffunction-sections -fdata-sections -Wall -fstack-usage -MMD -MP -MF"Core/Src/stm32f3xx_hal_msp.d" -MT"Core/Src/stm32f3xx_hal_msp.o" --specs=nano.specs -mfpu=fpv4-sp-d16 -mfloat-abi=hard -mthumb -o "Core/Src/stm32f3xx_hal_msp.o"
arm-none-eabi-gcc "../Core/Src/stm32f3xx_it.c" -mcpu=cortex-m4 -std=gnu11 -DUSE_HAL_DRIVER -DSTM32F303xE -c -I../Core/Inc -I../Drivers/STM32F3xx_HAL_Driver/Inc -I../Drivers/STM32F3xx_HAL_Driver/Inc/Legacy -I../Drivers/CMSIS/Device/ST/STM32F3xx/Include -I../Drivers/CMSIS/Include -Os -ffunction-sections -fdata-sections -Wall -fstack-usage -MMD -MP -MF"Core/Src/stm32f3xx_it.d" -MT"Core/Src/stm32f3xx_it.o" --specs=nano.specs -mfpu=fpv4-sp-d16 -mfloat-abi=hard -mthumb -o "Core/Src/stm32f3xx_it.o"
arm-none-eabi-gcc "../Core/Src/syscalls.c" -mcpu=cortex-m4 -std=gnu11 -DUSE_HAL_DRIVER -DSTM32F303xE -c -I../Core/Inc -I../Drivers/STM32F3xx_HAL_Driver/Inc -I../Drivers/STM32F3xx_HAL_Driver/Inc/Legacy -I../Drivers/CMSIS/Device/ST/STM32F3xx/Include -I../Drivers/CMSIS/Include -Os -ffunction-sections -fdata-sections -Wall -fstack-usage -MMD -MP -MF"Core/Src/syscalls.d" -MT"Core/Src/syscalls.o" --specs=nano.specs -mfpu=fpv4-sp-d16 -mfloat-abi=hard -mthumb -o "Core/Src/syscalls.o"
arm-none-eabi-gcc "../Core/Src/sysmem.c" -mcpu=cortex-m4 -std=gnu11 -DUSE_HAL_DRIVER -DSTM32F303xE -c -I../Core/Inc -I../Drivers/STM32F3xx_HAL_Driver/Inc -I../Drivers/STM32F3xx_HAL_Driver/Inc/Legacy -I../Drivers/CMSIS/Device/ST/STM32F3xx/Include -I../Drivers/CMSIS/Include -Os -ffunction-sections -fdata-sections -Wall -fstack-usage -MMD -MP -MF"Core/Src/sysmem.d" -MT"Core/Src/sysmem.o" --specs=nano.specs -mfpu=fpv4-sp-d16 -mfloat-abi=hard -mthumb -o "Core/Src/sysmem.o"
arm-none-eabi-gcc "../Core/Src/system_stm32f3xx.c" -mcpu=cortex-m4 -std=gnu11 -DUSE_HAL_DRIVER -DSTM32F303xE -c -I../Core/Inc -I../Drivers/STM32F3xx_HAL_Driver/Inc -I../Drivers/STM32F3xx_HAL_Driver/Inc/Legacy -I../Drivers/CMSIS/Device/ST/STM32F3xx/Include -I../Drivers/CMSIS/Include -Os -ffunction-sections -fdata-sections -Wall -fstack-usage -MMD -MP -MF"Core/Src/system_stm32f3xx.d" -MT"Core/Src/system_stm32f3xx.o" --specs=nano.specs -mfpu=fpv4-sp-d16 -mfloat-abi=hard -mthumb -o "Core/Src/system_stm32f3xx.o"
arm-none-eabi-gcc -o "proximity_Bruce.elf" @"objects.list"   -mcpu=cortex-m4 -T"C:\Users\bruce.lee\STM32CubeIDE\workspace_1.9.0\proximity_Bruce\STM32F303RETX_FLASH.ld" --specs=nosys.specs -Wl,-Map="proximity_Bruce.map" -Wl,--gc-sections -static --specs=nano.specs -mfpu=fpv4-sp-d16 -mfloat-abi=hard -mthumb -Wl,--start-group -lc -lm -Wl,--end-group
Finished building target: proximity_Bruce.elf
 
arm-none-eabi-size   proximity_Bruce.elf 
arm-none-eabi-objdump -h -S  proximity_Bruce.elf  > "proximity_Bruce.list"
   text	   data	    bss	    dec	    hex	filename
   9828	    120	   1864	  11812	   2e24	proximity_Bruce.elf
Finished building: default.size.stdout
 
Finished building: proximity_Bruce.list
 
14:51:34 **** Incremental Build of configuration Debug for project proximity_Bruce ****
make -j4 all 
arm-none-eabi-size   proximity_Bruce.elf 
   text	   data	    bss	    dec	    hex	filename
  16992	    120	   1864	  18976	   4a20	proximity_Bruce.elf
Finished building: default.size.stdout
 
14:56:36 **** Incremental Build of configuration Debug for project FIR ****
make -j4 all 
arm-none-eabi-size   FIR.elf 
   text	   data	    bss	    dec	    hex	filename
  19016	     44	   1916	  20976	   51f0	FIR.elf
Finished building: default.size.stdout
 
14:56:38 **** Incremental Build of configuration Debug for project ProximityTest ****
make -j4 all 
arm-none-eabi-size   ProximityTest.elf 
   text	   data	    bss	    dec	    hex	filename
  16008	    120	   1784	  17912	   45f8	ProximityTest.elf
Finished building: default.size.stdout
 
14:56:40 **** Incremental Build of configuration Debug for project SmartMic_G030K8 ****
make -j4 all 
arm-none-eabi-gcc "../Core/Src/main.c" -mcpu=cortex-m0plus -std=gnu11 -g3 -DDEBUG -DUSE_HAL_DRIVER -DSTM32G030xx -c -I../Core/Inc -I../Drivers/STM32G0xx_HAL_Driver/Inc -I../Drivers/STM32G0xx_HAL_Driver/Inc/Legacy -I../Drivers/CMSIS/Device/ST/STM32G0xx/Include -I../Drivers/CMSIS/Include -O0 -ffunction-sections -fdata-sections -Wall -fstack-usage -MMD -MP -MF"Core/Src/main.d" -MT"Core/Src/main.o" --specs=nano.specs -mfloat-abi=soft -mthumb -o "Core/Src/main.o"
../Core/Src/main.c: In function 'main':
../Core/Src/main.c:252:26: error: 'xeAW21009' undeclared (first use in this function)
  252 |                   switch(xeAW21009) {
      |                          ^~~~~~~~~
../Core/Src/main.c:252:26: note: each undeclared identifier is reported only once for each function it appears in
../Core/Src/main.c:254:28: error: 'xeAW_Empty' undeclared (first use in this function)
  254 |                       case xeAW_Empty:
      |                            ^~~~~~~~~~
../Core/Src/main.c:255:28: error: 'xeAW_SWReset' undeclared (first use in this function)
  255 |                       case xeAW_SWReset:
      |                            ^~~~~~~~~~~~
../Core/Src/main.c:257:27: warning: implicit declaration of function 'aw_i2c_write_one_byte' [-Wimplicit-function-declaration]
  257 |                           aw_i2c_write_one_byte(AW21xxx_DEVICE_ADDR, 0x70, 0x00);  //Write 00H to RESET
      |                           ^~~~~~~~~~~~~~~~~~~~~
../Core/Src/main.c:257:49: error: 'AW21xxx_DEVICE_ADDR' undeclared (first use in this function)
  257 |                           aw_i2c_write_one_byte(AW21xxx_DEVICE_ADDR, 0x70, 0x00);  //Write 00H to RESET
      |                                                 ^~~~~~~~~~~~~~~~~~~
../Core/Src/main.c:259:36: error: 'xeAW_HWReset_001' undeclared (first use in this function)
  259 |                           NextStep(xeAW_HWReset_001);
      |                                    ^~~~~~~~~~~~~~~~
../Core/Src/main.c:245:45: note: in definition of macro 'NextStep'
  245 |               #define NextStep(x) xeAW21009=x;
      |                                             ^
../Core/Src/main.c:267:36: error: 'xeAW_HWReset_002' undeclared (first use in this function)
  267 |                           NextStep(xeAW_HWReset_002);
      |                                    ^~~~~~~~~~~~~~~~
../Core/Src/main.c:245:45: note: in definition of macro 'NextStep'
  245 |               #define NextStep(x) xeAW21009=x;
      |                                             ^
../Core/Src/main.c:273:36: error: 'xeAW_Global_Current_Configuration' undeclared (first use in this function)
  273 |                           NextStep(xeAW_Global_Current_Configuration);
      |                                    ^~~~~~~~~~~~~~~~~~~~~~~~~~~~~~~~~
../Core/Src/main.c:245:45: note: in definition of macro 'NextStep'
  245 |               #define NextStep(x) xeAW21009=x;
      |                                             ^
../Core/Src/main.c:280:36: error: 'xeAW_Brightness_Configuration' undeclared (first use in this function)
  280 |                           NextStep(xeAW_Brightness_Configuration);
      |                                    ^~~~~~~~~~~~~~~~~~~~~~~~~~~~~
../Core/Src/main.c:245:45: note: in definition of macro 'NextStep'
  245 |               #define NextStep(x) xeAW21009=x;
      |                                             ^
../Core/Src/main.c:296:36: error: 'xeAW_Update_the_Brightness_and_SL' undeclared (first use in this function)
  296 |                           NextStep(xeAW_Update_the_Brightness_and_SL);
      |                                    ^~~~~~~~~~~~~~~~~~~~~~~~~~~~~~~~~
../Core/Src/main.c:245:45: note: in definition of macro 'NextStep'
  245 |               #define NextStep(x) xeAW21009=x;
      |                                             ^
../Core/Src/main.c:302:36: error: 'xeAW_Light_Effect_Configuration_Single_LED_ON_Mode_001' undeclared (first use in this function)
  302 |                           NextStep(xeAW_Light_Effect_Configuration_Single_LED_ON_Mode_001);
      |                                    ^~~~~~~~~~~~~~~~~~~~~~~~~~~~~~~~~~~~~~~~~~~~~~~~~~~~~~
../Core/Src/main.c:245:45: note: in definition of macro 'NextStep'
  245 |               #define NextStep(x) xeAW21009=x;
      |                                             ^
../Core/Src/main.c:310:36: error: 'xeAW_Light_Effect_Configuration_Single_LED_ON_Mode_002' undeclared (first use in this function)
  310 |                           NextStep(xeAW_Light_Effect_Configuration_Single_LED_ON_Mode_002);
      |                                    ^~~~~~~~~~~~~~~~~~~~~~~~~~~~~~~~~~~~~~~~~~~~~~~~~~~~~~
../Core/Src/main.c:245:45: note: in definition of macro 'NextStep'
  245 |               #define NextStep(x) xeAW21009=x;
      |                                             ^
../Core/Src/main.c:320:36: error: 'xeAW_Light_Effect_Configuration_Single_LED_ON_Mode_003' undeclared (first use in this function)
  320 |                           NextStep(xeAW_Light_Effect_Configuration_Single_LED_ON_Mode_003);
      |                                    ^~~~~~~~~~~~~~~~~~~~~~~~~~~~~~~~~~~~~~~~~~~~~~~~~~~~~~
../Core/Src/main.c:245:45: note: in definition of macro 'NextStep'
  245 |               #define NextStep(x) xeAW21009=x;
      |                                             ^
../Core/Src/main.c:327:27: warning: implicit declaration of function 'aw21xxx_set_brres' [-Wimplicit-function-declaration]
  327 |                           aw21xxx_set_brres(0);  //0x20 bit2:bit1=10 12bit
      |                           ^~~~~~~~~~~~~~~~~
../Core/Src/main.c:338:27: warning: implicit declaration of function 'aw21xxx_update_brightness_to_display' [-Wimplicit-function-declaration]
  338 |                           aw21xxx_update_brightness_to_display();  //Update brightness data
      |                           ^~~~~~~~~~~~~~~~~~~~~~~~~~~~~~~~~~~~
../Core/Src/main.c:341:36: error: 'xeAW_ALL_LEDs_ON_Mode_001' undeclared (first use in this function)
  341 |                           NextStep(xeAW_ALL_LEDs_ON_Mode_001);
      |                                    ^~~~~~~~~~~~~~~~~~~~~~~~~
../Core/Src/main.c:245:45: note: in definition of macro 'NextStep'
  245 |               #define NextStep(x) xeAW21009=x;
      |                                             ^
../Core/Src/main.c:349:36: error: 'xeAW_ALL_LEDs_ON_Mode_002' undeclared (first use in this function)
  349 |                           NextStep(xeAW_ALL_LEDs_ON_Mode_002);
      |                                    ^~~~~~~~~~~~~~~~~~~~~~~~~
../Core/Src/main.c:245:45: note: in definition of macro 'NextStep'
  245 |               #define NextStep(x) xeAW21009=x;
      |                                             ^
../Core/Src/main.c:358:36: error: 'xeAW_ALL_LEDs_ON_Mode_003' undeclared (first use in this function)
  358 |                           NextStep(xeAW_ALL_LEDs_ON_Mode_003);
      |                                    ^~~~~~~~~~~~~~~~~~~~~~~~~
../Core/Src/main.c:245:45: note: in definition of macro 'NextStep'
  245 |               #define NextStep(x) xeAW21009=x;
      |                                             ^
../Core/Src/main.c: In function 'Task_Preset_LED_GPIO':
../Core/Src/main.c:1102:27: error: 'Preset_LED01' undeclared (first use in this function)
 1102 |         HAL_GPIO_WritePin(Preset_LED01, u8PresetLED_Save.sb.bit0);
      |                           ^~~~~~~~~~~~
../Core/Src/main.c:1102:9: error: too few arguments to function 'HAL_GPIO_WritePin'
 1102 |         HAL_GPIO_WritePin(Preset_LED01, u8PresetLED_Save.sb.bit0);
      |         ^~~~~~~~~~~~~~~~~
In file included from ../Core/Inc/stm32g0xx_hal_conf.h:213,
                 from ../Drivers/STM32G0xx_HAL_Driver/Inc/stm32g0xx_hal.h:30,
                 from ../Core/Inc/main.h:31,
                 from ../Core/Src/main.c:21:
../Drivers/STM32G0xx_HAL_Driver/Inc/stm32g0xx_hal_gpio.h:335:19: note: declared here
  335 | void              HAL_GPIO_WritePin(GPIO_TypeDef *GPIOx, uint16_t GPIO_Pin, GPIO_PinState PinState);
      |                   ^~~~~~~~~~~~~~~~~
../Core/Src/main.c:1103:27: error: 'Preset_LED02' undeclared (first use in this function)
 1103 |         HAL_GPIO_WritePin(Preset_LED02, u8PresetLED_Save.sb.bit1);
      |                           ^~~~~~~~~~~~
../Core/Src/main.c:1103:9: error: too few arguments to function 'HAL_GPIO_WritePin'
 1103 |         HAL_GPIO_WritePin(Preset_LED02, u8PresetLED_Save.sb.bit1);
      |         ^~~~~~~~~~~~~~~~~
In file included from ../Core/Inc/stm32g0xx_hal_conf.h:213,
                 from ../Drivers/STM32G0xx_HAL_Driver/Inc/stm32g0xx_hal.h:30,
                 from ../Core/Inc/main.h:31,
                 from ../Core/Src/main.c:21:
../Drivers/STM32G0xx_HAL_Driver/Inc/stm32g0xx_hal_gpio.h:335:19: note: declared here
  335 | void              HAL_GPIO_WritePin(GPIO_TypeDef *GPIOx, uint16_t GPIO_Pin, GPIO_PinState PinState);
      |                   ^~~~~~~~~~~~~~~~~
../Core/Src/main.c:1104:27: error: 'Preset_LED03' undeclared (first use in this function)
 1104 |         HAL_GPIO_WritePin(Preset_LED03, u8PresetLED_Save.sb.bit2);
      |                           ^~~~~~~~~~~~
../Core/Src/main.c:1104:9: error: too few arguments to function 'HAL_GPIO_WritePin'
 1104 |         HAL_GPIO_WritePin(Preset_LED03, u8PresetLED_Save.sb.bit2);
      |         ^~~~~~~~~~~~~~~~~
In file included from ../Core/Inc/stm32g0xx_hal_conf.h:213,
                 from ../Drivers/STM32G0xx_HAL_Driver/Inc/stm32g0xx_hal.h:30,
                 from ../Core/Inc/main.h:31,
                 from ../Core/Src/main.c:21:
../Drivers/STM32G0xx_HAL_Driver/Inc/stm32g0xx_hal_gpio.h:335:19: note: declared here
  335 | void              HAL_GPIO_WritePin(GPIO_TypeDef *GPIOx, uint16_t GPIO_Pin, GPIO_PinState PinState);
      |                   ^~~~~~~~~~~~~~~~~
../Core/Src/main.c:1105:27: error: 'Preset_LED04' undeclared (first use in this function)
 1105 |         HAL_GPIO_WritePin(Preset_LED04, u8PresetLED_Save.sb.bit3);
      |                           ^~~~~~~~~~~~
../Core/Src/main.c:1105:9: error: too few arguments to function 'HAL_GPIO_WritePin'
 1105 |         HAL_GPIO_WritePin(Preset_LED04, u8PresetLED_Save.sb.bit3);
      |         ^~~~~~~~~~~~~~~~~
In file included from ../Core/Inc/stm32g0xx_hal_conf.h:213,
                 from ../Drivers/STM32G0xx_HAL_Driver/Inc/stm32g0xx_hal.h:30,
                 from ../Core/Inc/main.h:31,
                 from ../Core/Src/main.c:21:
../Drivers/STM32G0xx_HAL_Driver/Inc/stm32g0xx_hal_gpio.h:335:19: note: declared here
  335 | void              HAL_GPIO_WritePin(GPIO_TypeDef *GPIOx, uint16_t GPIO_Pin, GPIO_PinState PinState);
      |                   ^~~~~~~~~~~~~~~~~
../Core/Src/main.c:1106:27: error: 'Preset_LED05' undeclared (first use in this function)
 1106 |         HAL_GPIO_WritePin(Preset_LED05, u8PresetLED_Save.sb.bit4);
      |                           ^~~~~~~~~~~~
../Core/Src/main.c:1106:9: error: too few arguments to function 'HAL_GPIO_WritePin'
 1106 |         HAL_GPIO_WritePin(Preset_LED05, u8PresetLED_Save.sb.bit4);
      |         ^~~~~~~~~~~~~~~~~
In file included from ../Core/Inc/stm32g0xx_hal_conf.h:213,
                 from ../Drivers/STM32G0xx_HAL_Driver/Inc/stm32g0xx_hal.h:30,
                 from ../Core/Inc/main.h:31,
                 from ../Core/Src/main.c:21:
../Drivers/STM32G0xx_HAL_Driver/Inc/stm32g0xx_hal_gpio.h:335:19: note: declared here
  335 | void              HAL_GPIO_WritePin(GPIO_TypeDef *GPIOx, uint16_t GPIO_Pin, GPIO_PinState PinState);
      |                   ^~~~~~~~~~~~~~~~~
../Core/Src/main.c:1107:27: error: 'Preset_LED06' undeclared (first use in this function)
 1107 |         HAL_GPIO_WritePin(Preset_LED06, u8PresetLED_Save.sb.bit5);
      |                           ^~~~~~~~~~~~
../Core/Src/main.c:1107:9: error: too few arguments to function 'HAL_GPIO_WritePin'
 1107 |         HAL_GPIO_WritePin(Preset_LED06, u8PresetLED_Save.sb.bit5);
      |         ^~~~~~~~~~~~~~~~~
In file included from ../Core/Inc/stm32g0xx_hal_conf.h:213,
                 from ../Drivers/STM32G0xx_HAL_Driver/Inc/stm32g0xx_hal.h:30,
                 from ../Core/Inc/main.h:31,
                 from ../Core/Src/main.c:21:
../Drivers/STM32G0xx_HAL_Driver/Inc/stm32g0xx_hal_gpio.h:335:19: note: declared here
  335 | void              HAL_GPIO_WritePin(GPIO_TypeDef *GPIOx, uint16_t GPIO_Pin, GPIO_PinState PinState);
      |                   ^~~~~~~~~~~~~~~~~
../Core/Src/main.c:1108:27: error: 'Preset_LED07' undeclared (first use in this function)
 1108 |         HAL_GPIO_WritePin(Preset_LED07, u8PresetLED_Save.sb.bit6);
      |                           ^~~~~~~~~~~~
../Core/Src/main.c:1108:9: error: too few arguments to function 'HAL_GPIO_WritePin'
 1108 |         HAL_GPIO_WritePin(Preset_LED07, u8PresetLED_Save.sb.bit6);
      |         ^~~~~~~~~~~~~~~~~
In file included from ../Core/Inc/stm32g0xx_hal_conf.h:213,
                 from ../Drivers/STM32G0xx_HAL_Driver/Inc/stm32g0xx_hal.h:30,
                 from ../Core/Inc/main.h:31,
                 from ../Core/Src/main.c:21:
../Drivers/STM32G0xx_HAL_Driver/Inc/stm32g0xx_hal_gpio.h:335:19: note: declared here
  335 | void              HAL_GPIO_WritePin(GPIO_TypeDef *GPIOx, uint16_t GPIO_Pin, GPIO_PinState PinState);
      |                   ^~~~~~~~~~~~~~~~~
../Core/Src/main.c:1109:27: error: 'Preset_LED08' undeclared (first use in this function)
 1109 |         HAL_GPIO_WritePin(Preset_LED08, u8PresetLED_Save.sb.bit7);
      |                           ^~~~~~~~~~~~
../Core/Src/main.c:1109:9: error: too few arguments to function 'HAL_GPIO_WritePin'
 1109 |         HAL_GPIO_WritePin(Preset_LED08, u8PresetLED_Save.sb.bit7);
      |         ^~~~~~~~~~~~~~~~~
In file included from ../Core/Inc/stm32g0xx_hal_conf.h:213,
                 from ../Drivers/STM32G0xx_HAL_Driver/Inc/stm32g0xx_hal.h:30,
                 from ../Core/Inc/main.h:31,
                 from ../Core/Src/main.c:21:
../Drivers/STM32G0xx_HAL_Driver/Inc/stm32g0xx_hal_gpio.h:335:19: note: declared here
  335 | void              HAL_GPIO_WritePin(GPIO_TypeDef *GPIOx, uint16_t GPIO_Pin, GPIO_PinState PinState);
      |                   ^~~~~~~~~~~~~~~~~
../Core/Src/main.c: In function 'Task_Button':
../Core/Src/main.c:1116:42: error: 'Presets_Switch' undeclared (first use in this function)
 1116 |     xfButton.sb.bit0 = !HAL_GPIO_ReadPin(Presets_Switch);
      |                                          ^~~~~~~~~~~~~~
../Core/Src/main.c:1116:25: error: too few arguments to function 'HAL_GPIO_ReadPin'
 1116 |     xfButton.sb.bit0 = !HAL_GPIO_ReadPin(Presets_Switch);
      |                         ^~~~~~~~~~~~~~~~
In file included from ../Core/Inc/stm32g0xx_hal_conf.h:213,
                 from ../Drivers/STM32G0xx_HAL_Driver/Inc/stm32g0xx_hal.h:30,
                 from ../Core/Inc/main.h:31,
                 from ../Core/Src/main.c:21:
../Drivers/STM32G0xx_HAL_Driver/Inc/stm32g0xx_hal_gpio.h:334:19: note: declared here
  334 | GPIO_PinState     HAL_GPIO_ReadPin(GPIO_TypeDef *GPIOx, uint16_t GPIO_Pin);
      |                   ^~~~~~~~~~~~~~~~
../Core/Src/main.c:1117:42: error: 'Pattern_Switch' undeclared (first use in this function)
 1117 |     xfButton.sb.bit1 = !HAL_GPIO_ReadPin(Pattern_Switch);
      |                                          ^~~~~~~~~~~~~~
../Core/Src/main.c:1117:25: error: too few arguments to function 'HAL_GPIO_ReadPin'
 1117 |     xfButton.sb.bit1 = !HAL_GPIO_ReadPin(Pattern_Switch);
      |                         ^~~~~~~~~~~~~~~~
In file included from ../Core/Inc/stm32g0xx_hal_conf.h:213,
                 from ../Drivers/STM32G0xx_HAL_Driver/Inc/stm32g0xx_hal.h:30,
                 from ../Core/Inc/main.h:31,
                 from ../Core/Src/main.c:21:
../Drivers/STM32G0xx_HAL_Driver/Inc/stm32g0xx_hal_gpio.h:334:19: note: declared here
  334 | GPIO_PinState     HAL_GPIO_ReadPin(GPIO_TypeDef *GPIOx, uint16_t GPIO_Pin);
      |                   ^~~~~~~~~~~~~~~~
../Core/Src/main.c:1118:42: error: 'Headphone_Mute' undeclared (first use in this function)
 1118 |     xfButton.sb.bit2 = !HAL_GPIO_ReadPin(Headphone_Mute);
      |                                          ^~~~~~~~~~~~~~
../Core/Src/main.c:1118:25: error: too few arguments to function 'HAL_GPIO_ReadPin'
 1118 |     xfButton.sb.bit2 = !HAL_GPIO_ReadPin(Headphone_Mute);
      |                         ^~~~~~~~~~~~~~~~
In file included from ../Core/Inc/stm32g0xx_hal_conf.h:213,
                 from ../Drivers/STM32G0xx_HAL_Driver/Inc/stm32g0xx_hal.h:30,
                 from ../Core/Inc/main.h:31,
                 from ../Core/Src/main.c:21:
../Drivers/STM32G0xx_HAL_Driver/Inc/stm32g0xx_hal_gpio.h:334:19: note: declared here
  334 | GPIO_PinState     HAL_GPIO_ReadPin(GPIO_TypeDef *GPIOx, uint16_t GPIO_Pin);
      |                   ^~~~~~~~~~~~~~~~
../Core/Src/main.c:1119:42: error: 'Mix_Mute' undeclared (first use in this function)
 1119 |     xfButton.sb.bit3 = !HAL_GPIO_ReadPin(Mix_Mute);
      |                                          ^~~~~~~~
../Core/Src/main.c:1119:25: error: too few arguments to function 'HAL_GPIO_ReadPin'
 1119 |     xfButton.sb.bit3 = !HAL_GPIO_ReadPin(Mix_Mute);
      |                         ^~~~~~~~~~~~~~~~
In file included from ../Core/Inc/stm32g0xx_hal_conf.h:213,
                 from ../Drivers/STM32G0xx_HAL_Driver/Inc/stm32g0xx_hal.h:30,
                 from ../Core/Inc/main.h:31,
                 from ../Core/Src/main.c:21:
../Drivers/STM32G0xx_HAL_Driver/Inc/stm32g0xx_hal_gpio.h:334:19: note: declared here
  334 | GPIO_PinState     HAL_GPIO_ReadPin(GPIO_TypeDef *GPIOx, uint16_t GPIO_Pin);
      |                   ^~~~~~~~~~~~~~~~
../Core/Src/main.c:1120:42: error: 'Mic_Mute' undeclared (first use in this function)
 1120 |     xfButton.sb.bit4 = !HAL_GPIO_ReadPin(Mic_Mute);
      |                                          ^~~~~~~~
../Core/Src/main.c:1120:25: error: too few arguments to function 'HAL_GPIO_ReadPin'
 1120 |     xfButton.sb.bit4 = !HAL_GPIO_ReadPin(Mic_Mute);
      |                         ^~~~~~~~~~~~~~~~
In file included from ../Core/Inc/stm32g0xx_hal_conf.h:213,
                 from ../Drivers/STM32G0xx_HAL_Driver/Inc/stm32g0xx_hal.h:30,
                 from ../Core/Inc/main.h:31,
                 from ../Core/Src/main.c:21:
../Drivers/STM32G0xx_HAL_Driver/Inc/stm32g0xx_hal_gpio.h:334:19: note: declared here
  334 | GPIO_PinState     HAL_GPIO_ReadPin(GPIO_TypeDef *GPIOx, uint16_t GPIO_Pin);
      |                   ^~~~~~~~~~~~~~~~
make: *** [Core/Src/subdir.mk:37: Core/Src/main.o] Error 1
"make -j4 all" terminated with exit code 2. Build might be incomplete.
14:56:44 **** Incremental Build of configuration Debug for project adc_test ****
make -j4 all 
arm-none-eabi-size   adc_test.elf 
   text	   data	    bss	    dec	    hex	filename
  34896	    484	   2052	  37432	   9238	adc_test.elf
Finished building: default.size.stdout
 
14:56:47 **** Incremental Build of configuration Debug for project led_test ****
make -j4 all 
arm-none-eabi-size   led_test.elf 
   text	   data	    bss	    dec	    hex	filename
   8028	     20	   1572	   9620	   2594	led_test.elf
Finished building: default.size.stdout
 
14:56:49 **** Incremental Build of configuration Debug for project proximity_Bruce ****
make -j4 all 
arm-none-eabi-gcc "../Core/Src/main.c" -mcpu=cortex-m4 -std=gnu11 -g3 -DDEBUG -DUSE_HAL_DRIVER -DSTM32F303xE -c -I../Core/Inc -I../Drivers/STM32F3xx_HAL_Driver/Inc -I../Drivers/STM32F3xx_HAL_Driver/Inc/Legacy -I../Drivers/CMSIS/Device/ST/STM32F3xx/Include -I../Drivers/CMSIS/Include -O0 -ffunction-sections -fdata-sections -Wall -fstack-usage -MMD -MP -MF"Core/Src/main.d" -MT"Core/Src/main.o" --specs=nano.specs -mfpu=fpv4-sp-d16 -mfloat-abi=hard -mthumb -o "Core/Src/main.o"
../Core/Src/main.c: In function 'task5ms':
../Core/Src/main.c:95:41: warning: format '%d' expects argument of type 'int', but argument 4 has type 'uint32_t' {aka 'long unsigned int'} [-Wformat=]
   95 |  snprintf(tx_buff, Buff_len, "counter: %d \r\n",  TIM2CNT);
      |                                        ~^         ~~~~~~~
      |                                         |         |
      |                                         int       uint32_t {aka long unsigned int}
      |                                        %ld
arm-none-eabi-gcc -o "proximity_Bruce.elf" @"objects.list"   -mcpu=cortex-m4 -T"C:\Users\bruce.lee\STM32CubeIDE\workspace_1.9.0\proximity_Bruce\STM32F303RETX_FLASH.ld" --specs=nosys.specs -Wl,-Map="proximity_Bruce.map" -Wl,--gc-sections -static --specs=nano.specs -mfpu=fpv4-sp-d16 -mfloat-abi=hard -mthumb -Wl,--start-group -lc -lm -Wl,--end-group
Finished building target: proximity_Bruce.elf
 
arm-none-eabi-size   proximity_Bruce.elf 
arm-none-eabi-objdump -h -S  proximity_Bruce.elf  > "proximity_Bruce.list"
   text	   data	    bss	    dec	    hex	filename
  16992	    120	   1864	  18976	   4a20	proximity_Bruce.elf
Finished building: default.size.stdout
 
Finished building: proximity_Bruce.list
 
14:57:30 **** Incremental Build of configuration Debug for project FIR ****
make -j4 all 
arm-none-eabi-size   FIR.elf 
   text	   data	    bss	    dec	    hex	filename
  19016	     44	   1916	  20976	   51f0	FIR.elf
Finished building: default.size.stdout
 
14:57:32 **** Incremental Build of configuration Debug for project adc_test ****
make -j4 all 
arm-none-eabi-size   adc_test.elf 
   text	   data	    bss	    dec	    hex	filename
  34896	    484	   2052	  37432	   9238	adc_test.elf
Finished building: default.size.stdout
 
14:57:35 **** Incremental Build of configuration Debug for project led_test ****
make -j4 all 
arm-none-eabi-size   led_test.elf 
   text	   data	    bss	    dec	    hex	filename
   8028	     20	   1572	   9620	   2594	led_test.elf
Finished building: default.size.stdout
 
14:57:37 **** Incremental Build of configuration Debug for project proximity_Bruce ****
make -j4 all 
arm-none-eabi-size   proximity_Bruce.elf 
   text	   data	    bss	    dec	    hex	filename
  16992	    120	   1864	  18976	   4a20	proximity_Bruce.elf
Finished building: default.size.stdout
 
02:48:29 **** Incremental Build of configuration Debug for project proximity_Bruce ****
make -j4 all 
arm-none-eabi-gcc "../Core/Src/main.c" -mcpu=cortex-m4 -std=gnu11 -g3 -DDEBUG -DUSE_HAL_DRIVER -DSTM32F303xE -c -I../Core/Inc -I../Drivers/STM32F3xx_HAL_Driver/Inc -I../Drivers/STM32F3xx_HAL_Driver/Inc/Legacy -I../Drivers/CMSIS/Device/ST/STM32F3xx/Include -I../Drivers/CMSIS/Include -O0 -ffunction-sections -fdata-sections -Wall -fstack-usage -MMD -MP -MF"Core/Src/main.d" -MT"Core/Src/main.o" --specs=nano.specs -mfpu=fpv4-sp-d16 -mfloat-abi=hard -mthumb -o "Core/Src/main.o"
../Core/Src/main.c: In function 'task5ms':
../Core/Src/main.c:132:9: error: 'SUMTIM2CNT' undeclared (first use in this function); did you mean 'TIM2CNT'?
  132 |  ftmp = SUMTIM2CNT;
      |         ^~~~~~~~~~
      |         TIM2CNT
../Core/Src/main.c:132:9: note: each undeclared identifier is reported only once for each function it appears in
../Core/Src/main.c:140:53: warning: unused variable 'fMinBoundary' [-Wunused-variable]
  140 |  float fMaxBoundary = Get0d05PostAvg+cfOffsetValue, fMinBoundary = Get0d05PostAvg-cfOffsetValue;
      |                                                     ^~~~~~~~~~~~
../Core/Src/main.c:140:8: warning: unused variable 'fMaxBoundary' [-Wunused-variable]
  140 |  float fMaxBoundary = Get0d05PostAvg+cfOffsetValue, fMinBoundary = Get0d05PostAvg-cfOffsetValue;
      |        ^~~~~~~~~~~~
../Core/Src/main.c:133:8: warning: unused variable 'Get0d25PostAvg' [-Wunused-variable]
  133 |  float Get0d25PostAvg = ffnPostAvg_0d25(ftmp);
      |        ^~~~~~~~~~~~~~
../Core/Src/main.c: In function 'main':
../Core/Src/main.c:221:67: error: 'polling2000ms' undeclared (first use in this function); did you mean 'polling1000ms'?
  221 |        static unsigned short polling500ms = 0, polling1000ms = 0; polling2000ms = 0;
      |                                                                   ^~~~~~~~~~~~~
      |                                                                   polling1000ms
make: *** [Core/Src/subdir.mk:34: Core/Src/main.o] Error 1
"make -j4 all" terminated with exit code 2. Build might be incomplete.
02:49:16 **** Incremental Build of configuration Debug for project proximity_Bruce ****
make -j4 all 
arm-none-eabi-gcc "../Core/Src/main.c" -mcpu=cortex-m4 -std=gnu11 -g3 -DDEBUG -DUSE_HAL_DRIVER -DSTM32F303xE -c -I../Core/Inc -I../Drivers/STM32F3xx_HAL_Driver/Inc -I../Drivers/STM32F3xx_HAL_Driver/Inc/Legacy -I../Drivers/CMSIS/Device/ST/STM32F3xx/Include -I../Drivers/CMSIS/Include -O0 -ffunction-sections -fdata-sections -Wall -fstack-usage -MMD -MP -MF"Core/Src/main.d" -MT"Core/Src/main.o" --specs=nano.specs -mfpu=fpv4-sp-d16 -mfloat-abi=hard -mthumb -o "Core/Src/main.o"
../Core/Src/main.c: In function 'task5ms':
../Core/Src/main.c:136:9: error: 'SUMTIM2CNT' undeclared (first use in this function); did you mean 'TIM2CNT'?
  136 |  ftmp = SUMTIM2CNT;
      |         ^~~~~~~~~~
      |         TIM2CNT
../Core/Src/main.c:136:9: note: each undeclared identifier is reported only once for each function it appears in
../Core/Src/main.c:140:53: warning: unused variable 'fMinBoundary' [-Wunused-variable]
  140 |  float fMaxBoundary = Get0d05PostAvg+cfOffsetValue, fMinBoundary = Get0d05PostAvg-cfOffsetValue;
      |                                                     ^~~~~~~~~~~~
../Core/Src/main.c:140:8: warning: unused variable 'fMaxBoundary' [-Wunused-variable]
  140 |  float fMaxBoundary = Get0d05PostAvg+cfOffsetValue, fMinBoundary = Get0d05PostAvg-cfOffsetValue;
      |        ^~~~~~~~~~~~
../Core/Src/main.c:133:8: warning: unused variable 'Get0d25PostAvg' [-Wunused-variable]
  133 |  float Get0d25PostAvg = ffnPostAvg_0d25(ftmp);
      |        ^~~~~~~~~~~~~~
../Core/Src/main.c: In function 'main':
../Core/Src/main.c:221:67: error: 'polling2000ms' undeclared (first use in this function); did you mean 'polling1000ms'?
  221 |        static unsigned short polling500ms = 0, polling1000ms = 0; polling2000ms = 0;
      |                                                                   ^~~~~~~~~~~~~
      |                                                                   polling1000ms
make: *** [Core/Src/subdir.mk:34: Core/Src/main.o] Error 1
"make -j4 all" terminated with exit code 2. Build might be incomplete.
02:49:45 **** Incremental Build of configuration Debug for project proximity_Bruce ****
make -j4 all 
arm-none-eabi-gcc "../Core/Src/main.c" -mcpu=cortex-m4 -std=gnu11 -g3 -DDEBUG -DUSE_HAL_DRIVER -DSTM32F303xE -c -I../Core/Inc -I../Drivers/STM32F3xx_HAL_Driver/Inc -I../Drivers/STM32F3xx_HAL_Driver/Inc/Legacy -I../Drivers/CMSIS/Device/ST/STM32F3xx/Include -I../Drivers/CMSIS/Include -O0 -ffunction-sections -fdata-sections -Wall -fstack-usage -MMD -MP -MF"Core/Src/main.d" -MT"Core/Src/main.o" --specs=nano.specs -mfpu=fpv4-sp-d16 -mfloat-abi=hard -mthumb -o "Core/Src/main.o"
../Core/Src/main.c: In function 'task5ms':
../Core/Src/main.c:139:53: warning: unused variable 'fMinBoundary' [-Wunused-variable]
  139 |  float fMaxBoundary = Get0d05PostAvg+cfOffsetValue, fMinBoundary = Get0d05PostAvg-cfOffsetValue;
      |                                                     ^~~~~~~~~~~~
../Core/Src/main.c:139:8: warning: unused variable 'fMaxBoundary' [-Wunused-variable]
  139 |  float fMaxBoundary = Get0d05PostAvg+cfOffsetValue, fMinBoundary = Get0d05PostAvg-cfOffsetValue;
      |        ^~~~~~~~~~~~
../Core/Src/main.c:133:8: warning: unused variable 'Get0d25PostAvg' [-Wunused-variable]
  133 |  float Get0d25PostAvg = ffnPostAvg_0d25(ftmp);
      |        ^~~~~~~~~~~~~~
../Core/Src/main.c: In function 'main':
../Core/Src/main.c:220:67: error: 'polling2000ms' undeclared (first use in this function); did you mean 'polling1000ms'?
  220 |        static unsigned short polling500ms = 0, polling1000ms = 0; polling2000ms = 0;
      |                                                                   ^~~~~~~~~~~~~
      |                                                                   polling1000ms
../Core/Src/main.c:220:67: note: each undeclared identifier is reported only once for each function it appears in
make: *** [Core/Src/subdir.mk:34: Core/Src/main.o] Error 1
"make -j4 all" terminated with exit code 2. Build might be incomplete.
02:50:37 **** Incremental Build of configuration Debug for project proximity_Bruce ****
make -j4 all 
arm-none-eabi-gcc "../Core/Src/main.c" -mcpu=cortex-m4 -std=gnu11 -g3 -DDEBUG -DUSE_HAL_DRIVER -DSTM32F303xE -c -I../Core/Inc -I../Drivers/STM32F3xx_HAL_Driver/Inc -I../Drivers/STM32F3xx_HAL_Driver/Inc/Legacy -I../Drivers/CMSIS/Device/ST/STM32F3xx/Include -I../Drivers/CMSIS/Include -O0 -ffunction-sections -fdata-sections -Wall -fstack-usage -MMD -MP -MF"Core/Src/main.d" -MT"Core/Src/main.o" --specs=nano.specs -mfpu=fpv4-sp-d16 -mfloat-abi=hard -mthumb -o "Core/Src/main.o"
../Core/Src/main.c: In function 'task5ms':
../Core/Src/main.c:139:53: warning: unused variable 'fMinBoundary' [-Wunused-variable]
  139 |  float fMaxBoundary = Get0d05PostAvg+cfOffsetValue, fMinBoundary = Get0d05PostAvg-cfOffsetValue;
      |                                                     ^~~~~~~~~~~~
../Core/Src/main.c:139:8: warning: unused variable 'fMaxBoundary' [-Wunused-variable]
  139 |  float fMaxBoundary = Get0d05PostAvg+cfOffsetValue, fMinBoundary = Get0d05PostAvg-cfOffsetValue;
      |        ^~~~~~~~~~~~
../Core/Src/main.c:133:8: warning: unused variable 'Get0d25PostAvg' [-Wunused-variable]
  133 |  float Get0d25PostAvg = ffnPostAvg_0d25(ftmp);
      |        ^~~~~~~~~~~~~~
arm-none-eabi-gcc -o "proximity_Bruce.elf" @"objects.list"   -mcpu=cortex-m4 -T"C:\Users\bruce.lee\STM32CubeIDE\workspace_1.9.0\proximity_Bruce\STM32F303RETX_FLASH.ld" --specs=nosys.specs -Wl,-Map="proximity_Bruce.map" -Wl,--gc-sections -static --specs=nano.specs -mfpu=fpv4-sp-d16 -mfloat-abi=hard -mthumb -Wl,--start-group -lc -lm -Wl,--end-group
Finished building target: proximity_Bruce.elf
 
arm-none-eabi-size   proximity_Bruce.elf 
arm-none-eabi-objdump -h -S  proximity_Bruce.elf  > "proximity_Bruce.list"
   text	   data	    bss	    dec	    hex	filename
  17420	    120	   2680	  20220	   4efc	proximity_Bruce.elf
Finished building: default.size.stdout
 
Finished building: proximity_Bruce.list
 
05:11:28 **** Incremental Build of configuration Debug for project proximity_Bruce ****
make -j4 all 
arm-none-eabi-gcc "../Core/Src/main.c" -mcpu=cortex-m4 -std=gnu11 -g3 -DDEBUG -DUSE_HAL_DRIVER -DSTM32F303xE -c -I../Core/Inc -I../Drivers/STM32F3xx_HAL_Driver/Inc -I../Drivers/STM32F3xx_HAL_Driver/Inc/Legacy -I../Drivers/CMSIS/Device/ST/STM32F3xx/Include -I../Drivers/CMSIS/Include -O0 -ffunction-sections -fdata-sections -Wall -fstack-usage -MMD -MP -MF"Core/Src/main.d" -MT"Core/Src/main.o" --specs=nano.specs -mfpu=fpv4-sp-d16 -mfloat-abi=hard -mthumb -o "Core/Src/main.o"
../Core/Src/main.c: In function 'task5ms':
../Core/Src/main.c:170:9: error: 'xeWearState' undeclared (first use in this function); did you mean 'xe_WearState'?
  170 |      if(xeWearState != xeWS_WearOn) {
      |         ^~~~~~~~~~~
      |         xe_WearState
../Core/Src/main.c:170:9: note: each undeclared identifier is reported only once for each function it appears in
../Core/Src/main.c:173:7: error: 'SAVE_ON_FLOAT' undeclared (first use in this function)
  173 |       SAVE_ON_FLOAT = Get0d25PostAvg;
      |       ^~~~~~~~~~~~~
../Core/Src/main.c:182:7: error: 'SAVE_OFF_FLOAT' undeclared (first use in this function)
  182 |       SAVE_OFF_FLOAT = Get0d25PostAvg;
      |       ^~~~~~~~~~~~~~
../Core/Src/main.c:161:2: warning: enumeration value 'xePOCFD_PowerOn' not handled in switch [-Wswitch]
  161 |  switch(xe_WearValueState) {
      |  ^~~~~~
../Core/Src/main.c:195:23: error: 'LD2_GPIO_Port' undeclared (first use in this function)
  195 |     HAL_GPIO_WritePin(LD2_GPIO_Port, LD2_Pin, GPIO_PIN_RESET);
      |                       ^~~~~~~~~~~~~
../Core/Src/main.c:195:38: error: 'LD2_Pin' undeclared (first use in this function)
  195 |     HAL_GPIO_WritePin(LD2_GPIO_Port, LD2_Pin, GPIO_PIN_RESET);
      |                                      ^~~~~~~
../Core/Src/main.c:144:8: warning: unused variable 'fMaxBoundary' [-Wunused-variable]
  144 |  float fMaxBoundary = Get0d05PostAvg+cfOffsetValue;
      |        ^~~~~~~~~~~~
make: *** [Core/Src/subdir.mk:34: Core/Src/main.o] Error 1
"make -j4 all" terminated with exit code 2. Build might be incomplete.
05:13:29 **** Incremental Build of configuration Debug for project proximity_Bruce ****
make -j4 all 
arm-none-eabi-gcc "../Core/Src/main.c" -mcpu=cortex-m4 -std=gnu11 -g3 -DDEBUG -DUSE_HAL_DRIVER -DSTM32F303xE -c -I../Core/Inc -I../Drivers/STM32F3xx_HAL_Driver/Inc -I../Drivers/STM32F3xx_HAL_Driver/Inc/Legacy -I../Drivers/CMSIS/Device/ST/STM32F3xx/Include -I../Drivers/CMSIS/Include -O0 -ffunction-sections -fdata-sections -Wall -fstack-usage -MMD -MP -MF"Core/Src/main.d" -MT"Core/Src/main.o" --specs=nano.specs -mfpu=fpv4-sp-d16 -mfloat-abi=hard -mthumb -o "Core/Src/main.o"
../Core/Src/main.c: In function 'task5ms':
../Core/Src/main.c:179:9: error: expected expression before 'xe_WearState'
  179 |      if(xe_WearState != xeWS_WearOn) {
      |         ^~~~~~~~~~~~
../Core/Src/main.c:180:20: error: expected identifier or '(' before '=' token
  180 |       xe_WearState = xeWS_WearOn;
      |                    ^
../Core/Src/main.c:188:9: error: expected expression before 'xe_WearState'
  188 |      if(xe_WearState != xeWS_WearOff) {
      |         ^~~~~~~~~~~~
../Core/Src/main.c:189:20: error: expected identifier or '(' before '=' token
  189 |       xe_WearState = xeWS_WearOff;
      |                    ^
../Core/Src/main.c:170:2: warning: enumeration value 'xePOCFD_PowerOn' not handled in switch [-Wswitch]
  170 |  switch(xe_WearValueState) {
      |  ^~~~~~
../Core/Src/main.c:197:9: error: 'xeWearState' undeclared (first use in this function); did you mean 'xe_WearState'?
  197 |  switch(xeWearState) {
      |         ^~~~~~~~~~~
      |         xe_WearState
../Core/Src/main.c:197:9: note: each undeclared identifier is reported only once for each function it appears in
../Core/Src/main.c:204:23: error: 'LD2_GPIO_Port' undeclared (first use in this function)
  204 |     HAL_GPIO_WritePin(LD2_GPIO_Port, LD2_Pin, GPIO_PIN_RESET);
      |                       ^~~~~~~~~~~~~
../Core/Src/main.c:204:38: error: 'LD2_Pin' undeclared (first use in this function)
  204 |     HAL_GPIO_WritePin(LD2_GPIO_Port, LD2_Pin, GPIO_PIN_RESET);
      |                                      ^~~~~~~
../Core/Src/main.c:153:8: warning: unused variable 'fMaxBoundary' [-Wunused-variable]
  153 |  float fMaxBoundary = Get0d05PostAvg+cfOffsetValue;
      |        ^~~~~~~~~~~~
make: *** [Core/Src/subdir.mk:34: Core/Src/main.o] Error 1
"make -j4 all" terminated with exit code 2. Build might be incomplete.
05:15:17 **** Incremental Build of configuration Debug for project proximity_Bruce ****
make -j4 all 
arm-none-eabi-gcc "../Core/Src/main.c" -mcpu=cortex-m4 -std=gnu11 -g3 -DDEBUG -DUSE_HAL_DRIVER -DSTM32F303xE -c -I../Core/Inc -I../Drivers/STM32F3xx_HAL_Driver/Inc -I../Drivers/STM32F3xx_HAL_Driver/Inc/Legacy -I../Drivers/CMSIS/Device/ST/STM32F3xx/Include -I../Drivers/CMSIS/Include -O0 -ffunction-sections -fdata-sections -Wall -fstack-usage -MMD -MP -MF"Core/Src/main.d" -MT"Core/Src/main.o" --specs=nano.specs -mfpu=fpv4-sp-d16 -mfloat-abi=hard -mthumb -o "Core/Src/main.o"
../Core/Src/main.c: In function 'task5ms':
../Core/Src/main.c:171:2: warning: enumeration value 'xePOCFD_PowerOn' not handled in switch [-Wswitch]
  171 |  switch(xe_WearValueState) {
      |  ^~~~~~
../Core/Src/main.c:154:8: warning: unused variable 'fMaxBoundary' [-Wunused-variable]
  154 |  float fMaxBoundary = Get0d05PostAvg+cfOffsetValue;
      |        ^~~~~~~~~~~~
arm-none-eabi-gcc -o "proximity_Bruce.elf" @"objects.list"   -mcpu=cortex-m4 -T"C:\Users\bruce.lee\STM32CubeIDE\workspace_1.9.0\proximity_Bruce\STM32F303RETX_FLASH.ld" --specs=nosys.specs -Wl,-Map="proximity_Bruce.map" -Wl,--gc-sections -static --specs=nano.specs -mfpu=fpv4-sp-d16 -mfloat-abi=hard -mthumb -Wl,--start-group -lc -lm -Wl,--end-group
Finished building target: proximity_Bruce.elf
 
arm-none-eabi-size   proximity_Bruce.elf 
arm-none-eabi-objdump -h -S  proximity_Bruce.elf  > "proximity_Bruce.list"
   text	   data	    bss	    dec	    hex	filename
  17644	    124	   2692	  20460	   4fec	proximity_Bruce.elf
Finished building: default.size.stdout
 
Finished building: proximity_Bruce.list
 
15:31:11 **** Incremental Build of configuration Debug for project proximity_Bruce ****
make -j4 all 
arm-none-eabi-gcc "../Core/Src/main.c" -mcpu=cortex-m4 -std=gnu11 -g3 -DDEBUG -DUSE_HAL_DRIVER -DSTM32F303xE -c -I../Core/Inc -I../Drivers/STM32F3xx_HAL_Driver/Inc -I../Drivers/STM32F3xx_HAL_Driver/Inc/Legacy -I../Drivers/CMSIS/Device/ST/STM32F3xx/Include -I../Drivers/CMSIS/Include -O0 -ffunction-sections -fdata-sections -Wall -fstack-usage -MMD -MP -MF"Core/Src/main.d" -MT"Core/Src/main.o" --specs=nano.specs -mfpu=fpv4-sp-d16 -mfloat-abi=hard -mthumb -o "Core/Src/main.o"
../Core/Src/main.c: In function 'task5ms':
../Core/Src/main.c:174:2: warning: enumeration value 'xePOCFD_PowerOn' not handled in switch [-Wswitch]
  174 |  switch(xe_WearValueState) {
      |  ^~~~~~
../Core/Src/main.c:154:8: warning: unused variable 'fMaxBoundary' [-Wunused-variable]
  154 |  float fMaxBoundary = Get0d05PostAvg+cfOffsetValue;
      |        ^~~~~~~~~~~~
arm-none-eabi-gcc -o "proximity_Bruce.elf" @"objects.list"   -mcpu=cortex-m4 -T"C:\Users\bruce.lee\STM32CubeIDE\workspace_1.9.0\proximity_Bruce\STM32F303RETX_FLASH.ld" --specs=nosys.specs -Wl,-Map="proximity_Bruce.map" -Wl,--gc-sections -static --specs=nano.specs -mfpu=fpv4-sp-d16 -mfloat-abi=hard -mthumb -Wl,--start-group -lc -lm -Wl,--end-group
Finished building target: proximity_Bruce.elf
 
arm-none-eabi-size   proximity_Bruce.elf 
arm-none-eabi-objdump -h -S  proximity_Bruce.elf  > "proximity_Bruce.list"
   text	   data	    bss	    dec	    hex	filename
  18568	    124	   2692	  21384	   5388	proximity_Bruce.elf
Finished building: default.size.stdout
 
Finished building: proximity_Bruce.list
 
15:36:12 **** Incremental Build of configuration Debug for project proximity_Bruce ****
make -j4 all 
arm-none-eabi-gcc -o "proximity_Bruce.elf" @"objects.list"   -mcpu=cortex-m4 -T"C:\Users\bruce.lee\STM32CubeIDE\workspace_1.9.0\proximity_Bruce\STM32F303RETX_FLASH.ld" --specs=nosys.specs -Wl,-Map="proximity_Bruce.map" -Wl,--gc-sections -static --specs=nano.specs -mfpu=fpv4-sp-d16 -mfloat-abi=hard -mthumb -u _printf_float -Wl,--start-group -lc -lm -Wl,--end-group
Finished building target: proximity_Bruce.elf
 
arm-none-eabi-size   proximity_Bruce.elf 
arm-none-eabi-objdump -h -S  proximity_Bruce.elf  > "proximity_Bruce.list"
   text	   data	    bss	    dec	    hex	filename
  30696	    488	   2688	  33872	   8450	proximity_Bruce.elf
Finished building: default.size.stdout
 
Finished building: proximity_Bruce.list
 
17:03:48 **** Incremental Build of configuration Debug for project proximity_Bruce ****
make -j4 all 
arm-none-eabi-gcc "../Core/Src/main.c" -mcpu=cortex-m4 -std=gnu11 -g3 -DDEBUG -DUSE_HAL_DRIVER -DSTM32F303xE -c -I../Core/Inc -I../Drivers/STM32F3xx_HAL_Driver/Inc -I../Drivers/STM32F3xx_HAL_Driver/Inc/Legacy -I../Drivers/CMSIS/Device/ST/STM32F3xx/Include -I../Drivers/CMSIS/Include -O0 -ffunction-sections -fdata-sections -Wall -fstack-usage -MMD -MP -MF"Core/Src/main.d" -MT"Core/Src/main.o" --specs=nano.specs -mfpu=fpv4-sp-d16 -mfloat-abi=hard -mthumb -o "Core/Src/main.o"
../Core/Src/main.c: In function 'task5ms':
../Core/Src/main.c:139:8: error: redefinition of 'mean'
  139 |  float mean = 0;
      |        ^~~~
../Core/Src/main.c:138:8: note: previous definition of 'mean' was here
  138 |  float mean = 0;
      |        ^~~~
../Core/Src/main.c:144:7: error: 'i' undeclared (first use in this function)
  144 |  for (i = 0; i < 10; ++i) {
      |       ^
../Core/Src/main.c:144:7: note: each undeclared identifier is reported only once for each function it appears in
../Core/Src/main.c:145:6: error: 'SD' undeclared (first use in this function)
  145 |      SD += pow(save_TIM2[i] - mean, 2);
      |      ^~
../Core/Src/main.c:145:12: warning: implicit declaration of function 'pow' [-Wimplicit-function-declaration]
  145 |      SD += pow(save_TIM2[i] - mean, 2);
      |            ^~~
../Core/Src/main.c:145:12: warning: incompatible implicit declaration of built-in function 'pow'
../Core/Src/main.c:27:1: note: include '<math.h>' or provide a declaration of 'pow'
   26 | #include <string.h>
  +++ |+#include <math.h>
   27 | /* USER CODE END Includes */
../Core/Src/main.c:147:7: warning: implicit declaration of function 'sqrt' [-Wimplicit-function-declaration]
  147 |  SD = sqrt(SD / TIM2_CNT_NUM);
      |       ^~~~
../Core/Src/main.c:147:7: warning: incompatible implicit declaration of built-in function 'sqrt'
../Core/Src/main.c:147:7: note: include '<math.h>' or provide a declaration of 'sqrt'
../Core/Src/main.c:181:2: warning: enumeration value 'xePOCFD_PowerOn' not handled in switch [-Wswitch]
  181 |  switch(xe_WearValueState) {
      |  ^~~~~~
../Core/Src/main.c:161:8: warning: unused variable 'fMaxBoundary' [-Wunused-variable]
  161 |  float fMaxBoundary = Get0d05PostAvg+cfOffsetValue;
      |        ^~~~~~~~~~~~
make: *** [Core/Src/subdir.mk:34: Core/Src/main.o] Error 1
"make -j4 all" terminated with exit code 2. Build might be incomplete.
17:04:41 **** Incremental Build of configuration Debug for project proximity_Bruce ****
make -j4 all 
arm-none-eabi-gcc "../Core/Src/main.c" -mcpu=cortex-m4 -std=gnu11 -g3 -DDEBUG -DUSE_HAL_DRIVER -DSTM32F303xE -c -I../Core/Inc -I../Drivers/STM32F3xx_HAL_Driver/Inc -I../Drivers/STM32F3xx_HAL_Driver/Inc/Legacy -I../Drivers/CMSIS/Device/ST/STM32F3xx/Include -I../Drivers/CMSIS/Include -O0 -ffunction-sections -fdata-sections -Wall -fstack-usage -MMD -MP -MF"Core/Src/main.d" -MT"Core/Src/main.o" --specs=nano.specs -mfpu=fpv4-sp-d16 -mfloat-abi=hard -mthumb -o "Core/Src/main.o"
../Core/Src/main.c: In function 'task5ms':
../Core/Src/main.c:145:12: warning: implicit declaration of function 'pow' [-Wimplicit-function-declaration]
  145 |      SD += pow(save_TIM2[i] - mean, 2);
      |            ^~~
../Core/Src/main.c:145:12: warning: incompatible implicit declaration of built-in function 'pow'
../Core/Src/main.c:27:1: note: include '<math.h>' or provide a declaration of 'pow'
   26 | #include <string.h>
  +++ |+#include <math.h>
   27 | /* USER CODE END Includes */
../Core/Src/main.c:147:7: warning: implicit declaration of function 'sqrt' [-Wimplicit-function-declaration]
  147 |  SD = sqrt(SD / TIM2_CNT_NUM);
      |       ^~~~
../Core/Src/main.c:147:7: warning: incompatible implicit declaration of built-in function 'sqrt'
../Core/Src/main.c:147:7: note: include '<math.h>' or provide a declaration of 'sqrt'
../Core/Src/main.c:181:2: warning: enumeration value 'xePOCFD_PowerOn' not handled in switch [-Wswitch]
  181 |  switch(xe_WearValueState) {
      |  ^~~~~~
../Core/Src/main.c:161:8: warning: unused variable 'fMaxBoundary' [-Wunused-variable]
  161 |  float fMaxBoundary = Get0d05PostAvg+cfOffsetValue;
      |        ^~~~~~~~~~~~
arm-none-eabi-gcc -o "proximity_Bruce.elf" @"objects.list"   -mcpu=cortex-m4 -T"C:\Users\bruce.lee\STM32CubeIDE\workspace_1.9.0\proximity_Bruce\STM32F303RETX_FLASH.ld" --specs=nosys.specs -Wl,-Map="proximity_Bruce.map" -Wl,--gc-sections -static --specs=nano.specs -mfpu=fpv4-sp-d16 -mfloat-abi=hard -mthumb -u _printf_float -Wl,--start-group -lc -lm -Wl,--end-group
Finished building target: proximity_Bruce.elf
 
arm-none-eabi-size   proximity_Bruce.elf 
arm-none-eabi-objdump -h -S  proximity_Bruce.elf  > "proximity_Bruce.list"
   text	   data	    bss	    dec	    hex	filename
  34808	    488	   2688	  37984	   9460	proximity_Bruce.elf
Finished building: default.size.stdout
 
Finished building: proximity_Bruce.list
 
17:07:55 **** Incremental Build of configuration Debug for project proximity_Bruce ****
make -j4 all 
arm-none-eabi-gcc "../Core/Src/main.c" -mcpu=cortex-m4 -std=gnu11 -g3 -DDEBUG -DUSE_HAL_DRIVER -DSTM32F303xE -c -I../Core/Inc -I../Drivers/STM32F3xx_HAL_Driver/Inc -I../Drivers/STM32F3xx_HAL_Driver/Inc/Legacy -I../Drivers/CMSIS/Device/ST/STM32F3xx/Include -I../Drivers/CMSIS/Include -O0 -ffunction-sections -fdata-sections -Wall -fstack-usage -MMD -MP -MF"Core/Src/main.d" -MT"Core/Src/main.o" --specs=nano.specs -mfpu=fpv4-sp-d16 -mfloat-abi=hard -mthumb -o "Core/Src/main.o"
../Core/Src/main.c: In function 'task5ms':
../Core/Src/main.c:182:2: warning: enumeration value 'xePOCFD_PowerOn' not handled in switch [-Wswitch]
  182 |  switch(xe_WearValueState) {
      |  ^~~~~~
../Core/Src/main.c:162:8: warning: unused variable 'fMaxBoundary' [-Wunused-variable]
  162 |  float fMaxBoundary = Get0d05PostAvg+cfOffsetValue;
      |        ^~~~~~~~~~~~
arm-none-eabi-gcc -o "proximity_Bruce.elf" @"objects.list"   -mcpu=cortex-m4 -T"C:\Users\bruce.lee\STM32CubeIDE\workspace_1.9.0\proximity_Bruce\STM32F303RETX_FLASH.ld" --specs=nosys.specs -Wl,-Map="proximity_Bruce.map" -Wl,--gc-sections -static --specs=nano.specs -mfpu=fpv4-sp-d16 -mfloat-abi=hard -mthumb -u _printf_float -Wl,--start-group -lc -lm -Wl,--end-group
Finished building target: proximity_Bruce.elf
 
arm-none-eabi-size   proximity_Bruce.elf 
arm-none-eabi-objdump -h -S  proximity_Bruce.elf  > "proximity_Bruce.list"
   text	   data	    bss	    dec	    hex	filename
  34808	    488	   2688	  37984	   9460	proximity_Bruce.elf
Finished building: default.size.stdout
 
Finished building: proximity_Bruce.list
 
17:13:29 **** Incremental Build of configuration Debug for project proximity_Bruce ****
make -j4 all 
arm-none-eabi-gcc "../Core/Src/main.c" -mcpu=cortex-m4 -std=gnu11 -g3 -DDEBUG -DUSE_HAL_DRIVER -DSTM32F303xE -c -I../Core/Inc -I../Drivers/STM32F3xx_HAL_Driver/Inc -I../Drivers/STM32F3xx_HAL_Driver/Inc/Legacy -I../Drivers/CMSIS/Device/ST/STM32F3xx/Include -I../Drivers/CMSIS/Include -O0 -ffunction-sections -fdata-sections -Wall -fstack-usage -MMD -MP -MF"Core/Src/main.d" -MT"Core/Src/main.o" --specs=nano.specs -mfpu=fpv4-sp-d16 -mfloat-abi=hard -mthumb -o "Core/Src/main.o"
../Core/Src/main.c: In function 'task5ms':
../Core/Src/main.c:182:2: warning: enumeration value 'xePOCFD_PowerOn' not handled in switch [-Wswitch]
  182 |  switch(xe_WearValueState) {
      |  ^~~~~~
../Core/Src/main.c:162:8: warning: unused variable 'fMaxBoundary' [-Wunused-variable]
  162 |  float fMaxBoundary = Get0d05PostAvg+cfOffsetValue;
      |        ^~~~~~~~~~~~
arm-none-eabi-gcc -o "proximity_Bruce.elf" @"objects.list"   -mcpu=cortex-m4 -T"C:\Users\bruce.lee\STM32CubeIDE\workspace_1.9.0\proximity_Bruce\STM32F303RETX_FLASH.ld" --specs=nosys.specs -Wl,-Map="proximity_Bruce.map" -Wl,--gc-sections -static --specs=nano.specs -mfpu=fpv4-sp-d16 -mfloat-abi=hard -mthumb -u _printf_float -Wl,--start-group -lc -lm -Wl,--end-group
Finished building target: proximity_Bruce.elf
 
arm-none-eabi-size   proximity_Bruce.elf 
arm-none-eabi-objdump -h -S  proximity_Bruce.elf  > "proximity_Bruce.list"
   text	   data	    bss	    dec	    hex	filename
  34904	    488	   2688	  38080	   94c0	proximity_Bruce.elf
Finished building: default.size.stdout
 
Finished building: proximity_Bruce.list
 
17:15:02 **** Incremental Build of configuration Debug for project proximity_Bruce ****
make -j4 all 
arm-none-eabi-gcc "../Core/Src/main.c" -mcpu=cortex-m4 -std=gnu11 -g3 -DDEBUG -DUSE_HAL_DRIVER -DSTM32F303xE -c -I../Core/Inc -I../Drivers/STM32F3xx_HAL_Driver/Inc -I../Drivers/STM32F3xx_HAL_Driver/Inc/Legacy -I../Drivers/CMSIS/Device/ST/STM32F3xx/Include -I../Drivers/CMSIS/Include -O0 -ffunction-sections -fdata-sections -Wall -fstack-usage -MMD -MP -MF"Core/Src/main.d" -MT"Core/Src/main.o" --specs=nano.specs -mfpu=fpv4-sp-d16 -mfloat-abi=hard -mthumb -o "Core/Src/main.o"
../Core/Src/main.c: In function 'task5ms':
../Core/Src/main.c:182:2: warning: enumeration value 'xePOCFD_PowerOn' not handled in switch [-Wswitch]
  182 |  switch(xe_WearValueState) {
      |  ^~~~~~
../Core/Src/main.c:162:8: warning: unused variable 'fMaxBoundary' [-Wunused-variable]
  162 |  float fMaxBoundary = Get0d05PostAvg+cfOffsetValue;
      |        ^~~~~~~~~~~~
../Core/Src/main.c:140:8: warning: unused variable 'SD' [-Wunused-variable]
  140 |  float SD = 0;
      |        ^~
../Core/Src/main.c:139:8: warning: unused variable 'mean' [-Wunused-variable]
  139 |  float mean = 0;
      |        ^~~~
arm-none-eabi-gcc -o "proximity_Bruce.elf" @"objects.list"   -mcpu=cortex-m4 -T"C:\Users\bruce.lee\STM32CubeIDE\workspace_1.9.0\proximity_Bruce\STM32F303RETX_FLASH.ld" --specs=nosys.specs -Wl,-Map="proximity_Bruce.map" -Wl,--gc-sections -static --specs=nano.specs -mfpu=fpv4-sp-d16 -mfloat-abi=hard -mthumb -u _printf_float -Wl,--start-group -lc -lm -Wl,--end-group
Finished building target: proximity_Bruce.elf
 
arm-none-eabi-size   proximity_Bruce.elf 
arm-none-eabi-objdump -h -S  proximity_Bruce.elf  > "proximity_Bruce.list"
   text	   data	    bss	    dec	    hex	filename
  30704	    488	   2688	  33880	   8458	proximity_Bruce.elf
Finished building: default.size.stdout
 
Finished building: proximity_Bruce.list
 
11:03:30 **** Build of configuration Debug for project proximity_Bruce ****
make -j4 all 
arm-none-eabi-gcc "../Core/Src/main.c" -mcpu=cortex-m4 -std=gnu11 -g3 -DDEBUG -DUSE_HAL_DRIVER -DSTM32F303xE -c -I../Core/Inc -I../Drivers/STM32F3xx_HAL_Driver/Inc -I../Drivers/STM32F3xx_HAL_Driver/Inc/Legacy -I../Drivers/CMSIS/Device/ST/STM32F3xx/Include -I../Drivers/CMSIS/Include -O0 -ffunction-sections -fdata-sections -Wall -fstack-usage -MMD -MP -MF"Core/Src/main.d" -MT"Core/Src/main.o" --specs=nano.specs -mfpu=fpv4-sp-d16 -mfloat-abi=hard -mthumb -o "Core/Src/main.o"
../Core/Src/main.c: In function 'task10ms':
../Core/Src/main.c:278:3: warning: enumeration value 'xePOCFD_PowerOn' not handled in switch [-Wswitch]
  278 |   switch(xe_WearValueState) {
      |   ^~~~~~
../Core/Src/main.c:258:9: warning: unused variable 'fMaxBoundary' [-Wunused-variable]
  258 |   float fMaxBoundary = Get0d05PostAvg+cfOffsetValue;
      |         ^~~~~~~~~~~~
../Core/Src/main.c:236:9: warning: unused variable 'SD' [-Wunused-variable]
  236 |   float SD = 0;
      |         ^~
../Core/Src/main.c:235:9: warning: unused variable 'mean' [-Wunused-variable]
  235 |   float mean = 0;
      |         ^~~~
arm-none-eabi-gcc -o "proximity_Bruce.elf" @"objects.list"   -mcpu=cortex-m4 -T"C:\Users\bruce.lee\STM32CubeIDE\workspace_1.9.0\proximity_Bruce\STM32F303RETX_FLASH.ld" --specs=nosys.specs -Wl,-Map="proximity_Bruce.map" -Wl,--gc-sections -static --specs=nano.specs -mfpu=fpv4-sp-d16 -mfloat-abi=hard -mthumb -u _printf_float -Wl,--start-group -lc -lm -Wl,--end-group
Finished building target: proximity_Bruce.elf
 
arm-none-eabi-size   proximity_Bruce.elf 
arm-none-eabi-objdump -h -S  proximity_Bruce.elf  > "proximity_Bruce.list"
   text	   data	    bss	    dec	    hex	filename
  30704	    488	   2288	  33480	   82c8	proximity_Bruce.elf
Finished building: default.size.stdout
 
Finished building: proximity_Bruce.list
 
11:06:09 **** Incremental Build of configuration Debug for project proximity_Bruce ****
make -j4 all 
arm-none-eabi-gcc "../Core/Src/main.c" -mcpu=cortex-m4 -std=gnu11 -g3 -DDEBUG -DUSE_HAL_DRIVER -DSTM32F303xE -c -I../Core/Inc -I../Drivers/STM32F3xx_HAL_Driver/Inc -I../Drivers/STM32F3xx_HAL_Driver/Inc/Legacy -I../Drivers/CMSIS/Device/ST/STM32F3xx/Include -I../Drivers/CMSIS/Include -O0 -ffunction-sections -fdata-sections -Wall -fstack-usage -MMD -MP -MF"Core/Src/main.d" -MT"Core/Src/main.o" --specs=nano.specs -mfpu=fpv4-sp-d16 -mfloat-abi=hard -mthumb -o "Core/Src/main.o"
../Core/Src/main.c: In function 'task10ms':
../Core/Src/main.c:225:42: warning: format '%d' expects argument of type 'int', but argument 4 has type 'uint32_t' {aka 'long unsigned int'} [-Wformat=]
  225 |   snprintf(tx_buff, Buff_len, "counter: %d \r\n",  TIM2CNT);
      |                                         ~^         ~~~~~~~
      |                                          |         |
      |                                          int       uint32_t {aka long unsigned int}
      |                                         %ld
../Core/Src/main.c:278:3: warning: enumeration value 'xePOCFD_PowerOn' not handled in switch [-Wswitch]
  278 |   switch(xe_WearValueState) {
      |   ^~~~~~
../Core/Src/main.c:258:9: warning: unused variable 'fMaxBoundary' [-Wunused-variable]
  258 |   float fMaxBoundary = Get0d05PostAvg+cfOffsetValue;
      |         ^~~~~~~~~~~~
../Core/Src/main.c:236:9: warning: unused variable 'SD' [-Wunused-variable]
  236 |   float SD = 0;
      |         ^~
../Core/Src/main.c:235:9: warning: unused variable 'mean' [-Wunused-variable]
  235 |   float mean = 0;
      |         ^~~~
arm-none-eabi-gcc -o "proximity_Bruce.elf" @"objects.list"   -mcpu=cortex-m4 -T"C:\Users\bruce.lee\STM32CubeIDE\workspace_1.9.0\proximity_Bruce\STM32F303RETX_FLASH.ld" --specs=nosys.specs -Wl,-Map="proximity_Bruce.map" -Wl,--gc-sections -static --specs=nano.specs -mfpu=fpv4-sp-d16 -mfloat-abi=hard -mthumb -u _printf_float -Wl,--start-group -lc -lm -Wl,--end-group
Finished building target: proximity_Bruce.elf
 
arm-none-eabi-size   proximity_Bruce.elf 
arm-none-eabi-objdump -h -S  proximity_Bruce.elf  > "proximity_Bruce.list"
   text	   data	    bss	    dec	    hex	filename
  30664	    488	   2288	  33440	   82a0	proximity_Bruce.elf
Finished building: default.size.stdout
 
Finished building: proximity_Bruce.list
 
11:12:54 **** Incremental Build of configuration Debug for project proximity_Bruce ****
make -j4 all 
arm-none-eabi-gcc "../Drivers/STM32F3xx_HAL_Driver/Src/stm32f3xx_hal.c" -mcpu=cortex-m4 -std=gnu11 -g3 -DDEBUG -DUSE_HAL_DRIVER -DSTM32F303xE -c -I../Core/Inc -I../Drivers/STM32F3xx_HAL_Driver/Inc -I../Drivers/STM32F3xx_HAL_Driver/Inc/Legacy -I../Drivers/CMSIS/Device/ST/STM32F3xx/Include -I../Drivers/CMSIS/Include -O0 -ffunction-sections -fdata-sections -Wall -fstack-usage -MMD -MP -MF"Drivers/STM32F3xx_HAL_Driver/Src/stm32f3xx_hal.d" -MT"Drivers/STM32F3xx_HAL_Driver/Src/stm32f3xx_hal.o" --specs=nano.specs -mfpu=fpv4-sp-d16 -mfloat-abi=hard -mthumb -o "Drivers/STM32F3xx_HAL_Driver/Src/stm32f3xx_hal.o"
arm-none-eabi-gcc "../Drivers/STM32F3xx_HAL_Driver/Src/stm32f3xx_hal_cortex.c" -mcpu=cortex-m4 -std=gnu11 -g3 -DDEBUG -DUSE_HAL_DRIVER -DSTM32F303xE -c -I../Core/Inc -I../Drivers/STM32F3xx_HAL_Driver/Inc -I../Drivers/STM32F3xx_HAL_Driver/Inc/Legacy -I../Drivers/CMSIS/Device/ST/STM32F3xx/Include -I../Drivers/CMSIS/Include -O0 -ffunction-sections -fdata-sections -Wall -fstack-usage -MMD -MP -MF"Drivers/STM32F3xx_HAL_Driver/Src/stm32f3xx_hal_cortex.d" -MT"Drivers/STM32F3xx_HAL_Driver/Src/stm32f3xx_hal_cortex.o" --specs=nano.specs -mfpu=fpv4-sp-d16 -mfloat-abi=hard -mthumb -o "Drivers/STM32F3xx_HAL_Driver/Src/stm32f3xx_hal_cortex.o"
arm-none-eabi-gcc "../Drivers/STM32F3xx_HAL_Driver/Src/stm32f3xx_hal_dma.c" -mcpu=cortex-m4 -std=gnu11 -g3 -DDEBUG -DUSE_HAL_DRIVER -DSTM32F303xE -c -I../Core/Inc -I../Drivers/STM32F3xx_HAL_Driver/Inc -I../Drivers/STM32F3xx_HAL_Driver/Inc/Legacy -I../Drivers/CMSIS/Device/ST/STM32F3xx/Include -I../Drivers/CMSIS/Include -O0 -ffunction-sections -fdata-sections -Wall -fstack-usage -MMD -MP -MF"Drivers/STM32F3xx_HAL_Driver/Src/stm32f3xx_hal_dma.d" -MT"Drivers/STM32F3xx_HAL_Driver/Src/stm32f3xx_hal_dma.o" --specs=nano.specs -mfpu=fpv4-sp-d16 -mfloat-abi=hard -mthumb -o "Drivers/STM32F3xx_HAL_Driver/Src/stm32f3xx_hal_dma.o"
arm-none-eabi-gcc "../Drivers/STM32F3xx_HAL_Driver/Src/stm32f3xx_hal_exti.c" -mcpu=cortex-m4 -std=gnu11 -g3 -DDEBUG -DUSE_HAL_DRIVER -DSTM32F303xE -c -I../Core/Inc -I../Drivers/STM32F3xx_HAL_Driver/Inc -I../Drivers/STM32F3xx_HAL_Driver/Inc/Legacy -I../Drivers/CMSIS/Device/ST/STM32F3xx/Include -I../Drivers/CMSIS/Include -O0 -ffunction-sections -fdata-sections -Wall -fstack-usage -MMD -MP -MF"Drivers/STM32F3xx_HAL_Driver/Src/stm32f3xx_hal_exti.d" -MT"Drivers/STM32F3xx_HAL_Driver/Src/stm32f3xx_hal_exti.o" --specs=nano.specs -mfpu=fpv4-sp-d16 -mfloat-abi=hard -mthumb -o "Drivers/STM32F3xx_HAL_Driver/Src/stm32f3xx_hal_exti.o"
arm-none-eabi-gcc "../Drivers/STM32F3xx_HAL_Driver/Src/stm32f3xx_hal_flash.c" -mcpu=cortex-m4 -std=gnu11 -g3 -DDEBUG -DUSE_HAL_DRIVER -DSTM32F303xE -c -I../Core/Inc -I../Drivers/STM32F3xx_HAL_Driver/Inc -I../Drivers/STM32F3xx_HAL_Driver/Inc/Legacy -I../Drivers/CMSIS/Device/ST/STM32F3xx/Include -I../Drivers/CMSIS/Include -O0 -ffunction-sections -fdata-sections -Wall -fstack-usage -MMD -MP -MF"Drivers/STM32F3xx_HAL_Driver/Src/stm32f3xx_hal_flash.d" -MT"Drivers/STM32F3xx_HAL_Driver/Src/stm32f3xx_hal_flash.o" --specs=nano.specs -mfpu=fpv4-sp-d16 -mfloat-abi=hard -mthumb -o "Drivers/STM32F3xx_HAL_Driver/Src/stm32f3xx_hal_flash.o"
arm-none-eabi-gcc "../Drivers/STM32F3xx_HAL_Driver/Src/stm32f3xx_hal_flash_ex.c" -mcpu=cortex-m4 -std=gnu11 -g3 -DDEBUG -DUSE_HAL_DRIVER -DSTM32F303xE -c -I../Core/Inc -I../Drivers/STM32F3xx_HAL_Driver/Inc -I../Drivers/STM32F3xx_HAL_Driver/Inc/Legacy -I../Drivers/CMSIS/Device/ST/STM32F3xx/Include -I../Drivers/CMSIS/Include -O0 -ffunction-sections -fdata-sections -Wall -fstack-usage -MMD -MP -MF"Drivers/STM32F3xx_HAL_Driver/Src/stm32f3xx_hal_flash_ex.d" -MT"Drivers/STM32F3xx_HAL_Driver/Src/stm32f3xx_hal_flash_ex.o" --specs=nano.specs -mfpu=fpv4-sp-d16 -mfloat-abi=hard -mthumb -o "Drivers/STM32F3xx_HAL_Driver/Src/stm32f3xx_hal_flash_ex.o"
arm-none-eabi-gcc "../Drivers/STM32F3xx_HAL_Driver/Src/stm32f3xx_hal_gpio.c" -mcpu=cortex-m4 -std=gnu11 -g3 -DDEBUG -DUSE_HAL_DRIVER -DSTM32F303xE -c -I../Core/Inc -I../Drivers/STM32F3xx_HAL_Driver/Inc -I../Drivers/STM32F3xx_HAL_Driver/Inc/Legacy -I../Drivers/CMSIS/Device/ST/STM32F3xx/Include -I../Drivers/CMSIS/Include -O0 -ffunction-sections -fdata-sections -Wall -fstack-usage -MMD -MP -MF"Drivers/STM32F3xx_HAL_Driver/Src/stm32f3xx_hal_gpio.d" -MT"Drivers/STM32F3xx_HAL_Driver/Src/stm32f3xx_hal_gpio.o" --specs=nano.specs -mfpu=fpv4-sp-d16 -mfloat-abi=hard -mthumb -o "Drivers/STM32F3xx_HAL_Driver/Src/stm32f3xx_hal_gpio.o"
arm-none-eabi-gcc "../Drivers/STM32F3xx_HAL_Driver/Src/stm32f3xx_hal_i2c.c" -mcpu=cortex-m4 -std=gnu11 -g3 -DDEBUG -DUSE_HAL_DRIVER -DSTM32F303xE -c -I../Core/Inc -I../Drivers/STM32F3xx_HAL_Driver/Inc -I../Drivers/STM32F3xx_HAL_Driver/Inc/Legacy -I../Drivers/CMSIS/Device/ST/STM32F3xx/Include -I../Drivers/CMSIS/Include -O0 -ffunction-sections -fdata-sections -Wall -fstack-usage -MMD -MP -MF"Drivers/STM32F3xx_HAL_Driver/Src/stm32f3xx_hal_i2c.d" -MT"Drivers/STM32F3xx_HAL_Driver/Src/stm32f3xx_hal_i2c.o" --specs=nano.specs -mfpu=fpv4-sp-d16 -mfloat-abi=hard -mthumb -o "Drivers/STM32F3xx_HAL_Driver/Src/stm32f3xx_hal_i2c.o"
arm-none-eabi-gcc "../Drivers/STM32F3xx_HAL_Driver/Src/stm32f3xx_hal_i2c_ex.c" -mcpu=cortex-m4 -std=gnu11 -g3 -DDEBUG -DUSE_HAL_DRIVER -DSTM32F303xE -c -I../Core/Inc -I../Drivers/STM32F3xx_HAL_Driver/Inc -I../Drivers/STM32F3xx_HAL_Driver/Inc/Legacy -I../Drivers/CMSIS/Device/ST/STM32F3xx/Include -I../Drivers/CMSIS/Include -O0 -ffunction-sections -fdata-sections -Wall -fstack-usage -MMD -MP -MF"Drivers/STM32F3xx_HAL_Driver/Src/stm32f3xx_hal_i2c_ex.d" -MT"Drivers/STM32F3xx_HAL_Driver/Src/stm32f3xx_hal_i2c_ex.o" --specs=nano.specs -mfpu=fpv4-sp-d16 -mfloat-abi=hard -mthumb -o "Drivers/STM32F3xx_HAL_Driver/Src/stm32f3xx_hal_i2c_ex.o"
arm-none-eabi-gcc "../Drivers/STM32F3xx_HAL_Driver/Src/stm32f3xx_hal_pwr.c" -mcpu=cortex-m4 -std=gnu11 -g3 -DDEBUG -DUSE_HAL_DRIVER -DSTM32F303xE -c -I../Core/Inc -I../Drivers/STM32F3xx_HAL_Driver/Inc -I../Drivers/STM32F3xx_HAL_Driver/Inc/Legacy -I../Drivers/CMSIS/Device/ST/STM32F3xx/Include -I../Drivers/CMSIS/Include -O0 -ffunction-sections -fdata-sections -Wall -fstack-usage -MMD -MP -MF"Drivers/STM32F3xx_HAL_Driver/Src/stm32f3xx_hal_pwr.d" -MT"Drivers/STM32F3xx_HAL_Driver/Src/stm32f3xx_hal_pwr.o" --specs=nano.specs -mfpu=fpv4-sp-d16 -mfloat-abi=hard -mthumb -o "Drivers/STM32F3xx_HAL_Driver/Src/stm32f3xx_hal_pwr.o"
arm-none-eabi-gcc "../Drivers/STM32F3xx_HAL_Driver/Src/stm32f3xx_hal_pwr_ex.c" -mcpu=cortex-m4 -std=gnu11 -g3 -DDEBUG -DUSE_HAL_DRIVER -DSTM32F303xE -c -I../Core/Inc -I../Drivers/STM32F3xx_HAL_Driver/Inc -I../Drivers/STM32F3xx_HAL_Driver/Inc/Legacy -I../Drivers/CMSIS/Device/ST/STM32F3xx/Include -I../Drivers/CMSIS/Include -O0 -ffunction-sections -fdata-sections -Wall -fstack-usage -MMD -MP -MF"Drivers/STM32F3xx_HAL_Driver/Src/stm32f3xx_hal_pwr_ex.d" -MT"Drivers/STM32F3xx_HAL_Driver/Src/stm32f3xx_hal_pwr_ex.o" --specs=nano.specs -mfpu=fpv4-sp-d16 -mfloat-abi=hard -mthumb -o "Drivers/STM32F3xx_HAL_Driver/Src/stm32f3xx_hal_pwr_ex.o"
arm-none-eabi-gcc "../Drivers/STM32F3xx_HAL_Driver/Src/stm32f3xx_hal_rcc.c" -mcpu=cortex-m4 -std=gnu11 -g3 -DDEBUG -DUSE_HAL_DRIVER -DSTM32F303xE -c -I../Core/Inc -I../Drivers/STM32F3xx_HAL_Driver/Inc -I../Drivers/STM32F3xx_HAL_Driver/Inc/Legacy -I../Drivers/CMSIS/Device/ST/STM32F3xx/Include -I../Drivers/CMSIS/Include -O0 -ffunction-sections -fdata-sections -Wall -fstack-usage -MMD -MP -MF"Drivers/STM32F3xx_HAL_Driver/Src/stm32f3xx_hal_rcc.d" -MT"Drivers/STM32F3xx_HAL_Driver/Src/stm32f3xx_hal_rcc.o" --specs=nano.specs -mfpu=fpv4-sp-d16 -mfloat-abi=hard -mthumb -o "Drivers/STM32F3xx_HAL_Driver/Src/stm32f3xx_hal_rcc.o"
arm-none-eabi-gcc "../Drivers/STM32F3xx_HAL_Driver/Src/stm32f3xx_hal_rcc_ex.c" -mcpu=cortex-m4 -std=gnu11 -g3 -DDEBUG -DUSE_HAL_DRIVER -DSTM32F303xE -c -I../Core/Inc -I../Drivers/STM32F3xx_HAL_Driver/Inc -I../Drivers/STM32F3xx_HAL_Driver/Inc/Legacy -I../Drivers/CMSIS/Device/ST/STM32F3xx/Include -I../Drivers/CMSIS/Include -O0 -ffunction-sections -fdata-sections -Wall -fstack-usage -MMD -MP -MF"Drivers/STM32F3xx_HAL_Driver/Src/stm32f3xx_hal_rcc_ex.d" -MT"Drivers/STM32F3xx_HAL_Driver/Src/stm32f3xx_hal_rcc_ex.o" --specs=nano.specs -mfpu=fpv4-sp-d16 -mfloat-abi=hard -mthumb -o "Drivers/STM32F3xx_HAL_Driver/Src/stm32f3xx_hal_rcc_ex.o"
arm-none-eabi-gcc "../Drivers/STM32F3xx_HAL_Driver/Src/stm32f3xx_hal_tim.c" -mcpu=cortex-m4 -std=gnu11 -g3 -DDEBUG -DUSE_HAL_DRIVER -DSTM32F303xE -c -I../Core/Inc -I../Drivers/STM32F3xx_HAL_Driver/Inc -I../Drivers/STM32F3xx_HAL_Driver/Inc/Legacy -I../Drivers/CMSIS/Device/ST/STM32F3xx/Include -I../Drivers/CMSIS/Include -O0 -ffunction-sections -fdata-sections -Wall -fstack-usage -MMD -MP -MF"Drivers/STM32F3xx_HAL_Driver/Src/stm32f3xx_hal_tim.d" -MT"Drivers/STM32F3xx_HAL_Driver/Src/stm32f3xx_hal_tim.o" --specs=nano.specs -mfpu=fpv4-sp-d16 -mfloat-abi=hard -mthumb -o "Drivers/STM32F3xx_HAL_Driver/Src/stm32f3xx_hal_tim.o"
arm-none-eabi-gcc "../Drivers/STM32F3xx_HAL_Driver/Src/stm32f3xx_hal_tim_ex.c" -mcpu=cortex-m4 -std=gnu11 -g3 -DDEBUG -DUSE_HAL_DRIVER -DSTM32F303xE -c -I../Core/Inc -I../Drivers/STM32F3xx_HAL_Driver/Inc -I../Drivers/STM32F3xx_HAL_Driver/Inc/Legacy -I../Drivers/CMSIS/Device/ST/STM32F3xx/Include -I../Drivers/CMSIS/Include -O0 -ffunction-sections -fdata-sections -Wall -fstack-usage -MMD -MP -MF"Drivers/STM32F3xx_HAL_Driver/Src/stm32f3xx_hal_tim_ex.d" -MT"Drivers/STM32F3xx_HAL_Driver/Src/stm32f3xx_hal_tim_ex.o" --specs=nano.specs -mfpu=fpv4-sp-d16 -mfloat-abi=hard -mthumb -o "Drivers/STM32F3xx_HAL_Driver/Src/stm32f3xx_hal_tim_ex.o"
arm-none-eabi-gcc "../Drivers/STM32F3xx_HAL_Driver/Src/stm32f3xx_hal_uart.c" -mcpu=cortex-m4 -std=gnu11 -g3 -DDEBUG -DUSE_HAL_DRIVER -DSTM32F303xE -c -I../Core/Inc -I../Drivers/STM32F3xx_HAL_Driver/Inc -I../Drivers/STM32F3xx_HAL_Driver/Inc/Legacy -I../Drivers/CMSIS/Device/ST/STM32F3xx/Include -I../Drivers/CMSIS/Include -O0 -ffunction-sections -fdata-sections -Wall -fstack-usage -MMD -MP -MF"Drivers/STM32F3xx_HAL_Driver/Src/stm32f3xx_hal_uart.d" -MT"Drivers/STM32F3xx_HAL_Driver/Src/stm32f3xx_hal_uart.o" --specs=nano.specs -mfpu=fpv4-sp-d16 -mfloat-abi=hard -mthumb -o "Drivers/STM32F3xx_HAL_Driver/Src/stm32f3xx_hal_uart.o"
[...]
      |               ^~~~~~~~~
../Core/Src/main.c: In function 'avg_freq':
../Core/Src/main.c:677:14: warning: unused variable 'postAVGweight' [-Wunused-variable]
  677 |  const float postAVGweight = (0.05);
      |              ^~~~~~~~~~~~~
../Core/Src/main.c:675:12: warning: unused variable 'fcurrFreq' [-Wunused-variable]
  675 |      float fcurrFreq = 0.0;
      |            ^~~~~~~~~
../Core/Src/main.c:674:15: warning: unused variable 'fsaveFreq' [-Wunused-variable]
  674 |  static float fsaveFreq = 0.0;
      |               ^~~~~~~~~
At top level:
../Core/Src/main.c:674:15: warning: 'fsaveFreq' defined but not used [-Wunused-variable]
arm-none-eabi-gcc -o "proximity_Bruce.elf" @"objects.list"   -mcpu=cortex-m4 -T"C:\Users\bruce.lee\STM32CubeIDE\workspace_1.9.0\proximity_Bruce\STM32F303RETX_FLASH.ld" --specs=nosys.specs -Wl,-Map="proximity_Bruce.map" -Wl,--gc-sections -static --specs=nano.specs -mfpu=fpv4-sp-d16 -mfloat-abi=hard -mthumb -u _printf_float -Wl,--start-group -lc -lm -Wl,--end-group
Finished building target: proximity_Bruce.elf
 
arm-none-eabi-size   proximity_Bruce.elf 
arm-none-eabi-objdump -h -S  proximity_Bruce.elf  > "proximity_Bruce.list"
   text	   data	    bss	    dec	    hex	filename
  36392	    492	   2500	  39384	   99d8	proximity_Bruce.elf
Finished building: default.size.stdout
 
Finished building: proximity_Bruce.list
 
10:28:42 **** Incremental Build of configuration Debug for project proximity_Bruce ****
make -j4 all 
arm-none-eabi-gcc "../Core/Src/main.c" -mcpu=cortex-m4 -std=gnu11 -g3 -DDEBUG -DUSE_HAL_DRIVER -DSTM32F303xE -c -I../Core/Inc -I../Drivers/STM32F3xx_HAL_Driver/Inc -I../Drivers/STM32F3xx_HAL_Driver/Inc/Legacy -I../Drivers/CMSIS/Device/ST/STM32F3xx/Include -I../Drivers/CMSIS/Include -O0 -ffunction-sections -fdata-sections -Wall -fstack-usage -MMD -MP -MF"Core/Src/main.d" -MT"Core/Src/main.o" --specs=nano.specs -mfpu=fpv4-sp-d16 -mfloat-abi=hard -mthumb -o "Core/Src/main.o"
../Core/Src/main.c:113:1: warning: data definition has no type or storage class
  113 | calibration_check = 1;
      | ^~~~~~~~~~~~~~~~~
../Core/Src/main.c:113:1: warning: type defaults to 'int' in declaration of 'calibration_check' [-Wimplicit-int]
../Core/Src/main.c: In function 'task10ms':
../Core/Src/main.c:213:10: warning: implicit declaration of function 'abs' [-Wimplicit-function-declaration]
  213 |       if(abs(present - avg) < 12*offset) {
      |          ^~~
../Core/Src/main.c:213:22: warning: 'abs' argument 1 promotes to 'uint32_t' {aka 'long unsigned int'} where 'int' is expected in a call to built-in function declared without prototype [-Wbuiltin-declaration-mismatch]
  213 |       if(abs(present - avg) < 12*offset) {
      |              ~~~~~~~~^~~~~
<built-in>: note: built-in 'abs' declared here
../Core/Src/main.c:210:4: warning: enumeration value 'xePOCFD_PowerOn' not handled in switch [-Wswitch]
  210 |    switch(xe_WearValueState) {
      |    ^~~~~~
../Core/Src/main.c:207:9: warning: unused variable 'TransferMin' [-Wunused-variable]
  207 |   float TransferMin = 0.0;
      |         ^~~~~~~~~~~
../Core/Src/main.c:206:9: warning: unused variable 'TransferMax' [-Wunused-variable]
  206 |   float TransferMax = 2*cfOffsetValue;
      |         ^~~~~~~~~~~
../Core/Src/main.c:189:9: warning: unused variable 'fPostAvgFrequency' [-Wunused-variable]
  189 |   float fPostAvgFrequency = Get0d25PostAvg-fMinBoundary;
      |         ^~~~~~~~~~~~~~~~~
../Core/Src/main.c:187:9: warning: unused variable 'fMaxBoundary' [-Wunused-variable]
  187 |   float fMaxBoundary = Get0d05PostAvg+cfOffsetValue;
      |         ^~~~~~~~~~~~
../Core/Src/main.c: In function 'calibration_away_task':
../Core/Src/main.c:319:39: warning: format '%d' expects argument of type 'int', but argument 4 has type 'uint32_t' {aka 'long unsigned int'} [-Wformat=]
  319 |  snprintf(tx_buff, Buff_len, "freq = %d\r\n", avg);
      |                                      ~^       ~~~
      |                                       |       |
      |                                       int     uint32_t {aka long unsigned int}
      |                                      %ld
../Core/Src/main.c: In function 'calibration_close_task':
../Core/Src/main.c:345:39: warning: format '%d' expects argument of type 'int', but argument 4 has type 'uint32_t' {aka 'long unsigned int'} [-Wformat=]
  345 |  snprintf(tx_buff, Buff_len, "freq = %d\r\n", avg);
      |                                      ~^       ~~~
      |                                       |       |
      |                                       int     uint32_t {aka long unsigned int}
      |                                      %ld
../Core/Src/main.c: In function 'present_freq':
../Core/Src/main.c:662:15: warning: variable 'fsaveFreq' set but not used [-Wunused-but-set-variable]
  662 |  static float fsaveFreq = 0.0;
      |               ^~~~~~~~~
../Core/Src/main.c: In function 'avg_freq':
../Core/Src/main.c:677:14: warning: unused variable 'postAVGweight' [-Wunused-variable]
  677 |  const float postAVGweight = (0.05);
      |              ^~~~~~~~~~~~~
../Core/Src/main.c:675:12: warning: unused variable 'fcurrFreq' [-Wunused-variable]
  675 |      float fcurrFreq = 0.0;
      |            ^~~~~~~~~
../Core/Src/main.c:674:15: warning: unused variable 'fsaveFreq' [-Wunused-variable]
  674 |  static float fsaveFreq = 0.0;
      |               ^~~~~~~~~
At top level:
../Core/Src/main.c:674:15: warning: 'fsaveFreq' defined but not used [-Wunused-variable]
arm-none-eabi-gcc -o "proximity_Bruce.elf" @"objects.list"   -mcpu=cortex-m4 -T"C:\Users\bruce.lee\STM32CubeIDE\workspace_1.9.0\proximity_Bruce\STM32F303RETX_FLASH.ld" --specs=nosys.specs -Wl,-Map="proximity_Bruce.map" -Wl,--gc-sections -static --specs=nano.specs -mfpu=fpv4-sp-d16 -mfloat-abi=hard -mthumb -u _printf_float -Wl,--start-group -lc -lm -Wl,--end-group
Finished building target: proximity_Bruce.elf
 
arm-none-eabi-size   proximity_Bruce.elf 
arm-none-eabi-objdump -h -S  proximity_Bruce.elf  > "proximity_Bruce.list"
   text	   data	    bss	    dec	    hex	filename
  36272	    492	   2500	  39264	   9960	proximity_Bruce.elf
Finished building: default.size.stdout
 
Finished building: proximity_Bruce.list
 
10:30:00 **** Incremental Build of configuration Debug for project proximity_Bruce ****
make -j4 all 
arm-none-eabi-gcc "../Core/Src/main.c" -mcpu=cortex-m4 -std=gnu11 -g3 -DDEBUG -DUSE_HAL_DRIVER -DSTM32F303xE -c -I../Core/Inc -I../Drivers/STM32F3xx_HAL_Driver/Inc -I../Drivers/STM32F3xx_HAL_Driver/Inc/Legacy -I../Drivers/CMSIS/Device/ST/STM32F3xx/Include -I../Drivers/CMSIS/Include -O0 -ffunction-sections -fdata-sections -Wall -fstack-usage -MMD -MP -MF"Core/Src/main.d" -MT"Core/Src/main.o" --specs=nano.specs -mfpu=fpv4-sp-d16 -mfloat-abi=hard -mthumb -o "Core/Src/main.o"
../Core/Src/main.c:113:1: warning: data definition has no type or storage class
  113 | calibration_check = 1;
      | ^~~~~~~~~~~~~~~~~
../Core/Src/main.c:113:1: warning: type defaults to 'int' in declaration of 'calibration_check' [-Wimplicit-int]
../Core/Src/main.c: In function 'task10ms':
../Core/Src/main.c:213:10: warning: implicit declaration of function 'abs' [-Wimplicit-function-declaration]
  213 |       if(abs(present - avg) < 12*offset) {
      |          ^~~
../Core/Src/main.c:213:22: warning: 'abs' argument 1 promotes to 'double' where 'int' is expected in a call to built-in function declared without prototype [-Wbuiltin-declaration-mismatch]
  213 |       if(abs(present - avg) < 12*offset) {
      |              ~~~~~~~~^~~~~
<built-in>: note: built-in 'abs' declared here
../Core/Src/main.c:210:4: warning: enumeration value 'xePOCFD_PowerOn' not handled in switch [-Wswitch]
  210 |    switch(xe_WearValueState) {
      |    ^~~~~~
../Core/Src/main.c:207:9: warning: unused variable 'TransferMin' [-Wunused-variable]
  207 |   float TransferMin = 0.0;
      |         ^~~~~~~~~~~
../Core/Src/main.c:206:9: warning: unused variable 'TransferMax' [-Wunused-variable]
  206 |   float TransferMax = 2*cfOffsetValue;
      |         ^~~~~~~~~~~
../Core/Src/main.c:189:9: warning: unused variable 'fPostAvgFrequency' [-Wunused-variable]
  189 |   float fPostAvgFrequency = Get0d25PostAvg-fMinBoundary;
      |         ^~~~~~~~~~~~~~~~~
../Core/Src/main.c:187:9: warning: unused variable 'fMaxBoundary' [-Wunused-variable]
  187 |   float fMaxBoundary = Get0d05PostAvg+cfOffsetValue;
      |         ^~~~~~~~~~~~
../Core/Src/main.c: In function 'calibration_away_task':
../Core/Src/main.c:319:39: warning: format '%d' expects argument of type 'int', but argument 4 has type 'uint32_t' {aka 'long unsigned int'} [-Wformat=]
  319 |  snprintf(tx_buff, Buff_len, "freq = %d\r\n", avg);
      |                                      ~^       ~~~
      |                                       |       |
      |                                       int     uint32_t {aka long unsigned int}
      |                                      %ld
../Core/Src/main.c: In function 'calibration_close_task':
../Core/Src/main.c:345:39: warning: format '%d' expects argument of type 'int', but argument 4 has type 'uint32_t' {aka 'long unsigned int'} [-Wformat=]
  345 |  snprintf(tx_buff, Buff_len, "freq = %d\r\n", avg);
      |                                      ~^       ~~~
      |                                       |       |
      |                                       int     uint32_t {aka long unsigned int}
      |                                      %ld
../Core/Src/main.c: In function 'avg_freq':
../Core/Src/main.c:677:14: warning: unused variable 'postAVGweight' [-Wunused-variable]
  677 |  const float postAVGweight = (0.05);
      |              ^~~~~~~~~~~~~
../Core/Src/main.c:675:12: warning: unused variable 'fcurrFreq' [-Wunused-variable]
  675 |      float fcurrFreq = 0.0;
      |            ^~~~~~~~~
../Core/Src/main.c:674:15: warning: unused variable 'fsaveFreq' [-Wunused-variable]
  674 |  static float fsaveFreq = 0.0;
      |               ^~~~~~~~~
At top level:
../Core/Src/main.c:674:15: warning: 'fsaveFreq' defined but not used [-Wunused-variable]
arm-none-eabi-gcc -o "proximity_Bruce.elf" @"objects.list"   -mcpu=cortex-m4 -T"C:\Users\bruce.lee\STM32CubeIDE\workspace_1.9.0\proximity_Bruce\STM32F303RETX_FLASH.ld" --specs=nosys.specs -Wl,-Map="proximity_Bruce.map" -Wl,--gc-sections -static --specs=nano.specs -mfpu=fpv4-sp-d16 -mfloat-abi=hard -mthumb -u _printf_float -Wl,--start-group -lc -lm -Wl,--end-group
Finished building target: proximity_Bruce.elf
 
arm-none-eabi-size   proximity_Bruce.elf 
arm-none-eabi-objdump -h -S  proximity_Bruce.elf  > "proximity_Bruce.list"
   text	   data	    bss	    dec	    hex	filename
  36352	    492	   2500	  39344	   99b0	proximity_Bruce.elf
Finished building: default.size.stdout
 
Finished building: proximity_Bruce.list
 
10:33:36 **** Incremental Build of configuration Debug for project proximity_Bruce ****
make -j4 all 
arm-none-eabi-gcc "../Core/Src/main.c" -mcpu=cortex-m4 -std=gnu11 -g3 -DDEBUG -DUSE_HAL_DRIVER -DSTM32F303xE -c -I../Core/Inc -I../Drivers/STM32F3xx_HAL_Driver/Inc -I../Drivers/STM32F3xx_HAL_Driver/Inc/Legacy -I../Drivers/CMSIS/Device/ST/STM32F3xx/Include -I../Drivers/CMSIS/Include -O0 -ffunction-sections -fdata-sections -Wall -fstack-usage -MMD -MP -MF"Core/Src/main.d" -MT"Core/Src/main.o" --specs=nano.specs -mfpu=fpv4-sp-d16 -mfloat-abi=hard -mthumb -o "Core/Src/main.o"
../Core/Src/main.c:113:1: warning: data definition has no type or storage class
  113 | calibration_check = 1;
      | ^~~~~~~~~~~~~~~~~
../Core/Src/main.c:113:1: warning: type defaults to 'int' in declaration of 'calibration_check' [-Wimplicit-int]
../Core/Src/main.c: In function 'task10ms':
../Core/Src/main.c:213:10: warning: implicit declaration of function 'abs' [-Wimplicit-function-declaration]
  213 |       if(abs(present - avg) < 12*offset) {
      |          ^~~
../Core/Src/main.c:213:22: warning: 'abs' argument 1 promotes to 'double' where 'int' is expected in a call to built-in function declared without prototype [-Wbuiltin-declaration-mismatch]
  213 |       if(abs(present - avg) < 12*offset) {
      |              ~~~~~~~~^~~~~
<built-in>: note: built-in 'abs' declared here
../Core/Src/main.c:210:4: warning: enumeration value 'xePOCFD_PowerOn' not handled in switch [-Wswitch]
  210 |    switch(xe_WearValueState) {
      |    ^~~~~~
../Core/Src/main.c:207:9: warning: unused variable 'TransferMin' [-Wunused-variable]
  207 |   float TransferMin = 0.0;
      |         ^~~~~~~~~~~
../Core/Src/main.c:206:9: warning: unused variable 'TransferMax' [-Wunused-variable]
  206 |   float TransferMax = 2*cfOffsetValue;
      |         ^~~~~~~~~~~
../Core/Src/main.c:189:9: warning: unused variable 'fPostAvgFrequency' [-Wunused-variable]
  189 |   float fPostAvgFrequency = Get0d25PostAvg-fMinBoundary;
      |         ^~~~~~~~~~~~~~~~~
../Core/Src/main.c:187:9: warning: unused variable 'fMaxBoundary' [-Wunused-variable]
  187 |   float fMaxBoundary = Get0d05PostAvg+cfOffsetValue;
      |         ^~~~~~~~~~~~
../Core/Src/main.c: In function 'calibration_away_task':
../Core/Src/main.c:319:39: warning: format '%d' expects argument of type 'int', but argument 4 has type 'uint32_t' {aka 'long unsigned int'} [-Wformat=]
  319 |  snprintf(tx_buff, Buff_len, "freq = %d\r\n", avg);
      |                                      ~^       ~~~
      |                                       |       |
      |                                       int     uint32_t {aka long unsigned int}
      |                                      %ld
../Core/Src/main.c: In function 'calibration_close_task':
../Core/Src/main.c:345:39: warning: format '%d' expects argument of type 'int', but argument 4 has type 'uint32_t' {aka 'long unsigned int'} [-Wformat=]
  345 |  snprintf(tx_buff, Buff_len, "freq = %d\r\n", avg);
      |                                      ~^       ~~~
      |                                       |       |
      |                                       int     uint32_t {aka long unsigned int}
      |                                      %ld
../Core/Src/main.c: In function 'avg_freq':
../Core/Src/main.c:677:14: warning: unused variable 'postAVGweight' [-Wunused-variable]
  677 |  const float postAVGweight = (0.05);
      |              ^~~~~~~~~~~~~
../Core/Src/main.c:675:12: warning: unused variable 'fcurrFreq' [-Wunused-variable]
  675 |      float fcurrFreq = 0.0;
      |            ^~~~~~~~~
../Core/Src/main.c:674:15: warning: unused variable 'fsaveFreq' [-Wunused-variable]
  674 |  static float fsaveFreq = 0.0;
      |               ^~~~~~~~~
At top level:
../Core/Src/main.c:674:15: warning: 'fsaveFreq' defined but not used [-Wunused-variable]
arm-none-eabi-gcc -o "proximity_Bruce.elf" @"objects.list"   -mcpu=cortex-m4 -T"C:\Users\bruce.lee\STM32CubeIDE\workspace_1.9.0\proximity_Bruce\STM32F303RETX_FLASH.ld" --specs=nosys.specs -Wl,-Map="proximity_Bruce.map" -Wl,--gc-sections -static --specs=nano.specs -mfpu=fpv4-sp-d16 -mfloat-abi=hard -mthumb -u _printf_float -Wl,--start-group -lc -lm -Wl,--end-group
Finished building target: proximity_Bruce.elf
 
arm-none-eabi-size   proximity_Bruce.elf 
arm-none-eabi-objdump -h -S  proximity_Bruce.elf  > "proximity_Bruce.list"
   text	   data	    bss	    dec	    hex	filename
  36328	    492	   2500	  39320	   9998	proximity_Bruce.elf
Finished building: default.size.stdout
 
Finished building: proximity_Bruce.list
 
10:37:35 **** Incremental Build of configuration Debug for project proximity_Bruce ****
make -j4 all 
arm-none-eabi-gcc "../Core/Src/main.c" -mcpu=cortex-m4 -std=gnu11 -g3 -DDEBUG -DUSE_HAL_DRIVER -DSTM32F303xE -c -I../Core/Inc -I../Drivers/STM32F3xx_HAL_Driver/Inc -I../Drivers/STM32F3xx_HAL_Driver/Inc/Legacy -I../Drivers/CMSIS/Device/ST/STM32F3xx/Include -I../Drivers/CMSIS/Include -O0 -ffunction-sections -fdata-sections -Wall -fstack-usage -MMD -MP -MF"Core/Src/main.d" -MT"Core/Src/main.o" --specs=nano.specs -mfpu=fpv4-sp-d16 -mfloat-abi=hard -mthumb -o "Core/Src/main.o"
../Core/Src/main.c:113:1: warning: data definition has no type or storage class
  113 | calibration_check = 1;
      | ^~~~~~~~~~~~~~~~~
../Core/Src/main.c:113:1: warning: type defaults to 'int' in declaration of 'calibration_check' [-Wimplicit-int]
../Core/Src/main.c: In function 'task10ms':
../Core/Src/main.c:213:10: warning: implicit declaration of function 'abs' [-Wimplicit-function-declaration]
  213 |       if(abs(present - avg) < 13*offset) {
      |          ^~~
../Core/Src/main.c:213:22: warning: 'abs' argument 1 promotes to 'double' where 'int' is expected in a call to built-in function declared without prototype [-Wbuiltin-declaration-mismatch]
  213 |       if(abs(present - avg) < 13*offset) {
      |              ~~~~~~~~^~~~~
<built-in>: note: built-in 'abs' declared here
../Core/Src/main.c:210:4: warning: enumeration value 'xePOCFD_PowerOn' not handled in switch [-Wswitch]
  210 |    switch(xe_WearValueState) {
      |    ^~~~~~
../Core/Src/main.c:207:9: warning: unused variable 'TransferMin' [-Wunused-variable]
  207 |   float TransferMin = 0.0;
      |         ^~~~~~~~~~~
../Core/Src/main.c:206:9: warning: unused variable 'TransferMax' [-Wunused-variable]
  206 |   float TransferMax = 2*cfOffsetValue;
      |         ^~~~~~~~~~~
../Core/Src/main.c:189:9: warning: unused variable 'fPostAvgFrequency' [-Wunused-variable]
  189 |   float fPostAvgFrequency = Get0d25PostAvg-fMinBoundary;
      |         ^~~~~~~~~~~~~~~~~
../Core/Src/main.c:187:9: warning: unused variable 'fMaxBoundary' [-Wunused-variable]
  187 |   float fMaxBoundary = Get0d05PostAvg+cfOffsetValue;
      |         ^~~~~~~~~~~~
../Core/Src/main.c: In function 'calibration_away_task':
../Core/Src/main.c:319:39: warning: format '%d' expects argument of type 'int', but argument 4 has type 'uint32_t' {aka 'long unsigned int'} [-Wformat=]
  319 |  snprintf(tx_buff, Buff_len, "freq = %d\r\n", avg);
      |                                      ~^       ~~~
      |                                       |       |
      |                                       int     uint32_t {aka long unsigned int}
      |                                      %ld
../Core/Src/main.c: In function 'calibration_close_task':
../Core/Src/main.c:345:39: warning: format '%d' expects argument of type 'int', but argument 4 has type 'uint32_t' {aka 'long unsigned int'} [-Wformat=]
  345 |  snprintf(tx_buff, Buff_len, "freq = %d\r\n", avg);
      |                                      ~^       ~~~
      |                                       |       |
      |                                       int     uint32_t {aka long unsigned int}
      |                                      %ld
../Core/Src/main.c: In function 'avg_freq':
../Core/Src/main.c:677:14: warning: unused variable 'postAVGweight' [-Wunused-variable]
  677 |  const float postAVGweight = (0.05);
      |              ^~~~~~~~~~~~~
../Core/Src/main.c:675:12: warning: unused variable 'fcurrFreq' [-Wunused-variable]
  675 |      float fcurrFreq = 0.0;
      |            ^~~~~~~~~
../Core/Src/main.c:674:15: warning: unused variable 'fsaveFreq' [-Wunused-variable]
  674 |  static float fsaveFreq = 0.0;
      |               ^~~~~~~~~
At top level:
../Core/Src/main.c:674:15: warning: 'fsaveFreq' defined but not used [-Wunused-variable]
arm-none-eabi-gcc -o "proximity_Bruce.elf" @"objects.list"   -mcpu=cortex-m4 -T"C:\Users\bruce.lee\STM32CubeIDE\workspace_1.9.0\proximity_Bruce\STM32F303RETX_FLASH.ld" --specs=nosys.specs -Wl,-Map="proximity_Bruce.map" -Wl,--gc-sections -static --specs=nano.specs -mfpu=fpv4-sp-d16 -mfloat-abi=hard -mthumb -u _printf_float -Wl,--start-group -lc -lm -Wl,--end-group
Finished building target: proximity_Bruce.elf
 
arm-none-eabi-size   proximity_Bruce.elf 
arm-none-eabi-objdump -h -S  proximity_Bruce.elf  > "proximity_Bruce.list"
   text	   data	    bss	    dec	    hex	filename
  36328	    492	   2500	  39320	   9998	proximity_Bruce.elf
Finished building: default.size.stdout
 
Finished building: proximity_Bruce.list
 
